{
    "bowtie2": {
        "content": [
            274,
            {
                "ANNOTATE_BOOLEAN_PEAKS": {
                    "sed": 4.7
                },
                "BAMTOOLS_FILTER": {
                    "bamtools": "2.5.2",
                    "samtools": "1.15.1"
                },
                "BAM_REMOVE_ORPHANS": {
                    "samtools": "1.15.1"
                },
                "BEDTOOLS_GENOMECOV": {
                    "bedtools": "2.31.1"
                },
                "BOWTIE2_ALIGN": {
                    "bowtie2": "2.5.2",
                    "pigz": 2.6,
                    "samtools": 1.18
                },
                "BOWTIE2_BUILD": {
                    "bowtie2": "2.5.2"
                },
                "CUSTOM_GETCHROMSIZES": {
                    "getchromsizes": 1.2
                },
                "DESEQ2_QC": {
                    "bioconductor-deseq2": "1.28.0",
                    "r-base": "4.0.3"
                },
                "FASTQC": {
                    "fastqc": "0.12.1"
                },
                "FRIP_SCORE": {
                    "bedtools": "2.30.0",
                    "samtools": "1.15.1"
                },
                "GENOME_BLACKLIST_REGIONS": {
                    "bedtools": "2.30.0"
                },
                "GTF2BED": {
                    "perl": "5.26.2"
                },
                "HOMER_ANNOTATEPEAKS": {
                    "homer": 4.11
                },
                "IGV": {
                    "python": "3.8.3"
                },
                "MACS3_CALLPEAK": {
                    "macs3": "3.0.1"
                },
                "MACS3_CONSENSUS": {
                    "python": "3.10.0",
                    "r-base": "4.1.1"
                },
                "MERGED_LIBRARY_DEEPTOOLS_COMPUTEMATRIX": {
                    "deeptools": "3.5.5"
                },
                "MERGED_LIBRARY_DEEPTOOLS_PLOTFINGERPRINT": {
                    "deeptools": "3.5.5"
                },
                "MERGED_LIBRARY_DEEPTOOLS_PLOTHEATMAP": {
                    "deeptools": "3.5.5"
                },
                "MERGED_LIBRARY_DEEPTOOLS_PLOTPROFILE": {
                    "deeptools": "3.5.5"
                },
                "MERGED_LIBRARY_PHANTOMPEAKQUALTOOLS": {
                    "phantompeakqualtools": "1.2.2"
                },
                "MERGED_LIBRARY_PICARD_COLLECTMULTIPLEMETRICS": {
                    "picard": "3.2.0-1-g3948afb6b"
                },
                "MERGED_REPLICATE_DEEPTOOLS_COMPUTEMATRIX": {
                    "deeptools": "3.5.5"
                },
                "MERGED_REPLICATE_DEEPTOOLS_PLOTFINGERPRINT": {
                    "deeptools": "3.5.5"
                },
                "MERGED_REPLICATE_DEEPTOOLS_PLOTHEATMAP": {
                    "deeptools": "3.5.5"
                },
                "MERGED_REPLICATE_DEEPTOOLS_PLOTPROFILE": {
                    "deeptools": "3.5.5"
                },
                "MERGED_REPLICATE_PHANTOMPEAKQUALTOOLS": {
                    "phantompeakqualtools": "1.2.2"
                },
                "MERGED_REPLICATE_PICARD_COLLECTMULTIPLEMETRICS": {
                    "picard": "3.2.0-1-g3948afb6b"
                },
                "MULTIQC_CUSTOM_PEAKS": {
                    "sed": 4.7
                },
                "PICARD_MARKDUPLICATES": {
                    "picard": "3.2.0-1-g3948afb6b"
                },
                "PICARD_MERGESAMFILES_LIBRARY": {
                    "picard": "3.4.0"
                },
                "PICARD_MERGESAMFILES_REPLICATE": {
                    "picard": "3.4.0"
                },
                "PLOT_HOMER_ANNOTATEPEAKS": {
                    "r-base": "4.0.3"
                },
                "PLOT_MACS3_QC": {
                    "r-base": "4.0.3"
                },
                "SAMPLESHEET_CHECK": {
                    "python": "3.8.3"
                },
                "SAMTOOLS_FLAGSTAT": {
                    "samtools": "1.22.1"
                },
                "SAMTOOLS_IDXSTATS": {
                    "samtools": 1.2
                },
                "SAMTOOLS_INDEX": {
                    "samtools": 1.2
                },
                "SAMTOOLS_SORT": {
                    "samtools": 1.2
                },
                "SAMTOOLS_STATS": {
                    "samtools": 1.2
                },
                "SUBREAD_FEATURECOUNTS": {
                    "subread": "2.0.1"
                },
                "TRIMGALORE": {
                    "cutadapt": 3.4,
                    "trimgalore": "0.6.7"
                },
                "UCSC_BEDGRAPHTOBIGWIG": {
                    "ucsc": 445
                },
                "Workflow": {
                    "nf-core/chipseq": "v2.2.0dev"
                }
            },
            [
                "bowtie2",
                "bowtie2/merged_library",
                "bowtie2/merged_library/SPT5_INPUT_REP1.mLb.clN.sorted.bam",
                "bowtie2/merged_library/SPT5_INPUT_REP1.mLb.clN.sorted.bam.bai",
                "bowtie2/merged_library/SPT5_INPUT_REP2.mLb.clN.sorted.bam",
                "bowtie2/merged_library/SPT5_INPUT_REP2.mLb.clN.sorted.bam.bai",
                "bowtie2/merged_library/SPT5_T0_REP1.mLb.clN.sorted.bam",
                "bowtie2/merged_library/SPT5_T0_REP1.mLb.clN.sorted.bam.bai",
                "bowtie2/merged_library/SPT5_T0_REP2.mLb.clN.sorted.bam",
                "bowtie2/merged_library/SPT5_T0_REP2.mLb.clN.sorted.bam.bai",
                "bowtie2/merged_library/SPT5_T15_REP1.mLb.clN.sorted.bam",
                "bowtie2/merged_library/SPT5_T15_REP1.mLb.clN.sorted.bam.bai",
                "bowtie2/merged_library/SPT5_T15_REP2.mLb.clN.sorted.bam",
                "bowtie2/merged_library/SPT5_T15_REP2.mLb.clN.sorted.bam.bai",
                "bowtie2/merged_library/bigwig",
                "bowtie2/merged_library/bigwig/SPT5_INPUT_REP1.mLB.clN.bedGraph",
                "bowtie2/merged_library/bigwig/SPT5_INPUT_REP1.mLb.clN.bigWig",
                "bowtie2/merged_library/bigwig/SPT5_INPUT_REP2.mLB.clN.bedGraph",
                "bowtie2/merged_library/bigwig/SPT5_INPUT_REP2.mLb.clN.bigWig",
                "bowtie2/merged_library/bigwig/SPT5_T0_REP1.mLB.clN.bedGraph",
                "bowtie2/merged_library/bigwig/SPT5_T0_REP1.mLb.clN.bigWig",
                "bowtie2/merged_library/bigwig/SPT5_T0_REP2.mLB.clN.bedGraph",
                "bowtie2/merged_library/bigwig/SPT5_T0_REP2.mLb.clN.bigWig",
                "bowtie2/merged_library/bigwig/SPT5_T15_REP1.mLB.clN.bedGraph",
                "bowtie2/merged_library/bigwig/SPT5_T15_REP1.mLb.clN.bigWig",
                "bowtie2/merged_library/bigwig/SPT5_T15_REP2.mLB.clN.bedGraph",
                "bowtie2/merged_library/bigwig/SPT5_T15_REP2.mLb.clN.bigWig",
                "bowtie2/merged_library/deepTools",
                "bowtie2/merged_library/deepTools/plotFingerprint",
                "bowtie2/merged_library/deepTools/plotFingerprint/SPT5_T0_REP1.mLb.clN.plotFingerprint.pdf",
                "bowtie2/merged_library/deepTools/plotFingerprint/SPT5_T0_REP1.mLb.clN.plotFingerprint.qcmetrics.txt",
                "bowtie2/merged_library/deepTools/plotFingerprint/SPT5_T0_REP1.mLb.clN.plotFingerprint.raw.txt",
                "bowtie2/merged_library/deepTools/plotFingerprint/SPT5_T0_REP2.mLb.clN.plotFingerprint.pdf",
                "bowtie2/merged_library/deepTools/plotFingerprint/SPT5_T0_REP2.mLb.clN.plotFingerprint.qcmetrics.txt",
                "bowtie2/merged_library/deepTools/plotFingerprint/SPT5_T0_REP2.mLb.clN.plotFingerprint.raw.txt",
                "bowtie2/merged_library/deepTools/plotFingerprint/SPT5_T15_REP1.mLb.clN.plotFingerprint.pdf",
                "bowtie2/merged_library/deepTools/plotFingerprint/SPT5_T15_REP1.mLb.clN.plotFingerprint.qcmetrics.txt",
                "bowtie2/merged_library/deepTools/plotFingerprint/SPT5_T15_REP1.mLb.clN.plotFingerprint.raw.txt",
                "bowtie2/merged_library/deepTools/plotFingerprint/SPT5_T15_REP2.mLb.clN.plotFingerprint.pdf",
                "bowtie2/merged_library/deepTools/plotFingerprint/SPT5_T15_REP2.mLb.clN.plotFingerprint.qcmetrics.txt",
                "bowtie2/merged_library/deepTools/plotFingerprint/SPT5_T15_REP2.mLb.clN.plotFingerprint.raw.txt",
                "bowtie2/merged_library/deepTools/plotProfile",
                "bowtie2/merged_library/deepTools/plotProfile/SPT5_INPUT_REP1.mLb.clN.computeMatrix.mat.gz",
                "bowtie2/merged_library/deepTools/plotProfile/SPT5_INPUT_REP1.mLb.clN.computeMatrix.vals.mat.tab",
                "bowtie2/merged_library/deepTools/plotProfile/SPT5_INPUT_REP1.mLb.clN.plotHeatmap.mat.tab",
                "bowtie2/merged_library/deepTools/plotProfile/SPT5_INPUT_REP1.mLb.clN.plotHeatmap.pdf",
                "bowtie2/merged_library/deepTools/plotProfile/SPT5_INPUT_REP1.mLb.clN.plotProfile.pdf",
                "bowtie2/merged_library/deepTools/plotProfile/SPT5_INPUT_REP1.mLb.clN.plotProfile.tab",
                "bowtie2/merged_library/deepTools/plotProfile/SPT5_INPUT_REP2.mLb.clN.computeMatrix.mat.gz",
                "bowtie2/merged_library/deepTools/plotProfile/SPT5_INPUT_REP2.mLb.clN.computeMatrix.vals.mat.tab",
                "bowtie2/merged_library/deepTools/plotProfile/SPT5_INPUT_REP2.mLb.clN.plotHeatmap.mat.tab",
                "bowtie2/merged_library/deepTools/plotProfile/SPT5_INPUT_REP2.mLb.clN.plotHeatmap.pdf",
                "bowtie2/merged_library/deepTools/plotProfile/SPT5_INPUT_REP2.mLb.clN.plotProfile.pdf",
                "bowtie2/merged_library/deepTools/plotProfile/SPT5_INPUT_REP2.mLb.clN.plotProfile.tab",
                "bowtie2/merged_library/deepTools/plotProfile/SPT5_T0_REP1.mLb.clN.computeMatrix.mat.gz",
                "bowtie2/merged_library/deepTools/plotProfile/SPT5_T0_REP1.mLb.clN.computeMatrix.vals.mat.tab",
                "bowtie2/merged_library/deepTools/plotProfile/SPT5_T0_REP1.mLb.clN.plotHeatmap.mat.tab",
                "bowtie2/merged_library/deepTools/plotProfile/SPT5_T0_REP1.mLb.clN.plotHeatmap.pdf",
                "bowtie2/merged_library/deepTools/plotProfile/SPT5_T0_REP1.mLb.clN.plotProfile.pdf",
                "bowtie2/merged_library/deepTools/plotProfile/SPT5_T0_REP1.mLb.clN.plotProfile.tab",
                "bowtie2/merged_library/deepTools/plotProfile/SPT5_T0_REP2.mLb.clN.computeMatrix.mat.gz",
                "bowtie2/merged_library/deepTools/plotProfile/SPT5_T0_REP2.mLb.clN.computeMatrix.vals.mat.tab",
                "bowtie2/merged_library/deepTools/plotProfile/SPT5_T0_REP2.mLb.clN.plotHeatmap.mat.tab",
                "bowtie2/merged_library/deepTools/plotProfile/SPT5_T0_REP2.mLb.clN.plotHeatmap.pdf",
                "bowtie2/merged_library/deepTools/plotProfile/SPT5_T0_REP2.mLb.clN.plotProfile.pdf",
                "bowtie2/merged_library/deepTools/plotProfile/SPT5_T0_REP2.mLb.clN.plotProfile.tab",
                "bowtie2/merged_library/deepTools/plotProfile/SPT5_T15_REP1.mLb.clN.computeMatrix.mat.gz",
                "bowtie2/merged_library/deepTools/plotProfile/SPT5_T15_REP1.mLb.clN.computeMatrix.vals.mat.tab",
                "bowtie2/merged_library/deepTools/plotProfile/SPT5_T15_REP1.mLb.clN.plotHeatmap.mat.tab",
                "bowtie2/merged_library/deepTools/plotProfile/SPT5_T15_REP1.mLb.clN.plotHeatmap.pdf",
                "bowtie2/merged_library/deepTools/plotProfile/SPT5_T15_REP1.mLb.clN.plotProfile.pdf",
                "bowtie2/merged_library/deepTools/plotProfile/SPT5_T15_REP1.mLb.clN.plotProfile.tab",
                "bowtie2/merged_library/deepTools/plotProfile/SPT5_T15_REP2.mLb.clN.computeMatrix.mat.gz",
                "bowtie2/merged_library/deepTools/plotProfile/SPT5_T15_REP2.mLb.clN.computeMatrix.vals.mat.tab",
                "bowtie2/merged_library/deepTools/plotProfile/SPT5_T15_REP2.mLb.clN.plotHeatmap.mat.tab",
                "bowtie2/merged_library/deepTools/plotProfile/SPT5_T15_REP2.mLb.clN.plotHeatmap.pdf",
                "bowtie2/merged_library/deepTools/plotProfile/SPT5_T15_REP2.mLb.clN.plotProfile.pdf",
                "bowtie2/merged_library/deepTools/plotProfile/SPT5_T15_REP2.mLb.clN.plotProfile.tab",
                "bowtie2/merged_library/macs3",
                "bowtie2/merged_library/macs3/broad_peak",
                "bowtie2/merged_library/macs3/broad_peak/SPT5_T0_REP1_peaks.annotatePeaks.txt",
                "bowtie2/merged_library/macs3/broad_peak/SPT5_T0_REP1_peaks.broadPeak",
                "bowtie2/merged_library/macs3/broad_peak/SPT5_T0_REP1_peaks.gappedPeak",
                "bowtie2/merged_library/macs3/broad_peak/SPT5_T0_REP1_peaks.xls",
                "bowtie2/merged_library/macs3/broad_peak/SPT5_T0_REP2_peaks.annotatePeaks.txt",
                "bowtie2/merged_library/macs3/broad_peak/SPT5_T0_REP2_peaks.broadPeak",
                "bowtie2/merged_library/macs3/broad_peak/SPT5_T0_REP2_peaks.gappedPeak",
                "bowtie2/merged_library/macs3/broad_peak/SPT5_T0_REP2_peaks.xls",
                "bowtie2/merged_library/macs3/broad_peak/SPT5_T15_REP1_peaks.annotatePeaks.txt",
                "bowtie2/merged_library/macs3/broad_peak/SPT5_T15_REP1_peaks.broadPeak",
                "bowtie2/merged_library/macs3/broad_peak/SPT5_T15_REP1_peaks.gappedPeak",
                "bowtie2/merged_library/macs3/broad_peak/SPT5_T15_REP1_peaks.xls",
                "bowtie2/merged_library/macs3/broad_peak/SPT5_T15_REP2_peaks.annotatePeaks.txt",
                "bowtie2/merged_library/macs3/broad_peak/SPT5_T15_REP2_peaks.broadPeak",
                "bowtie2/merged_library/macs3/broad_peak/SPT5_T15_REP2_peaks.gappedPeak",
                "bowtie2/merged_library/macs3/broad_peak/SPT5_T15_REP2_peaks.xls",
                "bowtie2/merged_library/macs3/broad_peak/consensus",
                "bowtie2/merged_library/macs3/broad_peak/consensus/SPT5",
                "bowtie2/merged_library/macs3/broad_peak/consensus/SPT5/SPT5.consensus_peaks.annotatePeaks.txt",
                "bowtie2/merged_library/macs3/broad_peak/consensus/SPT5/SPT5.consensus_peaks.antibody.txt",
                "bowtie2/merged_library/macs3/broad_peak/consensus/SPT5/SPT5.consensus_peaks.bed",
                "bowtie2/merged_library/macs3/broad_peak/consensus/SPT5/SPT5.consensus_peaks.boolean.annotatePeaks.txt",
                "bowtie2/merged_library/macs3/broad_peak/consensus/SPT5/SPT5.consensus_peaks.boolean.intersect.plot.pdf",
                "bowtie2/merged_library/macs3/broad_peak/consensus/SPT5/SPT5.consensus_peaks.boolean.intersect.txt",
                "bowtie2/merged_library/macs3/broad_peak/consensus/SPT5/SPT5.consensus_peaks.boolean.txt",
                "bowtie2/merged_library/macs3/broad_peak/consensus/SPT5/SPT5.consensus_peaks.featureCounts.txt",
                "bowtie2/merged_library/macs3/broad_peak/consensus/SPT5/SPT5.consensus_peaks.featureCounts.txt.summary",
                "bowtie2/merged_library/macs3/broad_peak/consensus/SPT5/SPT5.consensus_peaks.saf",
                "bowtie2/merged_library/macs3/broad_peak/consensus/SPT5/deseq2",
                "bowtie2/merged_library/macs3/broad_peak/consensus/SPT5/deseq2/R_sessionInfo.log",
                "bowtie2/merged_library/macs3/broad_peak/consensus/SPT5/deseq2/SPT5.consensus_peaks.dds.RData",
                "bowtie2/merged_library/macs3/broad_peak/consensus/SPT5/deseq2/SPT5.consensus_peaks.pca.vals.txt",
                "bowtie2/merged_library/macs3/broad_peak/consensus/SPT5/deseq2/SPT5.consensus_peaks.pca.vals_mqc.tsv",
                "bowtie2/merged_library/macs3/broad_peak/consensus/SPT5/deseq2/SPT5.consensus_peaks.plots.pdf",
                "bowtie2/merged_library/macs3/broad_peak/consensus/SPT5/deseq2/SPT5.consensus_peaks.rds",
                "bowtie2/merged_library/macs3/broad_peak/consensus/SPT5/deseq2/SPT5.consensus_peaks.sample.dists.txt",
                "bowtie2/merged_library/macs3/broad_peak/consensus/SPT5/deseq2/SPT5.consensus_peaks.sample.dists_mqc.tsv",
                "bowtie2/merged_library/macs3/broad_peak/consensus/SPT5/deseq2/size_factors",
                "bowtie2/merged_library/macs3/broad_peak/consensus/SPT5/deseq2/size_factors/SPT5.consensus_peaks.size_factors.RData",
                "bowtie2/merged_library/macs3/broad_peak/consensus/SPT5/deseq2/size_factors/SPT5_T0_REP1.txt",
                "bowtie2/merged_library/macs3/broad_peak/consensus/SPT5/deseq2/size_factors/SPT5_T0_REP2.txt",
                "bowtie2/merged_library/macs3/broad_peak/consensus/SPT5/deseq2/size_factors/SPT5_T15_REP1.txt",
                "bowtie2/merged_library/macs3/broad_peak/consensus/SPT5/deseq2/size_factors/SPT5_T15_REP2.txt",
                "bowtie2/merged_library/macs3/broad_peak/qc",
                "bowtie2/merged_library/macs3/broad_peak/qc/SPT5_T0_REP1.FRiP_mqc.tsv",
                "bowtie2/merged_library/macs3/broad_peak/qc/SPT5_T0_REP1.peak_count_mqc.tsv",
                "bowtie2/merged_library/macs3/broad_peak/qc/SPT5_T0_REP2.FRiP_mqc.tsv",
                "bowtie2/merged_library/macs3/broad_peak/qc/SPT5_T0_REP2.peak_count_mqc.tsv",
                "bowtie2/merged_library/macs3/broad_peak/qc/SPT5_T15_REP1.FRiP_mqc.tsv",
                "bowtie2/merged_library/macs3/broad_peak/qc/SPT5_T15_REP1.peak_count_mqc.tsv",
                "bowtie2/merged_library/macs3/broad_peak/qc/SPT5_T15_REP2.FRiP_mqc.tsv",
                "bowtie2/merged_library/macs3/broad_peak/qc/SPT5_T15_REP2.peak_count_mqc.tsv",
                "bowtie2/merged_library/macs3/broad_peak/qc/macs3_annotatePeaks.plots.pdf",
                "bowtie2/merged_library/macs3/broad_peak/qc/macs3_annotatePeaks.summary.txt",
                "bowtie2/merged_library/macs3/broad_peak/qc/macs3_annotatePeaks.summary_mqc.tsv",
                "bowtie2/merged_library/macs3/broad_peak/qc/macs3_peak.plots.pdf",
                "bowtie2/merged_library/macs3/broad_peak/qc/macs3_peak.summary.txt",
                "bowtie2/merged_library/phantompeakqualtools",
                "bowtie2/merged_library/phantompeakqualtools/SPT5_INPUT_REP1.spp.out",
                "bowtie2/merged_library/phantompeakqualtools/SPT5_INPUT_REP1.spp.pdf",
                "bowtie2/merged_library/phantompeakqualtools/SPT5_INPUT_REP1.spp_correlation_mqc.tsv",
                "bowtie2/merged_library/phantompeakqualtools/SPT5_INPUT_REP1.spp_nsc_mqc.tsv",
                "bowtie2/merged_library/phantompeakqualtools/SPT5_INPUT_REP1.spp_rsc_mqc.tsv",
                "bowtie2/merged_library/phantompeakqualtools/SPT5_INPUT_REP2.spp.out",
                "bowtie2/merged_library/phantompeakqualtools/SPT5_INPUT_REP2.spp.pdf",
                "bowtie2/merged_library/phantompeakqualtools/SPT5_INPUT_REP2.spp_correlation_mqc.tsv",
                "bowtie2/merged_library/phantompeakqualtools/SPT5_INPUT_REP2.spp_nsc_mqc.tsv",
                "bowtie2/merged_library/phantompeakqualtools/SPT5_INPUT_REP2.spp_rsc_mqc.tsv",
                "bowtie2/merged_library/phantompeakqualtools/SPT5_T0_REP1.spp.out",
                "bowtie2/merged_library/phantompeakqualtools/SPT5_T0_REP1.spp.pdf",
                "bowtie2/merged_library/phantompeakqualtools/SPT5_T0_REP1.spp_correlation_mqc.tsv",
                "bowtie2/merged_library/phantompeakqualtools/SPT5_T0_REP1.spp_nsc_mqc.tsv",
                "bowtie2/merged_library/phantompeakqualtools/SPT5_T0_REP1.spp_rsc_mqc.tsv",
                "bowtie2/merged_library/phantompeakqualtools/SPT5_T0_REP2.spp.out",
                "bowtie2/merged_library/phantompeakqualtools/SPT5_T0_REP2.spp.pdf",
                "bowtie2/merged_library/phantompeakqualtools/SPT5_T0_REP2.spp_correlation_mqc.tsv",
                "bowtie2/merged_library/phantompeakqualtools/SPT5_T0_REP2.spp_nsc_mqc.tsv",
                "bowtie2/merged_library/phantompeakqualtools/SPT5_T0_REP2.spp_rsc_mqc.tsv",
                "bowtie2/merged_library/phantompeakqualtools/SPT5_T15_REP1.spp.out",
                "bowtie2/merged_library/phantompeakqualtools/SPT5_T15_REP1.spp.pdf",
                "bowtie2/merged_library/phantompeakqualtools/SPT5_T15_REP1.spp_correlation_mqc.tsv",
                "bowtie2/merged_library/phantompeakqualtools/SPT5_T15_REP1.spp_nsc_mqc.tsv",
                "bowtie2/merged_library/phantompeakqualtools/SPT5_T15_REP1.spp_rsc_mqc.tsv",
                "bowtie2/merged_library/phantompeakqualtools/SPT5_T15_REP2.spp.out",
                "bowtie2/merged_library/phantompeakqualtools/SPT5_T15_REP2.spp.pdf",
                "bowtie2/merged_library/phantompeakqualtools/SPT5_T15_REP2.spp_correlation_mqc.tsv",
                "bowtie2/merged_library/phantompeakqualtools/SPT5_T15_REP2.spp_nsc_mqc.tsv",
                "bowtie2/merged_library/phantompeakqualtools/SPT5_T15_REP2.spp_rsc_mqc.tsv",
                "bowtie2/merged_library/picard_metrics",
                "bowtie2/merged_library/picard_metrics/SPT5_INPUT_REP1.mLb.clN.sorted.CollectMultipleMetrics.alignment_summary_metrics",
                "bowtie2/merged_library/picard_metrics/SPT5_INPUT_REP1.mLb.clN.sorted.CollectMultipleMetrics.base_distribution_by_cycle_metrics",
                "bowtie2/merged_library/picard_metrics/SPT5_INPUT_REP1.mLb.clN.sorted.CollectMultipleMetrics.insert_size_metrics",
                "bowtie2/merged_library/picard_metrics/SPT5_INPUT_REP1.mLb.clN.sorted.CollectMultipleMetrics.quality_by_cycle_metrics",
                "bowtie2/merged_library/picard_metrics/SPT5_INPUT_REP1.mLb.clN.sorted.CollectMultipleMetrics.quality_distribution_metrics",
                "bowtie2/merged_library/picard_metrics/SPT5_INPUT_REP1.mLb.mkD.sorted.MarkDuplicates.metrics.txt",
                "bowtie2/merged_library/picard_metrics/SPT5_INPUT_REP2.mLb.clN.sorted.CollectMultipleMetrics.alignment_summary_metrics",
                "bowtie2/merged_library/picard_metrics/SPT5_INPUT_REP2.mLb.clN.sorted.CollectMultipleMetrics.base_distribution_by_cycle_metrics",
                "bowtie2/merged_library/picard_metrics/SPT5_INPUT_REP2.mLb.clN.sorted.CollectMultipleMetrics.insert_size_metrics",
                "bowtie2/merged_library/picard_metrics/SPT5_INPUT_REP2.mLb.clN.sorted.CollectMultipleMetrics.quality_by_cycle_metrics",
                "bowtie2/merged_library/picard_metrics/SPT5_INPUT_REP2.mLb.clN.sorted.CollectMultipleMetrics.quality_distribution_metrics",
                "bowtie2/merged_library/picard_metrics/SPT5_INPUT_REP2.mLb.mkD.sorted.MarkDuplicates.metrics.txt",
                "bowtie2/merged_library/picard_metrics/SPT5_T0_REP1.mLb.clN.sorted.CollectMultipleMetrics.alignment_summary_metrics",
                "bowtie2/merged_library/picard_metrics/SPT5_T0_REP1.mLb.clN.sorted.CollectMultipleMetrics.base_distribution_by_cycle_metrics",
                "bowtie2/merged_library/picard_metrics/SPT5_T0_REP1.mLb.clN.sorted.CollectMultipleMetrics.insert_size_metrics",
                "bowtie2/merged_library/picard_metrics/SPT5_T0_REP1.mLb.clN.sorted.CollectMultipleMetrics.quality_by_cycle_metrics",
                "bowtie2/merged_library/picard_metrics/SPT5_T0_REP1.mLb.clN.sorted.CollectMultipleMetrics.quality_distribution_metrics",
                "bowtie2/merged_library/picard_metrics/SPT5_T0_REP1.mLb.mkD.sorted.MarkDuplicates.metrics.txt",
                "bowtie2/merged_library/picard_metrics/SPT5_T0_REP2.mLb.clN.sorted.CollectMultipleMetrics.alignment_summary_metrics",
                "bowtie2/merged_library/picard_metrics/SPT5_T0_REP2.mLb.clN.sorted.CollectMultipleMetrics.base_distribution_by_cycle_metrics",
                "bowtie2/merged_library/picard_metrics/SPT5_T0_REP2.mLb.clN.sorted.CollectMultipleMetrics.insert_size_metrics",
                "bowtie2/merged_library/picard_metrics/SPT5_T0_REP2.mLb.clN.sorted.CollectMultipleMetrics.quality_by_cycle_metrics",
                "bowtie2/merged_library/picard_metrics/SPT5_T0_REP2.mLb.clN.sorted.CollectMultipleMetrics.quality_distribution_metrics",
                "bowtie2/merged_library/picard_metrics/SPT5_T0_REP2.mLb.mkD.sorted.MarkDuplicates.metrics.txt",
                "bowtie2/merged_library/picard_metrics/SPT5_T15_REP1.mLb.clN.sorted.CollectMultipleMetrics.alignment_summary_metrics",
                "bowtie2/merged_library/picard_metrics/SPT5_T15_REP1.mLb.clN.sorted.CollectMultipleMetrics.base_distribution_by_cycle_metrics",
                "bowtie2/merged_library/picard_metrics/SPT5_T15_REP1.mLb.clN.sorted.CollectMultipleMetrics.insert_size_metrics",
                "bowtie2/merged_library/picard_metrics/SPT5_T15_REP1.mLb.clN.sorted.CollectMultipleMetrics.quality_by_cycle_metrics",
                "bowtie2/merged_library/picard_metrics/SPT5_T15_REP1.mLb.clN.sorted.CollectMultipleMetrics.quality_distribution_metrics",
                "bowtie2/merged_library/picard_metrics/SPT5_T15_REP1.mLb.mkD.sorted.MarkDuplicates.metrics.txt",
                "bowtie2/merged_library/picard_metrics/SPT5_T15_REP2.mLb.clN.sorted.CollectMultipleMetrics.alignment_summary_metrics",
                "bowtie2/merged_library/picard_metrics/SPT5_T15_REP2.mLb.clN.sorted.CollectMultipleMetrics.base_distribution_by_cycle_metrics",
                "bowtie2/merged_library/picard_metrics/SPT5_T15_REP2.mLb.clN.sorted.CollectMultipleMetrics.insert_size_metrics",
                "bowtie2/merged_library/picard_metrics/SPT5_T15_REP2.mLb.clN.sorted.CollectMultipleMetrics.quality_by_cycle_metrics",
                "bowtie2/merged_library/picard_metrics/SPT5_T15_REP2.mLb.clN.sorted.CollectMultipleMetrics.quality_distribution_metrics",
                "bowtie2/merged_library/picard_metrics/SPT5_T15_REP2.mLb.mkD.sorted.MarkDuplicates.metrics.txt",
                "bowtie2/merged_library/picard_metrics/pdf",
                "bowtie2/merged_library/picard_metrics/pdf/SPT5_INPUT_REP1.mLb.clN.sorted.CollectMultipleMetrics.base_distribution_by_cycle.pdf",
                "bowtie2/merged_library/picard_metrics/pdf/SPT5_INPUT_REP1.mLb.clN.sorted.CollectMultipleMetrics.insert_size_histogram.pdf",
                "bowtie2/merged_library/picard_metrics/pdf/SPT5_INPUT_REP1.mLb.clN.sorted.CollectMultipleMetrics.quality_by_cycle.pdf",
                "bowtie2/merged_library/picard_metrics/pdf/SPT5_INPUT_REP1.mLb.clN.sorted.CollectMultipleMetrics.quality_distribution.pdf",
                "bowtie2/merged_library/picard_metrics/pdf/SPT5_INPUT_REP1.mLb.clN.sorted.CollectMultipleMetrics.read_length_histogram.pdf",
                "bowtie2/merged_library/picard_metrics/pdf/SPT5_INPUT_REP2.mLb.clN.sorted.CollectMultipleMetrics.base_distribution_by_cycle.pdf",
                "bowtie2/merged_library/picard_metrics/pdf/SPT5_INPUT_REP2.mLb.clN.sorted.CollectMultipleMetrics.insert_size_histogram.pdf",
                "bowtie2/merged_library/picard_metrics/pdf/SPT5_INPUT_REP2.mLb.clN.sorted.CollectMultipleMetrics.quality_by_cycle.pdf",
                "bowtie2/merged_library/picard_metrics/pdf/SPT5_INPUT_REP2.mLb.clN.sorted.CollectMultipleMetrics.quality_distribution.pdf",
                "bowtie2/merged_library/picard_metrics/pdf/SPT5_INPUT_REP2.mLb.clN.sorted.CollectMultipleMetrics.read_length_histogram.pdf",
                "bowtie2/merged_library/picard_metrics/pdf/SPT5_T0_REP1.mLb.clN.sorted.CollectMultipleMetrics.base_distribution_by_cycle.pdf",
                "bowtie2/merged_library/picard_metrics/pdf/SPT5_T0_REP1.mLb.clN.sorted.CollectMultipleMetrics.insert_size_histogram.pdf",
                "bowtie2/merged_library/picard_metrics/pdf/SPT5_T0_REP1.mLb.clN.sorted.CollectMultipleMetrics.quality_by_cycle.pdf",
                "bowtie2/merged_library/picard_metrics/pdf/SPT5_T0_REP1.mLb.clN.sorted.CollectMultipleMetrics.quality_distribution.pdf",
                "bowtie2/merged_library/picard_metrics/pdf/SPT5_T0_REP1.mLb.clN.sorted.CollectMultipleMetrics.read_length_histogram.pdf",
                "bowtie2/merged_library/picard_metrics/pdf/SPT5_T0_REP2.mLb.clN.sorted.CollectMultipleMetrics.base_distribution_by_cycle.pdf",
                "bowtie2/merged_library/picard_metrics/pdf/SPT5_T0_REP2.mLb.clN.sorted.CollectMultipleMetrics.insert_size_histogram.pdf",
                "bowtie2/merged_library/picard_metrics/pdf/SPT5_T0_REP2.mLb.clN.sorted.CollectMultipleMetrics.quality_by_cycle.pdf",
                "bowtie2/merged_library/picard_metrics/pdf/SPT5_T0_REP2.mLb.clN.sorted.CollectMultipleMetrics.quality_distribution.pdf",
                "bowtie2/merged_library/picard_metrics/pdf/SPT5_T0_REP2.mLb.clN.sorted.CollectMultipleMetrics.read_length_histogram.pdf",
                "bowtie2/merged_library/picard_metrics/pdf/SPT5_T15_REP1.mLb.clN.sorted.CollectMultipleMetrics.base_distribution_by_cycle.pdf",
                "bowtie2/merged_library/picard_metrics/pdf/SPT5_T15_REP1.mLb.clN.sorted.CollectMultipleMetrics.insert_size_histogram.pdf",
                "bowtie2/merged_library/picard_metrics/pdf/SPT5_T15_REP1.mLb.clN.sorted.CollectMultipleMetrics.quality_by_cycle.pdf",
                "bowtie2/merged_library/picard_metrics/pdf/SPT5_T15_REP1.mLb.clN.sorted.CollectMultipleMetrics.quality_distribution.pdf",
                "bowtie2/merged_library/picard_metrics/pdf/SPT5_T15_REP1.mLb.clN.sorted.CollectMultipleMetrics.read_length_histogram.pdf",
                "bowtie2/merged_library/picard_metrics/pdf/SPT5_T15_REP2.mLb.clN.sorted.CollectMultipleMetrics.base_distribution_by_cycle.pdf",
                "bowtie2/merged_library/picard_metrics/pdf/SPT5_T15_REP2.mLb.clN.sorted.CollectMultipleMetrics.insert_size_histogram.pdf",
                "bowtie2/merged_library/picard_metrics/pdf/SPT5_T15_REP2.mLb.clN.sorted.CollectMultipleMetrics.quality_by_cycle.pdf",
                "bowtie2/merged_library/picard_metrics/pdf/SPT5_T15_REP2.mLb.clN.sorted.CollectMultipleMetrics.quality_distribution.pdf",
                "bowtie2/merged_library/picard_metrics/pdf/SPT5_T15_REP2.mLb.clN.sorted.CollectMultipleMetrics.read_length_histogram.pdf",
                "bowtie2/merged_library/samtools_stats",
                "bowtie2/merged_library/samtools_stats/SPT5_INPUT_REP1.mLb.clN.sorted.bam.flagstat",
                "bowtie2/merged_library/samtools_stats/SPT5_INPUT_REP1.mLb.clN.sorted.bam.idxstats",
                "bowtie2/merged_library/samtools_stats/SPT5_INPUT_REP1.mLb.clN.sorted.bam.stats",
                "bowtie2/merged_library/samtools_stats/SPT5_INPUT_REP2.mLb.clN.sorted.bam.flagstat",
                "bowtie2/merged_library/samtools_stats/SPT5_INPUT_REP2.mLb.clN.sorted.bam.idxstats",
                "bowtie2/merged_library/samtools_stats/SPT5_INPUT_REP2.mLb.clN.sorted.bam.stats",
                "bowtie2/merged_library/samtools_stats/SPT5_T0_REP1.mLb.clN.sorted.bam.flagstat",
                "bowtie2/merged_library/samtools_stats/SPT5_T0_REP1.mLb.clN.sorted.bam.idxstats",
                "bowtie2/merged_library/samtools_stats/SPT5_T0_REP1.mLb.clN.sorted.bam.stats",
                "bowtie2/merged_library/samtools_stats/SPT5_T0_REP2.mLb.clN.sorted.bam.flagstat",
                "bowtie2/merged_library/samtools_stats/SPT5_T0_REP2.mLb.clN.sorted.bam.idxstats",
                "bowtie2/merged_library/samtools_stats/SPT5_T0_REP2.mLb.clN.sorted.bam.stats",
                "bowtie2/merged_library/samtools_stats/SPT5_T15_REP1.mLb.clN.sorted.bam.flagstat",
                "bowtie2/merged_library/samtools_stats/SPT5_T15_REP1.mLb.clN.sorted.bam.idxstats",
                "bowtie2/merged_library/samtools_stats/SPT5_T15_REP1.mLb.clN.sorted.bam.stats",
                "bowtie2/merged_library/samtools_stats/SPT5_T15_REP2.mLb.clN.sorted.bam.flagstat",
                "bowtie2/merged_library/samtools_stats/SPT5_T15_REP2.mLb.clN.sorted.bam.idxstats",
                "bowtie2/merged_library/samtools_stats/SPT5_T15_REP2.mLb.clN.sorted.bam.stats",
                "bowtie2/merged_replicate",
                "bowtie2/merged_replicate/SPT5_INPUT.mRp.clN.sorted.bam",
                "bowtie2/merged_replicate/SPT5_INPUT.mRp.clN.sorted.bam.bai",
                "bowtie2/merged_replicate/SPT5_T0.mRp.clN.sorted.bam",
                "bowtie2/merged_replicate/SPT5_T0.mRp.clN.sorted.bam.bai",
                "bowtie2/merged_replicate/SPT5_T15.mRp.clN.sorted.bam",
                "bowtie2/merged_replicate/SPT5_T15.mRp.clN.sorted.bam.bai",
                "bowtie2/merged_replicate/bigwig",
                "bowtie2/merged_replicate/bigwig/SPT5_INPUT.mRp.clN.bedGraph",
                "bowtie2/merged_replicate/bigwig/SPT5_INPUT.mRp.clN.bigWig",
                "bowtie2/merged_replicate/bigwig/SPT5_T0.mRp.clN.bedGraph",
                "bowtie2/merged_replicate/bigwig/SPT5_T0.mRp.clN.bigWig",
                "bowtie2/merged_replicate/bigwig/SPT5_T15.mRp.clN.bedGraph",
                "bowtie2/merged_replicate/bigwig/SPT5_T15.mRp.clN.bigWig",
                "bowtie2/merged_replicate/deepTools",
                "bowtie2/merged_replicate/deepTools/plotFingerprint",
                "bowtie2/merged_replicate/deepTools/plotFingerprint/SPT5_T0.mRp.clN.plotFingerprint.pdf",
                "bowtie2/merged_replicate/deepTools/plotFingerprint/SPT5_T0.mRp.clN.plotFingerprint.qcmetrics.txt",
                "bowtie2/merged_replicate/deepTools/plotFingerprint/SPT5_T0.mRp.clN.plotFingerprint.raw.txt",
                "bowtie2/merged_replicate/deepTools/plotFingerprint/SPT5_T15.mRp.clN.plotFingerprint.pdf",
                "bowtie2/merged_replicate/deepTools/plotFingerprint/SPT5_T15.mRp.clN.plotFingerprint.qcmetrics.txt",
                "bowtie2/merged_replicate/deepTools/plotFingerprint/SPT5_T15.mRp.clN.plotFingerprint.raw.txt",
                "bowtie2/merged_replicate/deepTools/plotProfile",
                "bowtie2/merged_replicate/deepTools/plotProfile/SPT5_INPUT.mRp.clN.computeMatrix.mat.gz",
                "bowtie2/merged_replicate/deepTools/plotProfile/SPT5_INPUT.mRp.clN.computeMatrix.vals.mat.tab",
                "bowtie2/merged_replicate/deepTools/plotProfile/SPT5_INPUT.mRp.clN.plotHeatmap.mat.tab",
                "bowtie2/merged_replicate/deepTools/plotProfile/SPT5_INPUT.mRp.clN.plotHeatmap.pdf",
                "bowtie2/merged_replicate/deepTools/plotProfile/SPT5_INPUT.mRp.clN.plotProfile.pdf",
                "bowtie2/merged_replicate/deepTools/plotProfile/SPT5_INPUT.mRp.clN.plotProfile.tab",
                "bowtie2/merged_replicate/deepTools/plotProfile/SPT5_T0.mRp.clN.computeMatrix.mat.gz",
                "bowtie2/merged_replicate/deepTools/plotProfile/SPT5_T0.mRp.clN.computeMatrix.vals.mat.tab",
                "bowtie2/merged_replicate/deepTools/plotProfile/SPT5_T0.mRp.clN.plotHeatmap.mat.tab",
                "bowtie2/merged_replicate/deepTools/plotProfile/SPT5_T0.mRp.clN.plotHeatmap.pdf",
                "bowtie2/merged_replicate/deepTools/plotProfile/SPT5_T0.mRp.clN.plotProfile.pdf",
                "bowtie2/merged_replicate/deepTools/plotProfile/SPT5_T0.mRp.clN.plotProfile.tab",
                "bowtie2/merged_replicate/deepTools/plotProfile/SPT5_T15.mRp.clN.computeMatrix.mat.gz",
                "bowtie2/merged_replicate/deepTools/plotProfile/SPT5_T15.mRp.clN.computeMatrix.vals.mat.tab",
                "bowtie2/merged_replicate/deepTools/plotProfile/SPT5_T15.mRp.clN.plotHeatmap.mat.tab",
                "bowtie2/merged_replicate/deepTools/plotProfile/SPT5_T15.mRp.clN.plotHeatmap.pdf",
                "bowtie2/merged_replicate/deepTools/plotProfile/SPT5_T15.mRp.clN.plotProfile.pdf",
                "bowtie2/merged_replicate/deepTools/plotProfile/SPT5_T15.mRp.clN.plotProfile.tab",
                "bowtie2/merged_replicate/macs3",
                "bowtie2/merged_replicate/macs3/broad_peak",
                "bowtie2/merged_replicate/macs3/broad_peak/SPT5_T0.mRp.clN_peaks.annotatePeaks.txt",
                "bowtie2/merged_replicate/macs3/broad_peak/SPT5_T0.mRp.clN_peaks.broadPeak",
                "bowtie2/merged_replicate/macs3/broad_peak/SPT5_T0.mRp.clN_peaks.gappedPeak",
                "bowtie2/merged_replicate/macs3/broad_peak/SPT5_T0.mRp.clN_peaks.xls",
                "bowtie2/merged_replicate/macs3/broad_peak/SPT5_T15.mRp.clN_peaks.annotatePeaks.txt",
                "bowtie2/merged_replicate/macs3/broad_peak/SPT5_T15.mRp.clN_peaks.broadPeak",
                "bowtie2/merged_replicate/macs3/broad_peak/SPT5_T15.mRp.clN_peaks.gappedPeak",
                "bowtie2/merged_replicate/macs3/broad_peak/SPT5_T15.mRp.clN_peaks.xls",
                "bowtie2/merged_replicate/macs3/broad_peak/consensus",
                "bowtie2/merged_replicate/macs3/broad_peak/consensus/SPT5",
                "bowtie2/merged_replicate/macs3/broad_peak/consensus/SPT5/SPT5.mRp.clN.annotatePeaks.txt",
                "bowtie2/merged_replicate/macs3/broad_peak/consensus/SPT5/SPT5.mRp.clN.antibody.txt",
                "bowtie2/merged_replicate/macs3/broad_peak/consensus/SPT5/SPT5.mRp.clN.bed",
                "bowtie2/merged_replicate/macs3/broad_peak/consensus/SPT5/SPT5.mRp.clN.boolean.annotatePeaks.txt",
                "bowtie2/merged_replicate/macs3/broad_peak/consensus/SPT5/SPT5.mRp.clN.boolean.intersect.plot.pdf",
                "bowtie2/merged_replicate/macs3/broad_peak/consensus/SPT5/SPT5.mRp.clN.boolean.intersect.txt",
                "bowtie2/merged_replicate/macs3/broad_peak/consensus/SPT5/SPT5.mRp.clN.boolean.txt",
                "bowtie2/merged_replicate/macs3/broad_peak/consensus/SPT5/SPT5.mRp.clN.featureCounts.txt",
                "bowtie2/merged_replicate/macs3/broad_peak/consensus/SPT5/SPT5.mRp.clN.featureCounts.txt.summary",
                "bowtie2/merged_replicate/macs3/broad_peak/consensus/SPT5/SPT5.mRp.clN.saf",
                "bowtie2/merged_replicate/macs3/broad_peak/consensus/SPT5/deseq2",
                "bowtie2/merged_replicate/macs3/broad_peak/consensus/SPT5/deseq2/R_sessionInfo.log",
                "bowtie2/merged_replicate/macs3/broad_peak/consensus/SPT5/deseq2/SPT5.mRp.clN.dds.RData",
                "bowtie2/merged_replicate/macs3/broad_peak/consensus/SPT5/deseq2/SPT5.mRp.clN.pca.vals.txt",
                "bowtie2/merged_replicate/macs3/broad_peak/consensus/SPT5/deseq2/SPT5.mRp.clN.pca.vals_mqc.tsv",
                "bowtie2/merged_replicate/macs3/broad_peak/consensus/SPT5/deseq2/SPT5.mRp.clN.plots.pdf",
                "bowtie2/merged_replicate/macs3/broad_peak/consensus/SPT5/deseq2/SPT5.mRp.clN.rds",
                "bowtie2/merged_replicate/macs3/broad_peak/consensus/SPT5/deseq2/SPT5.mRp.clN.sample.dists.txt",
                "bowtie2/merged_replicate/macs3/broad_peak/consensus/SPT5/deseq2/SPT5.mRp.clN.sample.dists_mqc.tsv",
                "bowtie2/merged_replicate/macs3/broad_peak/consensus/SPT5/deseq2/size_factors",
                "bowtie2/merged_replicate/macs3/broad_peak/consensus/SPT5/deseq2/size_factors/SPT5.mRp.clN.size_factors.RData",
                "bowtie2/merged_replicate/macs3/broad_peak/consensus/SPT5/deseq2/size_factors/SPT5_T0_REP1.txt",
                "bowtie2/merged_replicate/macs3/broad_peak/consensus/SPT5/deseq2/size_factors/SPT5_T0_REP2.txt",
                "bowtie2/merged_replicate/macs3/broad_peak/consensus/SPT5/deseq2/size_factors/SPT5_T15_REP1.txt",
                "bowtie2/merged_replicate/macs3/broad_peak/consensus/SPT5/deseq2/size_factors/SPT5_T15_REP2.txt",
                "bowtie2/merged_replicate/macs3/broad_peak/qc",
                "bowtie2/merged_replicate/macs3/broad_peak/qc/SPT5_T0.mRp.clN.FRiP_mqc.tsv",
                "bowtie2/merged_replicate/macs3/broad_peak/qc/SPT5_T0.mRp.clN.peak_count_mqc.tsv",
                "bowtie2/merged_replicate/macs3/broad_peak/qc/SPT5_T15.mRp.clN.FRiP_mqc.tsv",
                "bowtie2/merged_replicate/macs3/broad_peak/qc/SPT5_T15.mRp.clN.peak_count_mqc.tsv",
                "bowtie2/merged_replicate/macs3/broad_peak/qc/macs3_annotatePeaks.mRp.clN.plots.pdf",
                "bowtie2/merged_replicate/macs3/broad_peak/qc/macs3_annotatePeaks.mRp.clN.summary.txt",
                "bowtie2/merged_replicate/macs3/broad_peak/qc/macs3_annotatePeaks.mRp.clN.summary_mqc.tsv",
                "bowtie2/merged_replicate/macs3/broad_peak/qc/macs3_peak.mRp.clN.plots.pdf",
                "bowtie2/merged_replicate/macs3/broad_peak/qc/macs3_peak.mRp.clN.summary.txt",
                "bowtie2/merged_replicate/phantompeakqualtools",
                "bowtie2/merged_replicate/phantompeakqualtools/SPT5_INPUT.mRp.clN.spp.out",
                "bowtie2/merged_replicate/phantompeakqualtools/SPT5_INPUT.mRp.clN.spp.pdf",
                "bowtie2/merged_replicate/phantompeakqualtools/SPT5_INPUT.mRp.clN.spp_correlation_mqc.tsv",
                "bowtie2/merged_replicate/phantompeakqualtools/SPT5_INPUT.mRp.clN.spp_nsc_mqc.tsv",
                "bowtie2/merged_replicate/phantompeakqualtools/SPT5_INPUT.mRp.clN.spp_rsc_mqc.tsv",
                "bowtie2/merged_replicate/phantompeakqualtools/SPT5_T0.mRp.clN.spp.out",
                "bowtie2/merged_replicate/phantompeakqualtools/SPT5_T0.mRp.clN.spp.pdf",
                "bowtie2/merged_replicate/phantompeakqualtools/SPT5_T0.mRp.clN.spp_correlation_mqc.tsv",
                "bowtie2/merged_replicate/phantompeakqualtools/SPT5_T0.mRp.clN.spp_nsc_mqc.tsv",
                "bowtie2/merged_replicate/phantompeakqualtools/SPT5_T0.mRp.clN.spp_rsc_mqc.tsv",
                "bowtie2/merged_replicate/phantompeakqualtools/SPT5_T15.mRp.clN.spp.out",
                "bowtie2/merged_replicate/phantompeakqualtools/SPT5_T15.mRp.clN.spp.pdf",
                "bowtie2/merged_replicate/phantompeakqualtools/SPT5_T15.mRp.clN.spp_correlation_mqc.tsv",
                "bowtie2/merged_replicate/phantompeakqualtools/SPT5_T15.mRp.clN.spp_nsc_mqc.tsv",
                "bowtie2/merged_replicate/phantompeakqualtools/SPT5_T15.mRp.clN.spp_rsc_mqc.tsv",
                "bowtie2/merged_replicate/picard_metrics",
                "bowtie2/merged_replicate/picard_metrics/SPT5_INPUT.mRp.clN.sorted.CollectMultipleMetrics.alignment_summary_metrics",
                "bowtie2/merged_replicate/picard_metrics/SPT5_INPUT.mRp.clN.sorted.CollectMultipleMetrics.base_distribution_by_cycle_metrics",
                "bowtie2/merged_replicate/picard_metrics/SPT5_INPUT.mRp.clN.sorted.CollectMultipleMetrics.insert_size_metrics",
                "bowtie2/merged_replicate/picard_metrics/SPT5_INPUT.mRp.clN.sorted.CollectMultipleMetrics.quality_by_cycle_metrics",
                "bowtie2/merged_replicate/picard_metrics/SPT5_INPUT.mRp.clN.sorted.CollectMultipleMetrics.quality_distribution_metrics",
                "bowtie2/merged_replicate/picard_metrics/SPT5_INPUT.mRp.clN.sorted.MarkDuplicates.metrics.txt",
                "bowtie2/merged_replicate/picard_metrics/SPT5_T0.mRp.clN.sorted.CollectMultipleMetrics.alignment_summary_metrics",
                "bowtie2/merged_replicate/picard_metrics/SPT5_T0.mRp.clN.sorted.CollectMultipleMetrics.base_distribution_by_cycle_metrics",
                "bowtie2/merged_replicate/picard_metrics/SPT5_T0.mRp.clN.sorted.CollectMultipleMetrics.insert_size_metrics",
                "bowtie2/merged_replicate/picard_metrics/SPT5_T0.mRp.clN.sorted.CollectMultipleMetrics.quality_by_cycle_metrics",
                "bowtie2/merged_replicate/picard_metrics/SPT5_T0.mRp.clN.sorted.CollectMultipleMetrics.quality_distribution_metrics",
                "bowtie2/merged_replicate/picard_metrics/SPT5_T0.mRp.clN.sorted.MarkDuplicates.metrics.txt",
                "bowtie2/merged_replicate/picard_metrics/SPT5_T15.mRp.clN.sorted.CollectMultipleMetrics.alignment_summary_metrics",
                "bowtie2/merged_replicate/picard_metrics/SPT5_T15.mRp.clN.sorted.CollectMultipleMetrics.base_distribution_by_cycle_metrics",
                "bowtie2/merged_replicate/picard_metrics/SPT5_T15.mRp.clN.sorted.CollectMultipleMetrics.insert_size_metrics",
                "bowtie2/merged_replicate/picard_metrics/SPT5_T15.mRp.clN.sorted.CollectMultipleMetrics.quality_by_cycle_metrics",
                "bowtie2/merged_replicate/picard_metrics/SPT5_T15.mRp.clN.sorted.CollectMultipleMetrics.quality_distribution_metrics",
                "bowtie2/merged_replicate/picard_metrics/SPT5_T15.mRp.clN.sorted.MarkDuplicates.metrics.txt",
                "bowtie2/merged_replicate/picard_metrics/pdf",
                "bowtie2/merged_replicate/picard_metrics/pdf/SPT5_INPUT.mRp.clN.sorted.CollectMultipleMetrics.base_distribution_by_cycle.pdf",
                "bowtie2/merged_replicate/picard_metrics/pdf/SPT5_INPUT.mRp.clN.sorted.CollectMultipleMetrics.insert_size_histogram.pdf",
                "bowtie2/merged_replicate/picard_metrics/pdf/SPT5_INPUT.mRp.clN.sorted.CollectMultipleMetrics.quality_by_cycle.pdf",
                "bowtie2/merged_replicate/picard_metrics/pdf/SPT5_INPUT.mRp.clN.sorted.CollectMultipleMetrics.quality_distribution.pdf",
                "bowtie2/merged_replicate/picard_metrics/pdf/SPT5_INPUT.mRp.clN.sorted.CollectMultipleMetrics.read_length_histogram.pdf",
                "bowtie2/merged_replicate/picard_metrics/pdf/SPT5_T0.mRp.clN.sorted.CollectMultipleMetrics.base_distribution_by_cycle.pdf",
                "bowtie2/merged_replicate/picard_metrics/pdf/SPT5_T0.mRp.clN.sorted.CollectMultipleMetrics.insert_size_histogram.pdf",
                "bowtie2/merged_replicate/picard_metrics/pdf/SPT5_T0.mRp.clN.sorted.CollectMultipleMetrics.quality_by_cycle.pdf",
                "bowtie2/merged_replicate/picard_metrics/pdf/SPT5_T0.mRp.clN.sorted.CollectMultipleMetrics.quality_distribution.pdf",
                "bowtie2/merged_replicate/picard_metrics/pdf/SPT5_T0.mRp.clN.sorted.CollectMultipleMetrics.read_length_histogram.pdf",
                "bowtie2/merged_replicate/picard_metrics/pdf/SPT5_T15.mRp.clN.sorted.CollectMultipleMetrics.base_distribution_by_cycle.pdf",
                "bowtie2/merged_replicate/picard_metrics/pdf/SPT5_T15.mRp.clN.sorted.CollectMultipleMetrics.insert_size_histogram.pdf",
                "bowtie2/merged_replicate/picard_metrics/pdf/SPT5_T15.mRp.clN.sorted.CollectMultipleMetrics.quality_by_cycle.pdf",
                "bowtie2/merged_replicate/picard_metrics/pdf/SPT5_T15.mRp.clN.sorted.CollectMultipleMetrics.quality_distribution.pdf",
                "bowtie2/merged_replicate/picard_metrics/pdf/SPT5_T15.mRp.clN.sorted.CollectMultipleMetrics.read_length_histogram.pdf",
                "bowtie2/merged_replicate/samtools_stats",
                "bowtie2/merged_replicate/samtools_stats/SPT5_INPUT.mRp.clN.sorted.bam.flagstat",
                "bowtie2/merged_replicate/samtools_stats/SPT5_INPUT.mRp.clN.sorted.bam.idxstats",
                "bowtie2/merged_replicate/samtools_stats/SPT5_INPUT.mRp.clN.sorted.bam.stats",
                "bowtie2/merged_replicate/samtools_stats/SPT5_T0.mRp.clN.sorted.bam.flagstat",
                "bowtie2/merged_replicate/samtools_stats/SPT5_T0.mRp.clN.sorted.bam.idxstats",
                "bowtie2/merged_replicate/samtools_stats/SPT5_T0.mRp.clN.sorted.bam.stats",
                "bowtie2/merged_replicate/samtools_stats/SPT5_T15.mRp.clN.sorted.bam.flagstat",
                "bowtie2/merged_replicate/samtools_stats/SPT5_T15.mRp.clN.sorted.bam.idxstats",
                "bowtie2/merged_replicate/samtools_stats/SPT5_T15.mRp.clN.sorted.bam.stats",
                "fastqc",
                "fastqc/SPT5_INPUT_REP1_T1_1_fastqc.html",
                "fastqc/SPT5_INPUT_REP1_T1_2_fastqc.html",
                "fastqc/SPT5_INPUT_REP2_T1_1_fastqc.html",
                "fastqc/SPT5_INPUT_REP2_T1_2_fastqc.html",
                "fastqc/SPT5_T0_REP1_T1_1_fastqc.html",
                "fastqc/SPT5_T0_REP1_T1_2_fastqc.html",
                "fastqc/SPT5_T0_REP2_T1_1_fastqc.html",
                "fastqc/SPT5_T0_REP2_T1_2_fastqc.html",
                "fastqc/SPT5_T15_REP1_T1_1_fastqc.html",
                "fastqc/SPT5_T15_REP1_T1_2_fastqc.html",
                "fastqc/SPT5_T15_REP2_T1_1_fastqc.html",
                "fastqc/SPT5_T15_REP2_T1_2_fastqc.html",
                "fastqc/zips",
                "fastqc/zips/SPT5_INPUT_REP1_T1_1_fastqc.zip",
                "fastqc/zips/SPT5_INPUT_REP1_T1_2_fastqc.zip",
                "fastqc/zips/SPT5_INPUT_REP2_T1_1_fastqc.zip",
                "fastqc/zips/SPT5_INPUT_REP2_T1_2_fastqc.zip",
                "fastqc/zips/SPT5_T0_REP1_T1_1_fastqc.zip",
                "fastqc/zips/SPT5_T0_REP1_T1_2_fastqc.zip",
                "fastqc/zips/SPT5_T0_REP2_T1_1_fastqc.zip",
                "fastqc/zips/SPT5_T0_REP2_T1_2_fastqc.zip",
                "fastqc/zips/SPT5_T15_REP1_T1_1_fastqc.zip",
                "fastqc/zips/SPT5_T15_REP1_T1_2_fastqc.zip",
                "fastqc/zips/SPT5_T15_REP2_T1_1_fastqc.zip",
                "fastqc/zips/SPT5_T15_REP2_T1_2_fastqc.zip",
                "genome",
                "genome/genome.fa",
                "genome/genome.fa.fai",
                "genome/genome.fa.sizes",
                "igv",
                "igv/broad_peak",
                "igv/broad_peak/igv_files.txt",
                "igv/broad_peak/igv_session.xml",
                "multiqc",
                "multiqc/broad_peak",
                "multiqc/broad_peak/multiqc_data",
                "multiqc/broad_peak/multiqc_data/cutadapt_filtered_reads_plot.yaml",
                "multiqc/broad_peak/multiqc_data/cutadapt_trimmed_sequences_plot_3_Counts.yaml",
                "multiqc/broad_peak/multiqc_data/cutadapt_trimmed_sequences_plot_3_Obs_Exp.yaml",
                "multiqc/broad_peak/multiqc_data/deeptools_fingerprint_plot.yaml",
                "multiqc/broad_peak/multiqc_data/deeptools_plot_fingerprint_counts_mlib_deeptools.yaml",
                "multiqc/broad_peak/multiqc_data/deeptools_plot_fingerprint_counts_mrep_deeptools.yaml",
                "multiqc/broad_peak/multiqc_data/deeptools_plot_profile_mlib_deeptools.yaml",
                "multiqc/broad_peak/multiqc_data/deeptools_plot_profile_mrep_deeptools.yaml",
                "multiqc/broad_peak/multiqc_data/fastqc-1-status-check-heatmap.yaml",
                "multiqc/broad_peak/multiqc_data/fastqc-1_adapter_content_plot.yaml",
                "multiqc/broad_peak/multiqc_data/fastqc-1_per_base_n_content_plot.yaml",
                "multiqc/broad_peak/multiqc_data/fastqc-1_per_base_sequence_quality_plot.yaml",
                "multiqc/broad_peak/multiqc_data/fastqc-1_per_sequence_gc_content_plot_Counts.yaml",
                "multiqc/broad_peak/multiqc_data/fastqc-1_per_sequence_gc_content_plot_Percentages.yaml",
                "multiqc/broad_peak/multiqc_data/fastqc-1_per_sequence_quality_scores_plot.yaml",
                "multiqc/broad_peak/multiqc_data/fastqc-1_sequence_counts_plot.yaml",
                "multiqc/broad_peak/multiqc_data/fastqc-1_sequence_duplication_levels_plot.yaml",
                "multiqc/broad_peak/multiqc_data/fastqc-1_top_overrepresented_sequences_table.yaml",
                "multiqc/broad_peak/multiqc_data/fastqc-status-check-heatmap.yaml",
                "multiqc/broad_peak/multiqc_data/fastqc_adapter_content_plot.yaml",
                "multiqc/broad_peak/multiqc_data/fastqc_per_base_n_content_plot.yaml",
                "multiqc/broad_peak/multiqc_data/fastqc_per_base_sequence_quality_plot.yaml",
                "multiqc/broad_peak/multiqc_data/fastqc_per_sequence_gc_content_plot_Counts.yaml",
                "multiqc/broad_peak/multiqc_data/fastqc_per_sequence_gc_content_plot_Percentages.yaml",
                "multiqc/broad_peak/multiqc_data/fastqc_per_sequence_quality_scores_plot.yaml",
                "multiqc/broad_peak/multiqc_data/fastqc_sequence_counts_plot.yaml",
                "multiqc/broad_peak/multiqc_data/fastqc_sequence_duplication_levels_plot.yaml",
                "multiqc/broad_peak/multiqc_data/fastqc_sequence_length_distribution_plot.yaml",
                "multiqc/broad_peak/multiqc_data/fastqc_top_overrepresented_sequences_table.yaml",
                "multiqc/broad_peak/multiqc_data/featureCounts_assignment_plot.yaml",
                "multiqc/broad_peak/multiqc_data/mrep_picard_alignment_readlength_plot.yaml",
                "multiqc/broad_peak/multiqc_data/mrep_picard_alignment_summary_Aligned_Bases.yaml",
                "multiqc/broad_peak/multiqc_data/mrep_picard_alignment_summary_Aligned_Reads.yaml",
                "multiqc/broad_peak/multiqc_data/mrep_picard_deduplication.yaml",
                "multiqc/broad_peak/multiqc_data/mrep_picard_histogram_mrep_picard.yaml",
                "multiqc/broad_peak/multiqc_data/mrep_picard_histogram_mrep_picard_1.yaml",
                "multiqc/broad_peak/multiqc_data/mrep_picard_histogram_mrep_picard_2.yaml",
                "multiqc/broad_peak/multiqc_data/mrep_picard_insert_size_Counts.yaml",
                "multiqc/broad_peak/multiqc_data/mrep_picard_insert_size_Percentages.yaml",
                "multiqc/broad_peak/multiqc_data/mrep_picard_quality_by_cycle.yaml",
                "multiqc/broad_peak/multiqc_data/mrep_picard_quality_score_distribution.yaml",
                "multiqc/broad_peak/multiqc_data/multiqc.log",
                "multiqc/broad_peak/multiqc_data/multiqc_citations.yaml",
                "multiqc/broad_peak/multiqc_data/multiqc_cutadapt.yaml",
                "multiqc/broad_peak/multiqc_data/multiqc_data.json",
                "multiqc/broad_peak/multiqc_data/multiqc_fastqc.yaml",
                "multiqc/broad_peak/multiqc_data/multiqc_fastqc_1.yaml",
                "multiqc/broad_peak/multiqc_data/multiqc_featurecounts.yaml",
                "multiqc/broad_peak/multiqc_data/multiqc_mrep_picard_AlignmentSummaryMetrics_mrep_picard.yaml",
                "multiqc/broad_peak/multiqc_data/multiqc_mrep_picard_dups_mrep_picard.yaml",
                "multiqc/broad_peak/multiqc_data/multiqc_mrep_picard_insertSize_mrep_picard.yaml",
                "multiqc/broad_peak/multiqc_data/multiqc_mrep_picard_quality_by_cycle_mrep_picard.yaml",
                "multiqc/broad_peak/multiqc_data/multiqc_mrep_picard_quality_score_distribution_mrep_picard.yaml",
                "multiqc/broad_peak/multiqc_data/multiqc_phantompeakqualtools.yaml",
                "multiqc/broad_peak/multiqc_data/multiqc_picard-1_AlignmentSummaryMetrics.yaml",
                "multiqc/broad_peak/multiqc_data/multiqc_picard-1_insertSize.yaml",
                "multiqc/broad_peak/multiqc_data/multiqc_picard-1_quality_by_cycle.yaml",
                "multiqc/broad_peak/multiqc_data/multiqc_picard-1_quality_score_distribution.yaml",
                "multiqc/broad_peak/multiqc_data/multiqc_picard_baseContent.yaml",
                "multiqc/broad_peak/multiqc_data/multiqc_picard_baseContent_mrep_picard.yaml",
                "multiqc/broad_peak/multiqc_data/multiqc_picard_dups.yaml",
                "multiqc/broad_peak/multiqc_data/multiqc_samtools_flagstat.yaml",
                "multiqc/broad_peak/multiqc_data/multiqc_samtools_flagstat_1.yaml",
                "multiqc/broad_peak/multiqc_data/multiqc_samtools_flagstat_2.yaml",
                "multiqc/broad_peak/multiqc_data/multiqc_samtools_flagstat_3.yaml",
                "multiqc/broad_peak/multiqc_data/multiqc_samtools_idxstats.yaml",
                "multiqc/broad_peak/multiqc_data/multiqc_samtools_idxstats_1.yaml",
                "multiqc/broad_peak/multiqc_data/multiqc_samtools_idxstats_2.yaml",
                "multiqc/broad_peak/multiqc_data/multiqc_samtools_idxstats_3.yaml",
                "multiqc/broad_peak/multiqc_data/multiqc_samtools_stats.yaml",
                "multiqc/broad_peak/multiqc_data/multiqc_samtools_stats_1.yaml",
                "multiqc/broad_peak/multiqc_data/multiqc_samtools_stats_2.yaml",
                "multiqc/broad_peak/multiqc_data/multiqc_samtools_stats_3.yaml",
                "multiqc/broad_peak/multiqc_data/multiqc_software_versions.yaml",
                "multiqc/broad_peak/multiqc_data/multiqc_sources.yaml",
                "multiqc/broad_peak/multiqc_data/picard-1_alignment_readlength_plot.yaml",
                "multiqc/broad_peak/multiqc_data/picard-1_alignment_summary_Aligned_Bases.yaml",
                "multiqc/broad_peak/multiqc_data/picard-1_alignment_summary_Aligned_Reads.yaml",
                "multiqc/broad_peak/multiqc_data/picard-1_histogram.yaml",
                "multiqc/broad_peak/multiqc_data/picard-1_histogram_1.yaml",
                "multiqc/broad_peak/multiqc_data/picard-1_histogram_2.yaml",
                "multiqc/broad_peak/multiqc_data/picard-1_insert_size_Counts.yaml",
                "multiqc/broad_peak/multiqc_data/picard-1_insert_size_Percentages.yaml",
                "multiqc/broad_peak/multiqc_data/picard-1_quality_by_cycle.yaml",
                "multiqc/broad_peak/multiqc_data/picard-1_quality_score_distribution.yaml",
                "multiqc/broad_peak/multiqc_data/picard_base_distribution_by_cycle__Adenine-1.yaml",
                "multiqc/broad_peak/multiqc_data/picard_base_distribution_by_cycle__Adenine.yaml",
                "multiqc/broad_peak/multiqc_data/picard_base_distribution_by_cycle__Cytosine-1.yaml",
                "multiqc/broad_peak/multiqc_data/picard_base_distribution_by_cycle__Cytosine.yaml",
                "multiqc/broad_peak/multiqc_data/picard_base_distribution_by_cycle__Guanine-1.yaml",
                "multiqc/broad_peak/multiqc_data/picard_base_distribution_by_cycle__Guanine.yaml",
                "multiqc/broad_peak/multiqc_data/picard_base_distribution_by_cycle__Thymine-1.yaml",
                "multiqc/broad_peak/multiqc_data/picard_base_distribution_by_cycle__Thymine.yaml",
                "multiqc/broad_peak/multiqc_data/picard_base_distribution_by_cycle__Undetermined-1.yaml",
                "multiqc/broad_peak/multiqc_data/picard_base_distribution_by_cycle__Undetermined.yaml",
                "multiqc/broad_peak/multiqc_data/picard_deduplication.yaml",
                "multiqc/broad_peak/multiqc_data/picard_histogram.yaml",
                "multiqc/broad_peak/multiqc_data/picard_histogram_1.yaml",
                "multiqc/broad_peak/multiqc_data/picard_histogram_2.yaml",
                "multiqc/broad_peak/multiqc_data/read_distribution_profile.yaml",
                "multiqc/broad_peak/multiqc_data/samtools-flagstat-dp_Percentage_of_total-1.yaml",
                "multiqc/broad_peak/multiqc_data/samtools-flagstat-dp_Percentage_of_total-2.yaml",
                "multiqc/broad_peak/multiqc_data/samtools-flagstat-dp_Percentage_of_total-3.yaml",
                "multiqc/broad_peak/multiqc_data/samtools-flagstat-dp_Percentage_of_total.yaml",
                "multiqc/broad_peak/multiqc_data/samtools-flagstat-dp_Read_counts-1.yaml",
                "multiqc/broad_peak/multiqc_data/samtools-flagstat-dp_Read_counts-2.yaml",
                "multiqc/broad_peak/multiqc_data/samtools-flagstat-dp_Read_counts-3.yaml",
                "multiqc/broad_peak/multiqc_data/samtools-flagstat-dp_Read_counts.yaml",
                "multiqc/broad_peak/multiqc_data/samtools-idxstats-mapped-reads-plot_Normalised_Counts-1.yaml",
                "multiqc/broad_peak/multiqc_data/samtools-idxstats-mapped-reads-plot_Normalised_Counts-2.yaml",
                "multiqc/broad_peak/multiqc_data/samtools-idxstats-mapped-reads-plot_Normalised_Counts-3.yaml",
                "multiqc/broad_peak/multiqc_data/samtools-idxstats-mapped-reads-plot_Normalised_Counts.yaml",
                "multiqc/broad_peak/multiqc_data/samtools-idxstats-mapped-reads-plot_Observed_over_Expected_Counts-1.yaml",
                "multiqc/broad_peak/multiqc_data/samtools-idxstats-mapped-reads-plot_Observed_over_Expected_Counts-2.yaml",
                "multiqc/broad_peak/multiqc_data/samtools-idxstats-mapped-reads-plot_Observed_over_Expected_Counts-3.yaml",
                "multiqc/broad_peak/multiqc_data/samtools-idxstats-mapped-reads-plot_Observed_over_Expected_Counts.yaml",
                "multiqc/broad_peak/multiqc_data/samtools-idxstats-mapped-reads-plot_Raw_Counts-1.yaml",
                "multiqc/broad_peak/multiqc_data/samtools-idxstats-mapped-reads-plot_Raw_Counts-2.yaml",
                "multiqc/broad_peak/multiqc_data/samtools-idxstats-mapped-reads-plot_Raw_Counts-3.yaml",
                "multiqc/broad_peak/multiqc_data/samtools-idxstats-mapped-reads-plot_Raw_Counts.yaml",
                "multiqc/broad_peak/multiqc_data/samtools-stats-dp.yaml",
                "multiqc/broad_peak/multiqc_data/samtools_alignment_plot.yaml",
                "multiqc/broad_peak/multiqc_plots",
                "multiqc/broad_peak/multiqc_plots/pdf",
                "multiqc/broad_peak/multiqc_plots/png",
                "multiqc/broad_peak/multiqc_plots/svg",
                "multiqc/broad_peak/multiqc_report.html",
                "pipeline_info",
                "pipeline_info/nf_core_chipseq_software_mqc_versions.yml",
                "pipeline_info/samplesheet.valid.csv",
                "trimgalore",
                "trimgalore/fastqc",
                "trimgalore/fastqc/SPT5_INPUT_REP1_T1_1_val_1_fastqc.html",
                "trimgalore/fastqc/SPT5_INPUT_REP1_T1_2_val_2_fastqc.html",
                "trimgalore/fastqc/SPT5_INPUT_REP2_T1_1_val_1_fastqc.html",
                "trimgalore/fastqc/SPT5_INPUT_REP2_T1_2_val_2_fastqc.html",
                "trimgalore/fastqc/SPT5_T0_REP1_T1_1_val_1_fastqc.html",
                "trimgalore/fastqc/SPT5_T0_REP1_T1_2_val_2_fastqc.html",
                "trimgalore/fastqc/SPT5_T0_REP2_T1_1_val_1_fastqc.html",
                "trimgalore/fastqc/SPT5_T0_REP2_T1_2_val_2_fastqc.html",
                "trimgalore/fastqc/SPT5_T15_REP1_T1_1_val_1_fastqc.html",
                "trimgalore/fastqc/SPT5_T15_REP1_T1_2_val_2_fastqc.html",
                "trimgalore/fastqc/SPT5_T15_REP2_T1_1_val_1_fastqc.html",
                "trimgalore/fastqc/SPT5_T15_REP2_T1_2_val_2_fastqc.html",
                "trimgalore/fastqc/zips",
                "trimgalore/fastqc/zips/SPT5_INPUT_REP1_T1_1_val_1_fastqc.zip",
                "trimgalore/fastqc/zips/SPT5_INPUT_REP1_T1_2_val_2_fastqc.zip",
                "trimgalore/fastqc/zips/SPT5_INPUT_REP2_T1_1_val_1_fastqc.zip",
                "trimgalore/fastqc/zips/SPT5_INPUT_REP2_T1_2_val_2_fastqc.zip",
                "trimgalore/fastqc/zips/SPT5_T0_REP1_T1_1_val_1_fastqc.zip",
                "trimgalore/fastqc/zips/SPT5_T0_REP1_T1_2_val_2_fastqc.zip",
                "trimgalore/fastqc/zips/SPT5_T0_REP2_T1_1_val_1_fastqc.zip",
                "trimgalore/fastqc/zips/SPT5_T0_REP2_T1_2_val_2_fastqc.zip",
                "trimgalore/fastqc/zips/SPT5_T15_REP1_T1_1_val_1_fastqc.zip",
                "trimgalore/fastqc/zips/SPT5_T15_REP1_T1_2_val_2_fastqc.zip",
                "trimgalore/fastqc/zips/SPT5_T15_REP2_T1_1_val_1_fastqc.zip",
                "trimgalore/fastqc/zips/SPT5_T15_REP2_T1_2_val_2_fastqc.zip",
                "trimgalore/logs",
                "trimgalore/logs/SPT5_INPUT_REP1_T1_1.fastq.gz_trimming_report.txt",
                "trimgalore/logs/SPT5_INPUT_REP1_T1_2.fastq.gz_trimming_report.txt",
                "trimgalore/logs/SPT5_INPUT_REP2_T1_1.fastq.gz_trimming_report.txt",
                "trimgalore/logs/SPT5_INPUT_REP2_T1_2.fastq.gz_trimming_report.txt",
                "trimgalore/logs/SPT5_T0_REP1_T1_1.fastq.gz_trimming_report.txt",
                "trimgalore/logs/SPT5_T0_REP1_T1_2.fastq.gz_trimming_report.txt",
                "trimgalore/logs/SPT5_T0_REP2_T1_1.fastq.gz_trimming_report.txt",
                "trimgalore/logs/SPT5_T0_REP2_T1_2.fastq.gz_trimming_report.txt",
                "trimgalore/logs/SPT5_T15_REP1_T1_1.fastq.gz_trimming_report.txt",
                "trimgalore/logs/SPT5_T15_REP1_T1_2.fastq.gz_trimming_report.txt",
                "trimgalore/logs/SPT5_T15_REP2_T1_1.fastq.gz_trimming_report.txt",
                "trimgalore/logs/SPT5_T15_REP2_T1_2.fastq.gz_trimming_report.txt"
            ],
            [
                "SPT5_INPUT_REP1.mLB.clN.bedGraph:md5,3185527dd339a8dbcca453f97ecc0860",
                "SPT5_INPUT_REP2.mLB.clN.bedGraph:md5,bdc6ce913840caa034fe12f11dc3f821",
                "SPT5_T0_REP1.mLB.clN.bedGraph:md5,a1c995094ac610f67f74037882713be1",
                "SPT5_T0_REP2.mLB.clN.bedGraph:md5,ac8049a66f664f4f52e55738bb1b8482",
                "SPT5_T15_REP1.mLB.clN.bedGraph:md5,6594e02d144dcf85f39b5c7339e11db6",
                "SPT5_T15_REP2.mLB.clN.bedGraph:md5,3afb695bb7014e0d8df83cda30d4731d",
                "SPT5_T0_REP1_peaks.broadPeak:md5,27d134afd2953dafa22e35dcf8ec2bcc",
                "SPT5_T0_REP1_peaks.gappedPeak:md5,2bfc9fe75773b4eeaed6fd39a6efbe34",
                "SPT5_T0_REP1_peaks.xls:md5,c7c532d673025bcf3bc0a700f354caf8",
                "SPT5_T0_REP2_peaks.broadPeak:md5,116c4501dd8355e4ef100144bb63da02",
                "SPT5_T0_REP2_peaks.gappedPeak:md5,b44f846ec9fa520fef7bc4de93e910cb",
                "SPT5_T0_REP2_peaks.xls:md5,5e8f7c09e1c1bde38123290abebe70af",
                "SPT5_T15_REP1_peaks.broadPeak:md5,498e8a0ecc08048ef1b65e4a08a994da",
                "SPT5_T15_REP1_peaks.gappedPeak:md5,39dc55efaa9192c722ba043848d1633c",
                "SPT5_T15_REP1_peaks.xls:md5,19d77fcac182ff278889486b37d0e62e",
                "SPT5_T15_REP2_peaks.broadPeak:md5,d2076fea44e872c40f8b85d8997d43d6",
                "SPT5_T15_REP2_peaks.gappedPeak:md5,27a067221fe21dcaae500a1a954a672f",
                "SPT5_T15_REP2_peaks.xls:md5,81f408e66d44d5ac4b874791df30dfe8",
                "SPT5.consensus_peaks.antibody.txt:md5,8d7549b0cb2e42ffd5c23879e7f54ce9",
                "SPT5.consensus_peaks.bed:md5,71f9487dbe77c3ed1422f5a0e5fc5c07",
                "SPT5.consensus_peaks.boolean.intersect.txt:md5,2cd941a25076b0089df06c37717d1733",
                "SPT5.consensus_peaks.boolean.txt:md5,f001e5dbca28caf0324109b6e5d369ed",
                "SPT5.consensus_peaks.saf:md5,b79bdb601486014e09bfaabf987c09a1",
                "R_sessionInfo.log:md5,db7fe6dbb6fda028b710b2e2be8c32ba",
                "SPT5_T0_REP1.txt:md5,1c69f7c10bcb6456f7d71b7c773f052c",
                "SPT5_T0_REP2.txt:md5,96432673bcb533bc2be2051973f01854",
                "SPT5_T15_REP1.txt:md5,1c2d99b55f1e3b26822103a63212dc6f",
                "SPT5_T15_REP2.txt:md5,cdabc6875c11c7a5a47aa6745852ca3e",
                "SPT5_T0_REP1.FRiP_mqc.tsv:md5,7b770e1094db9863fb2310eb97c73dc4",
                "SPT5_T0_REP1.peak_count_mqc.tsv:md5,37d3456ad0178970e0ea4c2a20a77074",
                "SPT5_T0_REP2.FRiP_mqc.tsv:md5,f3e6693e8917553be9b1bfb6fd7e5aec",
                "SPT5_T0_REP2.peak_count_mqc.tsv:md5,451a437c054feebd7871a24e512b66ab",
                "SPT5_T15_REP1.FRiP_mqc.tsv:md5,4f162f03d7b9eee37e7af384e8e0f409",
                "SPT5_T15_REP1.peak_count_mqc.tsv:md5,73f3737f8b96dac521ece465ee5cb4fe",
                "SPT5_T15_REP2.FRiP_mqc.tsv:md5,75e76e95549ef85d2f77ac18fc408952",
                "SPT5_T15_REP2.peak_count_mqc.tsv:md5,27b0b5ea6abb6068c7912715954ded66",
                "SPT5_INPUT_REP1.mLb.clN.sorted.bam.flagstat:md5,5789960a9102d6f53433dcdbb9b63940",
                "SPT5_INPUT_REP1.mLb.clN.sorted.bam.idxstats:md5,20a4ac025979cc12c3e0e6cb0bd9c839",
                "SPT5_INPUT_REP1.mLb.clN.sorted.bam.stats:md5,3d13729f924a4f2432587a9e952be9ff",
                "SPT5_INPUT_REP2.mLb.clN.sorted.bam.flagstat:md5,56fe278c68a4f836efbe239f66b3635e",
                "SPT5_INPUT_REP2.mLb.clN.sorted.bam.idxstats:md5,f887cfebeaf5ed7d6ce9e140ef25d14d",
                "SPT5_INPUT_REP2.mLb.clN.sorted.bam.stats:md5,15271e9cae767928a8c765dc7d0aebbf",
                "SPT5_T0_REP1.mLb.clN.sorted.bam.flagstat:md5,64b435a3d915a1b678e5fbec6eb68d7d",
                "SPT5_T0_REP1.mLb.clN.sorted.bam.idxstats:md5,5fbb7b046fbd41c35209fa5f43cfc047",
                "SPT5_T0_REP1.mLb.clN.sorted.bam.stats:md5,b75d77a32142662f459aa51cd05c8480",
                "SPT5_T0_REP2.mLb.clN.sorted.bam.flagstat:md5,ee0ff6d897ed617d54ef35bc499baebb",
                "SPT5_T0_REP2.mLb.clN.sorted.bam.idxstats:md5,71093ea767abc746e484b6f68948406d",
                "SPT5_T0_REP2.mLb.clN.sorted.bam.stats:md5,4617bcf72a8ad35ef6145d09712786ac",
                "SPT5_T15_REP1.mLb.clN.sorted.bam.flagstat:md5,5ceea86d4a1758c59f360c984192801a",
                "SPT5_T15_REP1.mLb.clN.sorted.bam.idxstats:md5,2917cc064403c8e81656fe5e025bb044",
                "SPT5_T15_REP1.mLb.clN.sorted.bam.stats:md5,8a82db97efa58a7a49d5063a3cd166e9",
                "SPT5_T15_REP2.mLb.clN.sorted.bam.flagstat:md5,f583616ced3accf4c5bb4c144c211104",
                "SPT5_T15_REP2.mLb.clN.sorted.bam.idxstats:md5,27f0b7c40dd733b5a9046878a485eb46",
                "SPT5_T15_REP2.mLb.clN.sorted.bam.stats:md5,83eb9956d07f53f34d3500ac0dbbde45",
                "SPT5_INPUT.mRp.clN.bedGraph:md5,3f9895ec81815296faa27fc2dcacd468",
                "SPT5_T0.mRp.clN.bedGraph:md5,877623695ba447f4decf33edd46e9c29",
                "SPT5_T15.mRp.clN.bedGraph:md5,edfb8320c273126eacabc08a03103520",
                "SPT5_T0.mRp.clN_peaks.broadPeak:md5,9363c7dd3e7681a2c1fcd7ae504c2ac6",
                "SPT5_T0.mRp.clN_peaks.gappedPeak:md5,558e52b3974d29f4e777d8c4c8752dd8",
                "SPT5_T0.mRp.clN_peaks.xls:md5,bf0a653fa56458b5d18e288d8e924972",
                "SPT5_T15.mRp.clN_peaks.broadPeak:md5,5433ce850c541c0e368ea7bb04d265f0",
                "SPT5_T15.mRp.clN_peaks.gappedPeak:md5,0d1d400e2e85a8203e4eee458e54f64c",
                "SPT5_T15.mRp.clN_peaks.xls:md5,f63f8ddc978c5facbcc1df3a819edcb0",
                "SPT5.mRp.clN.antibody.txt:md5,c69d87188194f59e4b44d9719049857a",
                "SPT5.mRp.clN.bed:md5,83e700a3787c8aa01678fec5966db21c",
                "SPT5.mRp.clN.boolean.intersect.txt:md5,314661728b47cad1638886cd19654d5f",
                "SPT5.mRp.clN.boolean.txt:md5,ec882128c09607d7aa749ba27618f790",
                "SPT5.mRp.clN.saf:md5,58606fa002e02e80e18d1c833d037ea7",
                "R_sessionInfo.log:md5,db7fe6dbb6fda028b710b2e2be8c32ba",
                "SPT5_T0_REP1.txt:md5,9371985debd60c1d2a20507cc9761e91",
                "SPT5_T0_REP2.txt:md5,72f2a6ea8aaddf373af4972a6c64abcb",
                "SPT5_T15_REP1.txt:md5,7e1b559c4746460fc1be89c8255a366a",
                "SPT5_T15_REP2.txt:md5,a8fd833406985e83d53e8d203244e63c",
                "SPT5_T0.mRp.clN.FRiP_mqc.tsv:md5,8c2dda315d7cfdb921ee5f2a9d9c3087",
                "SPT5_T0.mRp.clN.peak_count_mqc.tsv:md5,a8360c3adfc7769238589fc51ef9d247",
                "SPT5_T15.mRp.clN.FRiP_mqc.tsv:md5,3fb358a1b82029715e3d9d8fba2c8f2b",
                "SPT5_T15.mRp.clN.peak_count_mqc.tsv:md5,f581fa0735d6963585a6dcc75a39dfbf",
                "SPT5_INPUT.mRp.clN.sorted.bam.flagstat:md5,85437181cb58f5f9a292e496c3fd9766",
                "SPT5_INPUT.mRp.clN.sorted.bam.idxstats:md5,7d2dfbf4efd595c74c94ad99344340e5",
                "SPT5_INPUT.mRp.clN.sorted.bam.stats:md5,99ce12bb2cbc07137db1cade890d2d57",
                "SPT5_T0.mRp.clN.sorted.bam.flagstat:md5,edd31764ff6735cf49189c149ee77457",
                "SPT5_T0.mRp.clN.sorted.bam.idxstats:md5,e0bd3816d451d84b92176fae7013fa96",
                "SPT5_T0.mRp.clN.sorted.bam.stats:md5,4891ee937f5f51452fd1d85e06ef5a13",
                "SPT5_T15.mRp.clN.sorted.bam.flagstat:md5,b32c9832d11036f33ee9a3981bfe5172",
                "SPT5_T15.mRp.clN.sorted.bam.idxstats:md5,a681f7fcef61d31de4a2820280b118bd",
                "SPT5_T15.mRp.clN.sorted.bam.stats:md5,be01b00119981cccffc3483953d15f1c",
                "genome.fa:md5,4bad9f4b18056156a81f7f952abbe125",
                "genome.fa.fai:md5,6f4c0ce5258e6948135ad006e1f9ee1b",
                "genome.fa.sizes:md5,e122f8021a5ef14104c32785cb9b7adc",
                "cutadapt_filtered_reads_plot.yaml:md5,976fdb8049d847c977195863418e3655",
                "cutadapt_trimmed_sequences_plot_3_Counts.yaml:md5,e6733f4ff773a27d0ab81564913b4b54",
                "cutadapt_trimmed_sequences_plot_3_Obs_Exp.yaml:md5,9ffcfe37c02af14b8eddd4746066e56a",
                "fastqc-1-status-check-heatmap.yaml:md5,6c6e1591b5ff248c85446f9728a3dad4",
                "fastqc-1_adapter_content_plot.yaml:md5,d78273a7e4ff36434bb91246fef01523",
                "fastqc-1_per_base_n_content_plot.yaml:md5,3625446964b669ccff279aba54510462",
                "fastqc-1_per_base_sequence_quality_plot.yaml:md5,1fb4d35d6b94fc4f41d5be1304844b95",
                "fastqc-1_per_sequence_gc_content_plot_Counts.yaml:md5,101f11f9cebcc626755f32322b27ebd3",
                "fastqc-1_per_sequence_gc_content_plot_Percentages.yaml:md5,0055f4bbded45434618259f47fe5fe85",
                "fastqc-1_per_sequence_quality_scores_plot.yaml:md5,eed2628303916e49143ccf37300fb5de",
                "fastqc-1_sequence_counts_plot.yaml:md5,6ca3a8cf8d258777e29b8e8731157d90",
                "fastqc-1_sequence_duplication_levels_plot.yaml:md5,3e3622b7dd80be1db92ac06df8e3d056",
                "fastqc-1_top_overrepresented_sequences_table.yaml:md5,a333a02f5313876cf1713d7b0168d5f3",
                "fastqc-status-check-heatmap.yaml:md5,1e473e0f9140b718607d8c72cf3c0b45",
                "fastqc_adapter_content_plot.yaml:md5,591991daf3e3c49873f4a51a3710b072",
                "fastqc_per_base_n_content_plot.yaml:md5,c16a4af177b9ad9694a9535023906927",
                "fastqc_per_base_sequence_quality_plot.yaml:md5,20fc07ce2bc8e369d5fdd18afc6e60e9",
                "fastqc_per_sequence_gc_content_plot_Counts.yaml:md5,ab233171fb8fd4e717886b01868ebcf2",
                "fastqc_per_sequence_gc_content_plot_Percentages.yaml:md5,db29d683777cc0742585d1c48e712bd3",
                "fastqc_per_sequence_quality_scores_plot.yaml:md5,351b55974af5ee21294ebf5deb850d7c",
                "fastqc_sequence_counts_plot.yaml:md5,5522b2b42f0b3753dd359aad1565d7c2",
                "fastqc_sequence_duplication_levels_plot.yaml:md5,e883323380f2880c81ea36dc91ad8678",
                "fastqc_sequence_length_distribution_plot.yaml:md5,d57678f16381986766d56b631c838106",
                "fastqc_top_overrepresented_sequences_table.yaml:md5,443e161371f73cebf63c14f7a9f3580d",
                "featureCounts_assignment_plot.yaml:md5,04289e63bedc522bef9f6d05e7b1d748",
                "mrep_picard_alignment_readlength_plot.yaml:md5,cfb6ac99cfb81428267172c3e4e5f76e",
                "mrep_picard_alignment_summary_Aligned_Bases.yaml:md5,7fa7d2cc783a4b3e0fcde191b0556b35",
                "mrep_picard_alignment_summary_Aligned_Reads.yaml:md5,a1159b719f98f7494474f1afb099e7cb",
                "mrep_picard_deduplication.yaml:md5,1e2387f0484130a8ad2893725ba832f2",
                "mrep_picard_histogram_mrep_picard.yaml:md5,8a80554c91d9fca8acb82f023de02f11",
                "mrep_picard_histogram_mrep_picard_1.yaml:md5,ce4ea60699516e0ba3b48bc3962ad0c7",
                "mrep_picard_histogram_mrep_picard_2.yaml:md5,8955008081898921dbe4920ee2cc17c8",
                "mrep_picard_insert_size_Counts.yaml:md5,e738beccaae4eb0336961b5a69ad385b",
                "mrep_picard_insert_size_Percentages.yaml:md5,acbead9f956a3f275d018dbbf3352df0",
                "mrep_picard_quality_by_cycle.yaml:md5,b3624c6dd43ed7bdd1c0d2c242c9cd1d",
                "mrep_picard_quality_score_distribution.yaml:md5,19871096b0e528f9554d8f743e371b3e",
                "multiqc_citations.yaml:md5,fca5dc7cb20162434c714d26b11161f3",
                "multiqc_cutadapt.yaml:md5,d2e663f5d8770caa6056e2bd425d7159",
                "multiqc_fastqc.yaml:md5,30fe6d1a5e5c04695dda81294b828ec9",
                "multiqc_fastqc_1.yaml:md5,cd4a85c27c3cf85f1d0612afce793186",
                "multiqc_featurecounts.yaml:md5,d1a1edab1662e3db272de71f0cec583d",
                "multiqc_mrep_picard_AlignmentSummaryMetrics_mrep_picard.yaml:md5,3eb7841c612345708e16e2bf66db2ea4",
                "multiqc_mrep_picard_dups_mrep_picard.yaml:md5,33e323c17567f082cc48441d1210fe6f",
                "multiqc_mrep_picard_insertSize_mrep_picard.yaml:md5,496235ffd3ad5c3dc5e6311ba72ca020",
                "multiqc_mrep_picard_quality_by_cycle_mrep_picard.yaml:md5,ce4ea60699516e0ba3b48bc3962ad0c7",
                "multiqc_mrep_picard_quality_score_distribution_mrep_picard.yaml:md5,8955008081898921dbe4920ee2cc17c8",
                "multiqc_phantompeakqualtools.yaml:md5,454c9dcec953643d0666d45343e5a465",
                "multiqc_picard-1_AlignmentSummaryMetrics.yaml:md5,910c34a3121a7d4487bcf3cb55207384",
                "multiqc_picard-1_insertSize.yaml:md5,16201c88fece186148c98254636fa9e6",
                "multiqc_picard-1_quality_by_cycle.yaml:md5,526872757159b0bd6af9a5039177797a",
                "multiqc_picard-1_quality_score_distribution.yaml:md5,79c9e54f68b9416e3126b06c1d105566",
                "multiqc_picard_baseContent.yaml:md5,a0c1880f0f3c0e63e85787d76b74a429",
                "multiqc_picard_baseContent_mrep_picard.yaml:md5,52156bf5e8428a0a1b6fcfd171fa6146",
                "multiqc_picard_dups.yaml:md5,721d70bf8b989783143645ccb8d08455",
                "multiqc_samtools_flagstat.yaml:md5,601b23aea7001ea7f5e0be6b6365e772",
                "multiqc_samtools_flagstat_1.yaml:md5,15b7e81b7518c1864a6c505ccb32f2df",
                "multiqc_samtools_flagstat_2.yaml:md5,e4304235970c0dfe9aeb2941a8a342ce",
                "multiqc_samtools_flagstat_3.yaml:md5,92dfecc8902c6ba0de9a592843db88ba",
                "multiqc_samtools_idxstats.yaml:md5,9e6ecc522c159c111d41aabb9c798d0f",
                "multiqc_samtools_idxstats_1.yaml:md5,2ff19f2ed79bae9facb5710773080004",
                "multiqc_samtools_idxstats_2.yaml:md5,99aa2c5e1db7c750377f4495fa81f693",
                "multiqc_samtools_idxstats_3.yaml:md5,7acd1499d1ab56d45c9200208992b5ac",
                "multiqc_samtools_stats.yaml:md5,4f8a93da6af0cc847c99ec069eaabdb0",
                "multiqc_samtools_stats_1.yaml:md5,708591e7946f72bcb2fd3c0722dc554c",
                "multiqc_samtools_stats_2.yaml:md5,1b3cea67e8558bc77df36533f7d5ab8c",
                "multiqc_samtools_stats_3.yaml:md5,0d12afb0c8a68cbdd3ae9cab5f08b51c",
                "picard-1_alignment_readlength_plot.yaml:md5,c99d90a720884dfa66f477f7a13e681f",
                "picard-1_alignment_summary_Aligned_Bases.yaml:md5,b14ee00e59f209cad52b1a07685c38d2",
                "picard-1_alignment_summary_Aligned_Reads.yaml:md5,7d6c5677c692de58a6491c01367762be",
                "picard-1_histogram.yaml:md5,8a80554c91d9fca8acb82f023de02f11",
                "picard-1_histogram_1.yaml:md5,526872757159b0bd6af9a5039177797a",
                "picard-1_histogram_2.yaml:md5,79c9e54f68b9416e3126b06c1d105566",
                "picard-1_insert_size_Counts.yaml:md5,f614c442b35ff8c27db4a1e6d0ab03ce",
                "picard-1_insert_size_Percentages.yaml:md5,7db9e226a7a209c028565b264860fa0f",
                "picard-1_quality_by_cycle.yaml:md5,cedb46311f7cc819c462a64b91e167f3",
                "picard-1_quality_score_distribution.yaml:md5,4bf77c1d1b3e285c7890944354e9bcbd",
                "picard_base_distribution_by_cycle__Adenine-1.yaml:md5,3a175693322f853e8dcf5b7946780d77",
                "picard_base_distribution_by_cycle__Adenine.yaml:md5,da07ea85f68ef4d99772b3e7216ec242",
                "picard_base_distribution_by_cycle__Cytosine-1.yaml:md5,e90d3445b0146a273c0ff82a893042d2",
                "picard_base_distribution_by_cycle__Cytosine.yaml:md5,e2623d2c67a0f8abcc68f4b530031fc4",
                "picard_base_distribution_by_cycle__Guanine-1.yaml:md5,1ef7d7b89bc2c6d3292cbcebce676a41",
                "picard_base_distribution_by_cycle__Guanine.yaml:md5,a4629a62eba1d79deaf064195c5e5320",
                "picard_base_distribution_by_cycle__Thymine-1.yaml:md5,937d8191f6535487718c9956c2cb2138",
                "picard_base_distribution_by_cycle__Thymine.yaml:md5,1b58b1984ee58765915647627c3bfef2",
                "picard_base_distribution_by_cycle__Undetermined-1.yaml:md5,23f1622b664f54f03bf716fc88d0461b",
                "picard_base_distribution_by_cycle__Undetermined.yaml:md5,01c9667b3d66ee80de71daf62b9c4a07",
                "picard_deduplication.yaml:md5,e02f8703f07c37f064568607d6321d24",
                "picard_histogram.yaml:md5,8a80554c91d9fca8acb82f023de02f11",
                "picard_histogram_1.yaml:md5,8a80554c91d9fca8acb82f023de02f11",
                "picard_histogram_2.yaml:md5,8a80554c91d9fca8acb82f023de02f11",
                "samtools-flagstat-dp_Percentage_of_total-1.yaml:md5,7342b056780ccdac6db6df3a51f841aa",
                "samtools-flagstat-dp_Percentage_of_total-2.yaml:md5,23d1562aa31479dd63736d6d4a46a4e6",
                "samtools-flagstat-dp_Percentage_of_total-3.yaml:md5,e58e0408de0785cfce7d0ee8a34c6844",
                "samtools-flagstat-dp_Percentage_of_total.yaml:md5,d3cbbb549ccb8fb6038e872503396201",
                "samtools-flagstat-dp_Read_counts-1.yaml:md5,7342afa5e7fee42d744baddfb29e9567",
                "samtools-flagstat-dp_Read_counts-2.yaml:md5,024332a773c5f7ff529924014506e6a3",
                "samtools-flagstat-dp_Read_counts-3.yaml:md5,c514df571fd40e0c4aad030ecb73d1d6",
                "samtools-flagstat-dp_Read_counts.yaml:md5,e6b08e90403de66c56cfbafa2c4b778b",
                "samtools-idxstats-mapped-reads-plot_Normalised_Counts-1.yaml:md5,5297ed41b97a41f257408f5229c7de63",
                "samtools-idxstats-mapped-reads-plot_Normalised_Counts-2.yaml:md5,49a782c2b00fe0f09123614f99a9318d",
                "samtools-idxstats-mapped-reads-plot_Normalised_Counts-3.yaml:md5,38b4d49efa3b8a01796e9236cddf5c88",
                "samtools-idxstats-mapped-reads-plot_Normalised_Counts.yaml:md5,1b262636bad8ed71e4ad1723e7f62867",
                "samtools-idxstats-mapped-reads-plot_Observed_over_Expected_Counts-1.yaml:md5,f7a719fcf29a52132bfa1a0559fbd712",
                "samtools-idxstats-mapped-reads-plot_Observed_over_Expected_Counts-2.yaml:md5,bf95aa0b14e75e843939cb10bfb5ebf7",
                "samtools-idxstats-mapped-reads-plot_Observed_over_Expected_Counts-3.yaml:md5,40a2c4273e8fa8a22a63526192cda6b6",
                "samtools-idxstats-mapped-reads-plot_Observed_over_Expected_Counts.yaml:md5,abc8f48da8bb3ed6ebd335f81bc52c4c",
                "samtools-idxstats-mapped-reads-plot_Raw_Counts-1.yaml:md5,42353887cd98928c9a63099039260ab4",
                "samtools-idxstats-mapped-reads-plot_Raw_Counts-2.yaml:md5,bc7e8f4b1f7cf4049e017ead3b36c6b8",
                "samtools-idxstats-mapped-reads-plot_Raw_Counts-3.yaml:md5,517c48211308948212fd46e51af00149",
                "samtools-idxstats-mapped-reads-plot_Raw_Counts.yaml:md5,c813c38035d8ecf0d15240893b7010f2",
                "samtools-stats-dp.yaml:md5,261a356dd9f58dbf7a79c6c027e7042c",
                "samtools_alignment_plot.yaml:md5,62cacceba035840714e950e17d7dd609",
                "samplesheet.valid.csv:md5,276425084544b3baf533e2f17207a384"
            ]
        ],
        "meta": {
            "nf-test": "0.9.3",
            "nextflow": "25.10.0"
        },
        "timestamp": "2026-08-29T00:26:00.66202945"
    },
    "bowtie2 with stub": {
        "content": [
            20
        ],
        "meta": {
            "nf-test": "0.9.3",
            "nextflow": "25.10.0"
        },
        "timestamp": "2026-08-29T00:26:25.122697191"
    }
}