{
    "chromap": {
        "content": [
            274,
            {
                "ANNOTATE_BOOLEAN_PEAKS": {
                    "sed": 4.7
                },
                "BAMTOOLS_FILTER": {
                    "bamtools": "2.5.2",
                    "samtools": "1.15.1"
                },
                "BAM_REMOVE_ORPHANS": {
                    "samtools": "1.15.1"
                },
                "BEDTOOLS_GENOMECOV": {
                    "bedtools": "2.31.1"
                },
                "CHROMAP_CHROMAP": {
                    "chromap": "0.2.6-r490",
                    "samtools": 1.2
                },
                "CHROMAP_INDEX": {
                    "chromap": "0.2.6-r490"
                },
                "CUSTOM_GETCHROMSIZES": {
                    "getchromsizes": 1.2
                },
                "DESEQ2_QC": {
                    "bioconductor-deseq2": "1.50.2",
                    "r-base": "4.5.3"
                },
                "FASTQC": {
                    "fastqc": "0.12.1"
                },
                "FRIP_SCORE": {
                    "bedtools": "2.30.0",
                    "samtools": "1.15.1"
                },
                "GENOME_BLACKLIST_REGIONS": {
                    "bedtools": "2.30.0"
                },
                "GTF2BED": {
                    "perl": "5.26.2"
                },
                "HOMER_ANNOTATEPEAKS": {
                    "homer": 4.11
                },
                "IGV": {
                    "python": "3.8.3"
                },
                "MACS3_CALLPEAK": {
                    "macs3": "3.0.1"
                },
                "MACS3_CONSENSUS": {
                    "python": "3.12.3",
                    "r-base": "4.1.3"
                },
                "MERGED_LIBRARY_DEEPTOOLS_COMPUTEMATRIX": {
                    "deeptools": "3.5.6"
                },
                "MERGED_LIBRARY_DEEPTOOLS_PLOTFINGERPRINT": {
                    "deeptools": "3.5.6"
                },
                "MERGED_LIBRARY_DEEPTOOLS_PLOTHEATMAP": {
                    "deeptools": "3.5.6"
                },
                "MERGED_LIBRARY_DEEPTOOLS_PLOTPROFILE": {
                    "deeptools": "3.5.6"
                },
                "MERGED_LIBRARY_PHANTOMPEAKQUALTOOLS": {
                    "phantompeakqualtools": "1.2.2"
                },
                "MERGED_LIBRARY_PICARD_COLLECTMULTIPLEMETRICS": {
                    "picard": "3.2.0-1-g3948afb6b"
                },
                "MERGED_REPLICATE_DEEPTOOLS_COMPUTEMATRIX": {
                    "deeptools": "3.5.6"
                },
                "MERGED_REPLICATE_DEEPTOOLS_PLOTFINGERPRINT": {
                    "deeptools": "3.5.6"
                },
                "MERGED_REPLICATE_DEEPTOOLS_PLOTHEATMAP": {
                    "deeptools": "3.5.6"
                },
                "MERGED_REPLICATE_DEEPTOOLS_PLOTPROFILE": {
                    "deeptools": "3.5.6"
                },
                "MERGED_REPLICATE_PHANTOMPEAKQUALTOOLS": {
                    "phantompeakqualtools": "1.2.2"
                },
                "MERGED_REPLICATE_PICARD_COLLECTMULTIPLEMETRICS": {
                    "picard": "3.2.0-1-g3948afb6b"
                },
                "MULTIQC_CUSTOM_PEAKS": {
                    "sed": 4.7
                },
                "PICARD_MARKDUPLICATES": {
                    "picard": "3.2.0-1-g3948afb6b"
                },
                "PICARD_MERGESAMFILES_LIBRARY": {
                    "picard": "3.4.0"
                },
                "PICARD_MERGESAMFILES_REPLICATE": {
                    "picard": "3.4.0"
                },
                "PLOT_HOMER_ANNOTATEPEAKS": {
                    "r-base": "4.0.3"
                },
                "PLOT_MACS3_QC": {
                    "r-base": "4.0.3"
                },
                "SAMPLESHEET_CHECK": {
                    "python": "3.8.3"
                },
                "SAMTOOLS_FLAGSTAT": {
                    "samtools": "1.22.1"
                },
                "SAMTOOLS_IDXSTATS": {
                    "samtools": 1.2
                },
                "SAMTOOLS_INDEX": {
                    "samtools": 1.2
                },
                "SAMTOOLS_SORT": {
                    "samtools": 1.2
                },
                "SAMTOOLS_STATS": {
                    "samtools": 1.2
                },
                "SUBREAD_FEATURECOUNTS": {
                    "subread": "2.0.1"
                },
                "TRIMGALORE": {
                    "cutadapt": 3.4,
                    "trimgalore": "0.6.7"
                },
                "UCSC_BEDGRAPHTOBIGWIG": {
                    "ucsc": 445
                },
                "Workflow": {
                    "nf-core/chipseq": "v2.2.0dev"
                }
            },
            [
                "chromap",
                "chromap/merged_library",
                "chromap/merged_library/SPT5_INPUT_REP1.mLb.clN.sorted.bam",
                "chromap/merged_library/SPT5_INPUT_REP1.mLb.clN.sorted.bam.bai",
                "chromap/merged_library/SPT5_INPUT_REP2.mLb.clN.sorted.bam",
                "chromap/merged_library/SPT5_INPUT_REP2.mLb.clN.sorted.bam.bai",
                "chromap/merged_library/SPT5_T0_REP1.mLb.clN.sorted.bam",
                "chromap/merged_library/SPT5_T0_REP1.mLb.clN.sorted.bam.bai",
                "chromap/merged_library/SPT5_T0_REP2.mLb.clN.sorted.bam",
                "chromap/merged_library/SPT5_T0_REP2.mLb.clN.sorted.bam.bai",
                "chromap/merged_library/SPT5_T15_REP1.mLb.clN.sorted.bam",
                "chromap/merged_library/SPT5_T15_REP1.mLb.clN.sorted.bam.bai",
                "chromap/merged_library/SPT5_T15_REP2.mLb.clN.sorted.bam",
                "chromap/merged_library/SPT5_T15_REP2.mLb.clN.sorted.bam.bai",
                "chromap/merged_library/bigwig",
                "chromap/merged_library/bigwig/SPT5_INPUT_REP1.mLB.clN.bedGraph",
                "chromap/merged_library/bigwig/SPT5_INPUT_REP1.mLb.clN.bigWig",
                "chromap/merged_library/bigwig/SPT5_INPUT_REP2.mLB.clN.bedGraph",
                "chromap/merged_library/bigwig/SPT5_INPUT_REP2.mLb.clN.bigWig",
                "chromap/merged_library/bigwig/SPT5_T0_REP1.mLB.clN.bedGraph",
                "chromap/merged_library/bigwig/SPT5_T0_REP1.mLb.clN.bigWig",
                "chromap/merged_library/bigwig/SPT5_T0_REP2.mLB.clN.bedGraph",
                "chromap/merged_library/bigwig/SPT5_T0_REP2.mLb.clN.bigWig",
                "chromap/merged_library/bigwig/SPT5_T15_REP1.mLB.clN.bedGraph",
                "chromap/merged_library/bigwig/SPT5_T15_REP1.mLb.clN.bigWig",
                "chromap/merged_library/bigwig/SPT5_T15_REP2.mLB.clN.bedGraph",
                "chromap/merged_library/bigwig/SPT5_T15_REP2.mLb.clN.bigWig",
                "chromap/merged_library/deepTools",
                "chromap/merged_library/deepTools/plotFingerprint",
                "chromap/merged_library/deepTools/plotFingerprint/SPT5_T0_REP1.mLb.clN.plotFingerprint.pdf",
                "chromap/merged_library/deepTools/plotFingerprint/SPT5_T0_REP1.mLb.clN.plotFingerprint.qcmetrics.txt",
                "chromap/merged_library/deepTools/plotFingerprint/SPT5_T0_REP1.mLb.clN.plotFingerprint.raw.txt",
                "chromap/merged_library/deepTools/plotFingerprint/SPT5_T0_REP2.mLb.clN.plotFingerprint.pdf",
                "chromap/merged_library/deepTools/plotFingerprint/SPT5_T0_REP2.mLb.clN.plotFingerprint.qcmetrics.txt",
                "chromap/merged_library/deepTools/plotFingerprint/SPT5_T0_REP2.mLb.clN.plotFingerprint.raw.txt",
                "chromap/merged_library/deepTools/plotFingerprint/SPT5_T15_REP1.mLb.clN.plotFingerprint.pdf",
                "chromap/merged_library/deepTools/plotFingerprint/SPT5_T15_REP1.mLb.clN.plotFingerprint.qcmetrics.txt",
                "chromap/merged_library/deepTools/plotFingerprint/SPT5_T15_REP1.mLb.clN.plotFingerprint.raw.txt",
                "chromap/merged_library/deepTools/plotFingerprint/SPT5_T15_REP2.mLb.clN.plotFingerprint.pdf",
                "chromap/merged_library/deepTools/plotFingerprint/SPT5_T15_REP2.mLb.clN.plotFingerprint.qcmetrics.txt",
                "chromap/merged_library/deepTools/plotFingerprint/SPT5_T15_REP2.mLb.clN.plotFingerprint.raw.txt",
                "chromap/merged_library/deepTools/plotProfile",
                "chromap/merged_library/deepTools/plotProfile/SPT5_INPUT_REP1.mLb.clN.computeMatrix.mat.gz",
                "chromap/merged_library/deepTools/plotProfile/SPT5_INPUT_REP1.mLb.clN.computeMatrix.vals.mat.tab",
                "chromap/merged_library/deepTools/plotProfile/SPT5_INPUT_REP1.mLb.clN.plotHeatmap.mat.tab",
                "chromap/merged_library/deepTools/plotProfile/SPT5_INPUT_REP1.mLb.clN.plotHeatmap.pdf",
                "chromap/merged_library/deepTools/plotProfile/SPT5_INPUT_REP1.mLb.clN.plotProfile.pdf",
                "chromap/merged_library/deepTools/plotProfile/SPT5_INPUT_REP1.mLb.clN.plotProfile.tab",
                "chromap/merged_library/deepTools/plotProfile/SPT5_INPUT_REP2.mLb.clN.computeMatrix.mat.gz",
                "chromap/merged_library/deepTools/plotProfile/SPT5_INPUT_REP2.mLb.clN.computeMatrix.vals.mat.tab",
                "chromap/merged_library/deepTools/plotProfile/SPT5_INPUT_REP2.mLb.clN.plotHeatmap.mat.tab",
                "chromap/merged_library/deepTools/plotProfile/SPT5_INPUT_REP2.mLb.clN.plotHeatmap.pdf",
                "chromap/merged_library/deepTools/plotProfile/SPT5_INPUT_REP2.mLb.clN.plotProfile.pdf",
                "chromap/merged_library/deepTools/plotProfile/SPT5_INPUT_REP2.mLb.clN.plotProfile.tab",
                "chromap/merged_library/deepTools/plotProfile/SPT5_T0_REP1.mLb.clN.computeMatrix.mat.gz",
                "chromap/merged_library/deepTools/plotProfile/SPT5_T0_REP1.mLb.clN.computeMatrix.vals.mat.tab",
                "chromap/merged_library/deepTools/plotProfile/SPT5_T0_REP1.mLb.clN.plotHeatmap.mat.tab",
                "chromap/merged_library/deepTools/plotProfile/SPT5_T0_REP1.mLb.clN.plotHeatmap.pdf",
                "chromap/merged_library/deepTools/plotProfile/SPT5_T0_REP1.mLb.clN.plotProfile.pdf",
                "chromap/merged_library/deepTools/plotProfile/SPT5_T0_REP1.mLb.clN.plotProfile.tab",
                "chromap/merged_library/deepTools/plotProfile/SPT5_T0_REP2.mLb.clN.computeMatrix.mat.gz",
                "chromap/merged_library/deepTools/plotProfile/SPT5_T0_REP2.mLb.clN.computeMatrix.vals.mat.tab",
                "chromap/merged_library/deepTools/plotProfile/SPT5_T0_REP2.mLb.clN.plotHeatmap.mat.tab",
                "chromap/merged_library/deepTools/plotProfile/SPT5_T0_REP2.mLb.clN.plotHeatmap.pdf",
                "chromap/merged_library/deepTools/plotProfile/SPT5_T0_REP2.mLb.clN.plotProfile.pdf",
                "chromap/merged_library/deepTools/plotProfile/SPT5_T0_REP2.mLb.clN.plotProfile.tab",
                "chromap/merged_library/deepTools/plotProfile/SPT5_T15_REP1.mLb.clN.computeMatrix.mat.gz",
                "chromap/merged_library/deepTools/plotProfile/SPT5_T15_REP1.mLb.clN.computeMatrix.vals.mat.tab",
                "chromap/merged_library/deepTools/plotProfile/SPT5_T15_REP1.mLb.clN.plotHeatmap.mat.tab",
                "chromap/merged_library/deepTools/plotProfile/SPT5_T15_REP1.mLb.clN.plotHeatmap.pdf",
                "chromap/merged_library/deepTools/plotProfile/SPT5_T15_REP1.mLb.clN.plotProfile.pdf",
                "chromap/merged_library/deepTools/plotProfile/SPT5_T15_REP1.mLb.clN.plotProfile.tab",
                "chromap/merged_library/deepTools/plotProfile/SPT5_T15_REP2.mLb.clN.computeMatrix.mat.gz",
                "chromap/merged_library/deepTools/plotProfile/SPT5_T15_REP2.mLb.clN.computeMatrix.vals.mat.tab",
                "chromap/merged_library/deepTools/plotProfile/SPT5_T15_REP2.mLb.clN.plotHeatmap.mat.tab",
                "chromap/merged_library/deepTools/plotProfile/SPT5_T15_REP2.mLb.clN.plotHeatmap.pdf",
                "chromap/merged_library/deepTools/plotProfile/SPT5_T15_REP2.mLb.clN.plotProfile.pdf",
                "chromap/merged_library/deepTools/plotProfile/SPT5_T15_REP2.mLb.clN.plotProfile.tab",
                "chromap/merged_library/macs3",
                "chromap/merged_library/macs3/broad_peak",
                "chromap/merged_library/macs3/broad_peak/SPT5_T0_REP1_peaks.annotatePeaks.txt",
                "chromap/merged_library/macs3/broad_peak/SPT5_T0_REP1_peaks.broadPeak",
                "chromap/merged_library/macs3/broad_peak/SPT5_T0_REP1_peaks.gappedPeak",
                "chromap/merged_library/macs3/broad_peak/SPT5_T0_REP1_peaks.xls",
                "chromap/merged_library/macs3/broad_peak/SPT5_T0_REP2_peaks.annotatePeaks.txt",
                "chromap/merged_library/macs3/broad_peak/SPT5_T0_REP2_peaks.broadPeak",
                "chromap/merged_library/macs3/broad_peak/SPT5_T0_REP2_peaks.gappedPeak",
                "chromap/merged_library/macs3/broad_peak/SPT5_T0_REP2_peaks.xls",
                "chromap/merged_library/macs3/broad_peak/SPT5_T15_REP1_peaks.annotatePeaks.txt",
                "chromap/merged_library/macs3/broad_peak/SPT5_T15_REP1_peaks.broadPeak",
                "chromap/merged_library/macs3/broad_peak/SPT5_T15_REP1_peaks.gappedPeak",
                "chromap/merged_library/macs3/broad_peak/SPT5_T15_REP1_peaks.xls",
                "chromap/merged_library/macs3/broad_peak/SPT5_T15_REP2_peaks.annotatePeaks.txt",
                "chromap/merged_library/macs3/broad_peak/SPT5_T15_REP2_peaks.broadPeak",
                "chromap/merged_library/macs3/broad_peak/SPT5_T15_REP2_peaks.gappedPeak",
                "chromap/merged_library/macs3/broad_peak/SPT5_T15_REP2_peaks.xls",
                "chromap/merged_library/macs3/broad_peak/consensus",
                "chromap/merged_library/macs3/broad_peak/consensus/SPT5",
                "chromap/merged_library/macs3/broad_peak/consensus/SPT5/SPT5.consensus_peaks.annotatePeaks.txt",
                "chromap/merged_library/macs3/broad_peak/consensus/SPT5/SPT5.consensus_peaks.antibody.txt",
                "chromap/merged_library/macs3/broad_peak/consensus/SPT5/SPT5.consensus_peaks.bed",
                "chromap/merged_library/macs3/broad_peak/consensus/SPT5/SPT5.consensus_peaks.boolean.annotatePeaks.txt",
                "chromap/merged_library/macs3/broad_peak/consensus/SPT5/SPT5.consensus_peaks.boolean.intersect.plot.pdf",
                "chromap/merged_library/macs3/broad_peak/consensus/SPT5/SPT5.consensus_peaks.boolean.intersect.txt",
                "chromap/merged_library/macs3/broad_peak/consensus/SPT5/SPT5.consensus_peaks.boolean.txt",
                "chromap/merged_library/macs3/broad_peak/consensus/SPT5/SPT5.consensus_peaks.featureCounts.txt",
                "chromap/merged_library/macs3/broad_peak/consensus/SPT5/SPT5.consensus_peaks.featureCounts.txt.summary",
                "chromap/merged_library/macs3/broad_peak/consensus/SPT5/SPT5.consensus_peaks.saf",
                "chromap/merged_library/macs3/broad_peak/consensus/SPT5/deseq2",
                "chromap/merged_library/macs3/broad_peak/consensus/SPT5/deseq2/R_sessionInfo.log",
                "chromap/merged_library/macs3/broad_peak/consensus/SPT5/deseq2/SPT5.consensus_peaks.dds.RData",
                "chromap/merged_library/macs3/broad_peak/consensus/SPT5/deseq2/SPT5.consensus_peaks.pca.vals.txt",
                "chromap/merged_library/macs3/broad_peak/consensus/SPT5/deseq2/SPT5.consensus_peaks.pca.vals_mqc.tsv",
                "chromap/merged_library/macs3/broad_peak/consensus/SPT5/deseq2/SPT5.consensus_peaks.plots.pdf",
                "chromap/merged_library/macs3/broad_peak/consensus/SPT5/deseq2/SPT5.consensus_peaks.rds",
                "chromap/merged_library/macs3/broad_peak/consensus/SPT5/deseq2/SPT5.consensus_peaks.sample.dists.txt",
                "chromap/merged_library/macs3/broad_peak/consensus/SPT5/deseq2/SPT5.consensus_peaks.sample.dists_mqc.tsv",
                "chromap/merged_library/macs3/broad_peak/consensus/SPT5/deseq2/size_factors",
                "chromap/merged_library/macs3/broad_peak/consensus/SPT5/deseq2/size_factors/SPT5.consensus_peaks.size_factors.RData",
                "chromap/merged_library/macs3/broad_peak/consensus/SPT5/deseq2/size_factors/SPT5_T0_REP1.txt",
                "chromap/merged_library/macs3/broad_peak/consensus/SPT5/deseq2/size_factors/SPT5_T0_REP2.txt",
                "chromap/merged_library/macs3/broad_peak/consensus/SPT5/deseq2/size_factors/SPT5_T15_REP1.txt",
                "chromap/merged_library/macs3/broad_peak/consensus/SPT5/deseq2/size_factors/SPT5_T15_REP2.txt",
                "chromap/merged_library/macs3/broad_peak/qc",
                "chromap/merged_library/macs3/broad_peak/qc/SPT5_T0_REP1.FRiP_mqc.tsv",
                "chromap/merged_library/macs3/broad_peak/qc/SPT5_T0_REP1.peak_count_mqc.tsv",
                "chromap/merged_library/macs3/broad_peak/qc/SPT5_T0_REP2.FRiP_mqc.tsv",
                "chromap/merged_library/macs3/broad_peak/qc/SPT5_T0_REP2.peak_count_mqc.tsv",
                "chromap/merged_library/macs3/broad_peak/qc/SPT5_T15_REP1.FRiP_mqc.tsv",
                "chromap/merged_library/macs3/broad_peak/qc/SPT5_T15_REP1.peak_count_mqc.tsv",
                "chromap/merged_library/macs3/broad_peak/qc/SPT5_T15_REP2.FRiP_mqc.tsv",
                "chromap/merged_library/macs3/broad_peak/qc/SPT5_T15_REP2.peak_count_mqc.tsv",
                "chromap/merged_library/macs3/broad_peak/qc/macs3_annotatePeaks.plots.pdf",
                "chromap/merged_library/macs3/broad_peak/qc/macs3_annotatePeaks.summary.txt",
                "chromap/merged_library/macs3/broad_peak/qc/macs3_annotatePeaks.summary_mqc.tsv",
                "chromap/merged_library/macs3/broad_peak/qc/macs3_peak.plots.pdf",
                "chromap/merged_library/macs3/broad_peak/qc/macs3_peak.summary.txt",
                "chromap/merged_library/phantompeakqualtools",
                "chromap/merged_library/phantompeakqualtools/SPT5_INPUT_REP1.spp.out",
                "chromap/merged_library/phantompeakqualtools/SPT5_INPUT_REP1.spp.pdf",
                "chromap/merged_library/phantompeakqualtools/SPT5_INPUT_REP1.spp_correlation_mqc.tsv",
                "chromap/merged_library/phantompeakqualtools/SPT5_INPUT_REP1.spp_nsc_mqc.tsv",
                "chromap/merged_library/phantompeakqualtools/SPT5_INPUT_REP1.spp_rsc_mqc.tsv",
                "chromap/merged_library/phantompeakqualtools/SPT5_INPUT_REP2.spp.out",
                "chromap/merged_library/phantompeakqualtools/SPT5_INPUT_REP2.spp.pdf",
                "chromap/merged_library/phantompeakqualtools/SPT5_INPUT_REP2.spp_correlation_mqc.tsv",
                "chromap/merged_library/phantompeakqualtools/SPT5_INPUT_REP2.spp_nsc_mqc.tsv",
                "chromap/merged_library/phantompeakqualtools/SPT5_INPUT_REP2.spp_rsc_mqc.tsv",
                "chromap/merged_library/phantompeakqualtools/SPT5_T0_REP1.spp.out",
                "chromap/merged_library/phantompeakqualtools/SPT5_T0_REP1.spp.pdf",
                "chromap/merged_library/phantompeakqualtools/SPT5_T0_REP1.spp_correlation_mqc.tsv",
                "chromap/merged_library/phantompeakqualtools/SPT5_T0_REP1.spp_nsc_mqc.tsv",
                "chromap/merged_library/phantompeakqualtools/SPT5_T0_REP1.spp_rsc_mqc.tsv",
                "chromap/merged_library/phantompeakqualtools/SPT5_T0_REP2.spp.out",
                "chromap/merged_library/phantompeakqualtools/SPT5_T0_REP2.spp.pdf",
                "chromap/merged_library/phantompeakqualtools/SPT5_T0_REP2.spp_correlation_mqc.tsv",
                "chromap/merged_library/phantompeakqualtools/SPT5_T0_REP2.spp_nsc_mqc.tsv",
                "chromap/merged_library/phantompeakqualtools/SPT5_T0_REP2.spp_rsc_mqc.tsv",
                "chromap/merged_library/phantompeakqualtools/SPT5_T15_REP1.spp.out",
                "chromap/merged_library/phantompeakqualtools/SPT5_T15_REP1.spp.pdf",
                "chromap/merged_library/phantompeakqualtools/SPT5_T15_REP1.spp_correlation_mqc.tsv",
                "chromap/merged_library/phantompeakqualtools/SPT5_T15_REP1.spp_nsc_mqc.tsv",
                "chromap/merged_library/phantompeakqualtools/SPT5_T15_REP1.spp_rsc_mqc.tsv",
                "chromap/merged_library/phantompeakqualtools/SPT5_T15_REP2.spp.out",
                "chromap/merged_library/phantompeakqualtools/SPT5_T15_REP2.spp.pdf",
                "chromap/merged_library/phantompeakqualtools/SPT5_T15_REP2.spp_correlation_mqc.tsv",
                "chromap/merged_library/phantompeakqualtools/SPT5_T15_REP2.spp_nsc_mqc.tsv",
                "chromap/merged_library/phantompeakqualtools/SPT5_T15_REP2.spp_rsc_mqc.tsv",
                "chromap/merged_library/picard_metrics",
                "chromap/merged_library/picard_metrics/SPT5_INPUT_REP1.mLb.clN.sorted.CollectMultipleMetrics.alignment_summary_metrics",
                "chromap/merged_library/picard_metrics/SPT5_INPUT_REP1.mLb.clN.sorted.CollectMultipleMetrics.base_distribution_by_cycle_metrics",
                "chromap/merged_library/picard_metrics/SPT5_INPUT_REP1.mLb.clN.sorted.CollectMultipleMetrics.insert_size_metrics",
                "chromap/merged_library/picard_metrics/SPT5_INPUT_REP1.mLb.clN.sorted.CollectMultipleMetrics.quality_by_cycle_metrics",
                "chromap/merged_library/picard_metrics/SPT5_INPUT_REP1.mLb.clN.sorted.CollectMultipleMetrics.quality_distribution_metrics",
                "chromap/merged_library/picard_metrics/SPT5_INPUT_REP1.mLb.mkD.sorted.MarkDuplicates.metrics.txt",
                "chromap/merged_library/picard_metrics/SPT5_INPUT_REP2.mLb.clN.sorted.CollectMultipleMetrics.alignment_summary_metrics",
                "chromap/merged_library/picard_metrics/SPT5_INPUT_REP2.mLb.clN.sorted.CollectMultipleMetrics.base_distribution_by_cycle_metrics",
                "chromap/merged_library/picard_metrics/SPT5_INPUT_REP2.mLb.clN.sorted.CollectMultipleMetrics.insert_size_metrics",
                "chromap/merged_library/picard_metrics/SPT5_INPUT_REP2.mLb.clN.sorted.CollectMultipleMetrics.quality_by_cycle_metrics",
                "chromap/merged_library/picard_metrics/SPT5_INPUT_REP2.mLb.clN.sorted.CollectMultipleMetrics.quality_distribution_metrics",
                "chromap/merged_library/picard_metrics/SPT5_INPUT_REP2.mLb.mkD.sorted.MarkDuplicates.metrics.txt",
                "chromap/merged_library/picard_metrics/SPT5_T0_REP1.mLb.clN.sorted.CollectMultipleMetrics.alignment_summary_metrics",
                "chromap/merged_library/picard_metrics/SPT5_T0_REP1.mLb.clN.sorted.CollectMultipleMetrics.base_distribution_by_cycle_metrics",
                "chromap/merged_library/picard_metrics/SPT5_T0_REP1.mLb.clN.sorted.CollectMultipleMetrics.insert_size_metrics",
                "chromap/merged_library/picard_metrics/SPT5_T0_REP1.mLb.clN.sorted.CollectMultipleMetrics.quality_by_cycle_metrics",
                "chromap/merged_library/picard_metrics/SPT5_T0_REP1.mLb.clN.sorted.CollectMultipleMetrics.quality_distribution_metrics",
                "chromap/merged_library/picard_metrics/SPT5_T0_REP1.mLb.mkD.sorted.MarkDuplicates.metrics.txt",
                "chromap/merged_library/picard_metrics/SPT5_T0_REP2.mLb.clN.sorted.CollectMultipleMetrics.alignment_summary_metrics",
                "chromap/merged_library/picard_metrics/SPT5_T0_REP2.mLb.clN.sorted.CollectMultipleMetrics.base_distribution_by_cycle_metrics",
                "chromap/merged_library/picard_metrics/SPT5_T0_REP2.mLb.clN.sorted.CollectMultipleMetrics.insert_size_metrics",
                "chromap/merged_library/picard_metrics/SPT5_T0_REP2.mLb.clN.sorted.CollectMultipleMetrics.quality_by_cycle_metrics",
                "chromap/merged_library/picard_metrics/SPT5_T0_REP2.mLb.clN.sorted.CollectMultipleMetrics.quality_distribution_metrics",
                "chromap/merged_library/picard_metrics/SPT5_T0_REP2.mLb.mkD.sorted.MarkDuplicates.metrics.txt",
                "chromap/merged_library/picard_metrics/SPT5_T15_REP1.mLb.clN.sorted.CollectMultipleMetrics.alignment_summary_metrics",
                "chromap/merged_library/picard_metrics/SPT5_T15_REP1.mLb.clN.sorted.CollectMultipleMetrics.base_distribution_by_cycle_metrics",
                "chromap/merged_library/picard_metrics/SPT5_T15_REP1.mLb.clN.sorted.CollectMultipleMetrics.insert_size_metrics",
                "chromap/merged_library/picard_metrics/SPT5_T15_REP1.mLb.clN.sorted.CollectMultipleMetrics.quality_by_cycle_metrics",
                "chromap/merged_library/picard_metrics/SPT5_T15_REP1.mLb.clN.sorted.CollectMultipleMetrics.quality_distribution_metrics",
                "chromap/merged_library/picard_metrics/SPT5_T15_REP1.mLb.mkD.sorted.MarkDuplicates.metrics.txt",
                "chromap/merged_library/picard_metrics/SPT5_T15_REP2.mLb.clN.sorted.CollectMultipleMetrics.alignment_summary_metrics",
                "chromap/merged_library/picard_metrics/SPT5_T15_REP2.mLb.clN.sorted.CollectMultipleMetrics.base_distribution_by_cycle_metrics",
                "chromap/merged_library/picard_metrics/SPT5_T15_REP2.mLb.clN.sorted.CollectMultipleMetrics.insert_size_metrics",
                "chromap/merged_library/picard_metrics/SPT5_T15_REP2.mLb.clN.sorted.CollectMultipleMetrics.quality_by_cycle_metrics",
                "chromap/merged_library/picard_metrics/SPT5_T15_REP2.mLb.clN.sorted.CollectMultipleMetrics.quality_distribution_metrics",
                "chromap/merged_library/picard_metrics/SPT5_T15_REP2.mLb.mkD.sorted.MarkDuplicates.metrics.txt",
                "chromap/merged_library/picard_metrics/pdf",
                "chromap/merged_library/picard_metrics/pdf/SPT5_INPUT_REP1.mLb.clN.sorted.CollectMultipleMetrics.base_distribution_by_cycle.pdf",
                "chromap/merged_library/picard_metrics/pdf/SPT5_INPUT_REP1.mLb.clN.sorted.CollectMultipleMetrics.insert_size_histogram.pdf",
                "chromap/merged_library/picard_metrics/pdf/SPT5_INPUT_REP1.mLb.clN.sorted.CollectMultipleMetrics.quality_by_cycle.pdf",
                "chromap/merged_library/picard_metrics/pdf/SPT5_INPUT_REP1.mLb.clN.sorted.CollectMultipleMetrics.quality_distribution.pdf",
                "chromap/merged_library/picard_metrics/pdf/SPT5_INPUT_REP1.mLb.clN.sorted.CollectMultipleMetrics.read_length_histogram.pdf",
                "chromap/merged_library/picard_metrics/pdf/SPT5_INPUT_REP2.mLb.clN.sorted.CollectMultipleMetrics.base_distribution_by_cycle.pdf",
                "chromap/merged_library/picard_metrics/pdf/SPT5_INPUT_REP2.mLb.clN.sorted.CollectMultipleMetrics.insert_size_histogram.pdf",
                "chromap/merged_library/picard_metrics/pdf/SPT5_INPUT_REP2.mLb.clN.sorted.CollectMultipleMetrics.quality_by_cycle.pdf",
                "chromap/merged_library/picard_metrics/pdf/SPT5_INPUT_REP2.mLb.clN.sorted.CollectMultipleMetrics.quality_distribution.pdf",
                "chromap/merged_library/picard_metrics/pdf/SPT5_INPUT_REP2.mLb.clN.sorted.CollectMultipleMetrics.read_length_histogram.pdf",
                "chromap/merged_library/picard_metrics/pdf/SPT5_T0_REP1.mLb.clN.sorted.CollectMultipleMetrics.base_distribution_by_cycle.pdf",
                "chromap/merged_library/picard_metrics/pdf/SPT5_T0_REP1.mLb.clN.sorted.CollectMultipleMetrics.insert_size_histogram.pdf",
                "chromap/merged_library/picard_metrics/pdf/SPT5_T0_REP1.mLb.clN.sorted.CollectMultipleMetrics.quality_by_cycle.pdf",
                "chromap/merged_library/picard_metrics/pdf/SPT5_T0_REP1.mLb.clN.sorted.CollectMultipleMetrics.quality_distribution.pdf",
                "chromap/merged_library/picard_metrics/pdf/SPT5_T0_REP1.mLb.clN.sorted.CollectMultipleMetrics.read_length_histogram.pdf",
                "chromap/merged_library/picard_metrics/pdf/SPT5_T0_REP2.mLb.clN.sorted.CollectMultipleMetrics.base_distribution_by_cycle.pdf",
                "chromap/merged_library/picard_metrics/pdf/SPT5_T0_REP2.mLb.clN.sorted.CollectMultipleMetrics.insert_size_histogram.pdf",
                "chromap/merged_library/picard_metrics/pdf/SPT5_T0_REP2.mLb.clN.sorted.CollectMultipleMetrics.quality_by_cycle.pdf",
                "chromap/merged_library/picard_metrics/pdf/SPT5_T0_REP2.mLb.clN.sorted.CollectMultipleMetrics.quality_distribution.pdf",
                "chromap/merged_library/picard_metrics/pdf/SPT5_T0_REP2.mLb.clN.sorted.CollectMultipleMetrics.read_length_histogram.pdf",
                "chromap/merged_library/picard_metrics/pdf/SPT5_T15_REP1.mLb.clN.sorted.CollectMultipleMetrics.base_distribution_by_cycle.pdf",
                "chromap/merged_library/picard_metrics/pdf/SPT5_T15_REP1.mLb.clN.sorted.CollectMultipleMetrics.insert_size_histogram.pdf",
                "chromap/merged_library/picard_metrics/pdf/SPT5_T15_REP1.mLb.clN.sorted.CollectMultipleMetrics.quality_by_cycle.pdf",
                "chromap/merged_library/picard_metrics/pdf/SPT5_T15_REP1.mLb.clN.sorted.CollectMultipleMetrics.quality_distribution.pdf",
                "chromap/merged_library/picard_metrics/pdf/SPT5_T15_REP1.mLb.clN.sorted.CollectMultipleMetrics.read_length_histogram.pdf",
                "chromap/merged_library/picard_metrics/pdf/SPT5_T15_REP2.mLb.clN.sorted.CollectMultipleMetrics.base_distribution_by_cycle.pdf",
                "chromap/merged_library/picard_metrics/pdf/SPT5_T15_REP2.mLb.clN.sorted.CollectMultipleMetrics.insert_size_histogram.pdf",
                "chromap/merged_library/picard_metrics/pdf/SPT5_T15_REP2.mLb.clN.sorted.CollectMultipleMetrics.quality_by_cycle.pdf",
                "chromap/merged_library/picard_metrics/pdf/SPT5_T15_REP2.mLb.clN.sorted.CollectMultipleMetrics.quality_distribution.pdf",
                "chromap/merged_library/picard_metrics/pdf/SPT5_T15_REP2.mLb.clN.sorted.CollectMultipleMetrics.read_length_histogram.pdf",
                "chromap/merged_library/samtools_stats",
                "chromap/merged_library/samtools_stats/SPT5_INPUT_REP1.mLb.clN.sorted.bam.flagstat",
                "chromap/merged_library/samtools_stats/SPT5_INPUT_REP1.mLb.clN.sorted.bam.idxstats",
                "chromap/merged_library/samtools_stats/SPT5_INPUT_REP1.mLb.clN.sorted.bam.stats",
                "chromap/merged_library/samtools_stats/SPT5_INPUT_REP2.mLb.clN.sorted.bam.flagstat",
                "chromap/merged_library/samtools_stats/SPT5_INPUT_REP2.mLb.clN.sorted.bam.idxstats",
                "chromap/merged_library/samtools_stats/SPT5_INPUT_REP2.mLb.clN.sorted.bam.stats",
                "chromap/merged_library/samtools_stats/SPT5_T0_REP1.mLb.clN.sorted.bam.flagstat",
                "chromap/merged_library/samtools_stats/SPT5_T0_REP1.mLb.clN.sorted.bam.idxstats",
                "chromap/merged_library/samtools_stats/SPT5_T0_REP1.mLb.clN.sorted.bam.stats",
                "chromap/merged_library/samtools_stats/SPT5_T0_REP2.mLb.clN.sorted.bam.flagstat",
                "chromap/merged_library/samtools_stats/SPT5_T0_REP2.mLb.clN.sorted.bam.idxstats",
                "chromap/merged_library/samtools_stats/SPT5_T0_REP2.mLb.clN.sorted.bam.stats",
                "chromap/merged_library/samtools_stats/SPT5_T15_REP1.mLb.clN.sorted.bam.flagstat",
                "chromap/merged_library/samtools_stats/SPT5_T15_REP1.mLb.clN.sorted.bam.idxstats",
                "chromap/merged_library/samtools_stats/SPT5_T15_REP1.mLb.clN.sorted.bam.stats",
                "chromap/merged_library/samtools_stats/SPT5_T15_REP2.mLb.clN.sorted.bam.flagstat",
                "chromap/merged_library/samtools_stats/SPT5_T15_REP2.mLb.clN.sorted.bam.idxstats",
                "chromap/merged_library/samtools_stats/SPT5_T15_REP2.mLb.clN.sorted.bam.stats",
                "chromap/merged_replicate",
                "chromap/merged_replicate/SPT5_INPUT.mRp.clN.sorted.bam",
                "chromap/merged_replicate/SPT5_INPUT.mRp.clN.sorted.bam.bai",
                "chromap/merged_replicate/SPT5_T0.mRp.clN.sorted.bam",
                "chromap/merged_replicate/SPT5_T0.mRp.clN.sorted.bam.bai",
                "chromap/merged_replicate/SPT5_T15.mRp.clN.sorted.bam",
                "chromap/merged_replicate/SPT5_T15.mRp.clN.sorted.bam.bai",
                "chromap/merged_replicate/bigwig",
                "chromap/merged_replicate/bigwig/SPT5_INPUT.mRp.clN.bedGraph",
                "chromap/merged_replicate/bigwig/SPT5_INPUT.mRp.clN.bigWig",
                "chromap/merged_replicate/bigwig/SPT5_T0.mRp.clN.bedGraph",
                "chromap/merged_replicate/bigwig/SPT5_T0.mRp.clN.bigWig",
                "chromap/merged_replicate/bigwig/SPT5_T15.mRp.clN.bedGraph",
                "chromap/merged_replicate/bigwig/SPT5_T15.mRp.clN.bigWig",
                "chromap/merged_replicate/deepTools",
                "chromap/merged_replicate/deepTools/plotFingerprint",
                "chromap/merged_replicate/deepTools/plotFingerprint/SPT5_T0.mRp.clN.plotFingerprint.pdf",
                "chromap/merged_replicate/deepTools/plotFingerprint/SPT5_T0.mRp.clN.plotFingerprint.qcmetrics.txt",
                "chromap/merged_replicate/deepTools/plotFingerprint/SPT5_T0.mRp.clN.plotFingerprint.raw.txt",
                "chromap/merged_replicate/deepTools/plotFingerprint/SPT5_T15.mRp.clN.plotFingerprint.pdf",
                "chromap/merged_replicate/deepTools/plotFingerprint/SPT5_T15.mRp.clN.plotFingerprint.qcmetrics.txt",
                "chromap/merged_replicate/deepTools/plotFingerprint/SPT5_T15.mRp.clN.plotFingerprint.raw.txt",
                "chromap/merged_replicate/deepTools/plotProfile",
                "chromap/merged_replicate/deepTools/plotProfile/SPT5_INPUT.mRp.clN.computeMatrix.mat.gz",
                "chromap/merged_replicate/deepTools/plotProfile/SPT5_INPUT.mRp.clN.computeMatrix.vals.mat.tab",
                "chromap/merged_replicate/deepTools/plotProfile/SPT5_INPUT.mRp.clN.plotHeatmap.mat.tab",
                "chromap/merged_replicate/deepTools/plotProfile/SPT5_INPUT.mRp.clN.plotHeatmap.pdf",
                "chromap/merged_replicate/deepTools/plotProfile/SPT5_INPUT.mRp.clN.plotProfile.pdf",
                "chromap/merged_replicate/deepTools/plotProfile/SPT5_INPUT.mRp.clN.plotProfile.tab",
                "chromap/merged_replicate/deepTools/plotProfile/SPT5_T0.mRp.clN.computeMatrix.mat.gz",
                "chromap/merged_replicate/deepTools/plotProfile/SPT5_T0.mRp.clN.computeMatrix.vals.mat.tab",
                "chromap/merged_replicate/deepTools/plotProfile/SPT5_T0.mRp.clN.plotHeatmap.mat.tab",
                "chromap/merged_replicate/deepTools/plotProfile/SPT5_T0.mRp.clN.plotHeatmap.pdf",
                "chromap/merged_replicate/deepTools/plotProfile/SPT5_T0.mRp.clN.plotProfile.pdf",
                "chromap/merged_replicate/deepTools/plotProfile/SPT5_T0.mRp.clN.plotProfile.tab",
                "chromap/merged_replicate/deepTools/plotProfile/SPT5_T15.mRp.clN.computeMatrix.mat.gz",
                "chromap/merged_replicate/deepTools/plotProfile/SPT5_T15.mRp.clN.computeMatrix.vals.mat.tab",
                "chromap/merged_replicate/deepTools/plotProfile/SPT5_T15.mRp.clN.plotHeatmap.mat.tab",
                "chromap/merged_replicate/deepTools/plotProfile/SPT5_T15.mRp.clN.plotHeatmap.pdf",
                "chromap/merged_replicate/deepTools/plotProfile/SPT5_T15.mRp.clN.plotProfile.pdf",
                "chromap/merged_replicate/deepTools/plotProfile/SPT5_T15.mRp.clN.plotProfile.tab",
                "chromap/merged_replicate/macs3",
                "chromap/merged_replicate/macs3/broad_peak",
                "chromap/merged_replicate/macs3/broad_peak/SPT5_T0.mRp.clN_peaks.annotatePeaks.txt",
                "chromap/merged_replicate/macs3/broad_peak/SPT5_T0.mRp.clN_peaks.broadPeak",
                "chromap/merged_replicate/macs3/broad_peak/SPT5_T0.mRp.clN_peaks.gappedPeak",
                "chromap/merged_replicate/macs3/broad_peak/SPT5_T0.mRp.clN_peaks.xls",
                "chromap/merged_replicate/macs3/broad_peak/SPT5_T15.mRp.clN_peaks.annotatePeaks.txt",
                "chromap/merged_replicate/macs3/broad_peak/SPT5_T15.mRp.clN_peaks.broadPeak",
                "chromap/merged_replicate/macs3/broad_peak/SPT5_T15.mRp.clN_peaks.gappedPeak",
                "chromap/merged_replicate/macs3/broad_peak/SPT5_T15.mRp.clN_peaks.xls",
                "chromap/merged_replicate/macs3/broad_peak/consensus",
                "chromap/merged_replicate/macs3/broad_peak/consensus/SPT5",
                "chromap/merged_replicate/macs3/broad_peak/consensus/SPT5/SPT5.mRp.clN.annotatePeaks.txt",
                "chromap/merged_replicate/macs3/broad_peak/consensus/SPT5/SPT5.mRp.clN.antibody.txt",
                "chromap/merged_replicate/macs3/broad_peak/consensus/SPT5/SPT5.mRp.clN.bed",
                "chromap/merged_replicate/macs3/broad_peak/consensus/SPT5/SPT5.mRp.clN.boolean.annotatePeaks.txt",
                "chromap/merged_replicate/macs3/broad_peak/consensus/SPT5/SPT5.mRp.clN.boolean.intersect.plot.pdf",
                "chromap/merged_replicate/macs3/broad_peak/consensus/SPT5/SPT5.mRp.clN.boolean.intersect.txt",
                "chromap/merged_replicate/macs3/broad_peak/consensus/SPT5/SPT5.mRp.clN.boolean.txt",
                "chromap/merged_replicate/macs3/broad_peak/consensus/SPT5/SPT5.mRp.clN.featureCounts.txt",
                "chromap/merged_replicate/macs3/broad_peak/consensus/SPT5/SPT5.mRp.clN.featureCounts.txt.summary",
                "chromap/merged_replicate/macs3/broad_peak/consensus/SPT5/SPT5.mRp.clN.saf",
                "chromap/merged_replicate/macs3/broad_peak/consensus/SPT5/deseq2",
                "chromap/merged_replicate/macs3/broad_peak/consensus/SPT5/deseq2/R_sessionInfo.log",
                "chromap/merged_replicate/macs3/broad_peak/consensus/SPT5/deseq2/SPT5.mRp.clN.dds.RData",
                "chromap/merged_replicate/macs3/broad_peak/consensus/SPT5/deseq2/SPT5.mRp.clN.pca.vals.txt",
                "chromap/merged_replicate/macs3/broad_peak/consensus/SPT5/deseq2/SPT5.mRp.clN.pca.vals_mqc.tsv",
                "chromap/merged_replicate/macs3/broad_peak/consensus/SPT5/deseq2/SPT5.mRp.clN.plots.pdf",
                "chromap/merged_replicate/macs3/broad_peak/consensus/SPT5/deseq2/SPT5.mRp.clN.rds",
                "chromap/merged_replicate/macs3/broad_peak/consensus/SPT5/deseq2/SPT5.mRp.clN.sample.dists.txt",
                "chromap/merged_replicate/macs3/broad_peak/consensus/SPT5/deseq2/SPT5.mRp.clN.sample.dists_mqc.tsv",
                "chromap/merged_replicate/macs3/broad_peak/consensus/SPT5/deseq2/size_factors",
                "chromap/merged_replicate/macs3/broad_peak/consensus/SPT5/deseq2/size_factors/SPT5.mRp.clN.size_factors.RData",
                "chromap/merged_replicate/macs3/broad_peak/consensus/SPT5/deseq2/size_factors/SPT5_T0_REP1.txt",
                "chromap/merged_replicate/macs3/broad_peak/consensus/SPT5/deseq2/size_factors/SPT5_T0_REP2.txt",
                "chromap/merged_replicate/macs3/broad_peak/consensus/SPT5/deseq2/size_factors/SPT5_T15_REP1.txt",
                "chromap/merged_replicate/macs3/broad_peak/consensus/SPT5/deseq2/size_factors/SPT5_T15_REP2.txt",
                "chromap/merged_replicate/macs3/broad_peak/qc",
                "chromap/merged_replicate/macs3/broad_peak/qc/SPT5_T0.mRp.clN.FRiP_mqc.tsv",
                "chromap/merged_replicate/macs3/broad_peak/qc/SPT5_T0.mRp.clN.peak_count_mqc.tsv",
                "chromap/merged_replicate/macs3/broad_peak/qc/SPT5_T15.mRp.clN.FRiP_mqc.tsv",
                "chromap/merged_replicate/macs3/broad_peak/qc/SPT5_T15.mRp.clN.peak_count_mqc.tsv",
                "chromap/merged_replicate/macs3/broad_peak/qc/macs3_annotatePeaks.mRp.clN.plots.pdf",
                "chromap/merged_replicate/macs3/broad_peak/qc/macs3_annotatePeaks.mRp.clN.summary.txt",
                "chromap/merged_replicate/macs3/broad_peak/qc/macs3_annotatePeaks.mRp.clN.summary_mqc.tsv",
                "chromap/merged_replicate/macs3/broad_peak/qc/macs3_peak.mRp.clN.plots.pdf",
                "chromap/merged_replicate/macs3/broad_peak/qc/macs3_peak.mRp.clN.summary.txt",
                "chromap/merged_replicate/phantompeakqualtools",
                "chromap/merged_replicate/phantompeakqualtools/SPT5_INPUT.mRp.clN.spp.out",
                "chromap/merged_replicate/phantompeakqualtools/SPT5_INPUT.mRp.clN.spp.pdf",
                "chromap/merged_replicate/phantompeakqualtools/SPT5_INPUT.mRp.clN.spp_correlation_mqc.tsv",
                "chromap/merged_replicate/phantompeakqualtools/SPT5_INPUT.mRp.clN.spp_nsc_mqc.tsv",
                "chromap/merged_replicate/phantompeakqualtools/SPT5_INPUT.mRp.clN.spp_rsc_mqc.tsv",
                "chromap/merged_replicate/phantompeakqualtools/SPT5_T0.mRp.clN.spp.out",
                "chromap/merged_replicate/phantompeakqualtools/SPT5_T0.mRp.clN.spp.pdf",
                "chromap/merged_replicate/phantompeakqualtools/SPT5_T0.mRp.clN.spp_correlation_mqc.tsv",
                "chromap/merged_replicate/phantompeakqualtools/SPT5_T0.mRp.clN.spp_nsc_mqc.tsv",
                "chromap/merged_replicate/phantompeakqualtools/SPT5_T0.mRp.clN.spp_rsc_mqc.tsv",
                "chromap/merged_replicate/phantompeakqualtools/SPT5_T15.mRp.clN.spp.out",
                "chromap/merged_replicate/phantompeakqualtools/SPT5_T15.mRp.clN.spp.pdf",
                "chromap/merged_replicate/phantompeakqualtools/SPT5_T15.mRp.clN.spp_correlation_mqc.tsv",
                "chromap/merged_replicate/phantompeakqualtools/SPT5_T15.mRp.clN.spp_nsc_mqc.tsv",
                "chromap/merged_replicate/phantompeakqualtools/SPT5_T15.mRp.clN.spp_rsc_mqc.tsv",
                "chromap/merged_replicate/picard_metrics",
                "chromap/merged_replicate/picard_metrics/SPT5_INPUT.mRp.clN.sorted.CollectMultipleMetrics.alignment_summary_metrics",
                "chromap/merged_replicate/picard_metrics/SPT5_INPUT.mRp.clN.sorted.CollectMultipleMetrics.base_distribution_by_cycle_metrics",
                "chromap/merged_replicate/picard_metrics/SPT5_INPUT.mRp.clN.sorted.CollectMultipleMetrics.insert_size_metrics",
                "chromap/merged_replicate/picard_metrics/SPT5_INPUT.mRp.clN.sorted.CollectMultipleMetrics.quality_by_cycle_metrics",
                "chromap/merged_replicate/picard_metrics/SPT5_INPUT.mRp.clN.sorted.CollectMultipleMetrics.quality_distribution_metrics",
                "chromap/merged_replicate/picard_metrics/SPT5_INPUT.mRp.clN.sorted.MarkDuplicates.metrics.txt",
                "chromap/merged_replicate/picard_metrics/SPT5_T0.mRp.clN.sorted.CollectMultipleMetrics.alignment_summary_metrics",
                "chromap/merged_replicate/picard_metrics/SPT5_T0.mRp.clN.sorted.CollectMultipleMetrics.base_distribution_by_cycle_metrics",
                "chromap/merged_replicate/picard_metrics/SPT5_T0.mRp.clN.sorted.CollectMultipleMetrics.insert_size_metrics",
                "chromap/merged_replicate/picard_metrics/SPT5_T0.mRp.clN.sorted.CollectMultipleMetrics.quality_by_cycle_metrics",
                "chromap/merged_replicate/picard_metrics/SPT5_T0.mRp.clN.sorted.CollectMultipleMetrics.quality_distribution_metrics",
                "chromap/merged_replicate/picard_metrics/SPT5_T0.mRp.clN.sorted.MarkDuplicates.metrics.txt",
                "chromap/merged_replicate/picard_metrics/SPT5_T15.mRp.clN.sorted.CollectMultipleMetrics.alignment_summary_metrics",
                "chromap/merged_replicate/picard_metrics/SPT5_T15.mRp.clN.sorted.CollectMultipleMetrics.base_distribution_by_cycle_metrics",
                "chromap/merged_replicate/picard_metrics/SPT5_T15.mRp.clN.sorted.CollectMultipleMetrics.insert_size_metrics",
                "chromap/merged_replicate/picard_metrics/SPT5_T15.mRp.clN.sorted.CollectMultipleMetrics.quality_by_cycle_metrics",
                "chromap/merged_replicate/picard_metrics/SPT5_T15.mRp.clN.sorted.CollectMultipleMetrics.quality_distribution_metrics",
                "chromap/merged_replicate/picard_metrics/SPT5_T15.mRp.clN.sorted.MarkDuplicates.metrics.txt",
                "chromap/merged_replicate/picard_metrics/pdf",
                "chromap/merged_replicate/picard_metrics/pdf/SPT5_INPUT.mRp.clN.sorted.CollectMultipleMetrics.base_distribution_by_cycle.pdf",
                "chromap/merged_replicate/picard_metrics/pdf/SPT5_INPUT.mRp.clN.sorted.CollectMultipleMetrics.insert_size_histogram.pdf",
                "chromap/merged_replicate/picard_metrics/pdf/SPT5_INPUT.mRp.clN.sorted.CollectMultipleMetrics.quality_by_cycle.pdf",
                "chromap/merged_replicate/picard_metrics/pdf/SPT5_INPUT.mRp.clN.sorted.CollectMultipleMetrics.quality_distribution.pdf",
                "chromap/merged_replicate/picard_metrics/pdf/SPT5_INPUT.mRp.clN.sorted.CollectMultipleMetrics.read_length_histogram.pdf",
                "chromap/merged_replicate/picard_metrics/pdf/SPT5_T0.mRp.clN.sorted.CollectMultipleMetrics.base_distribution_by_cycle.pdf",
                "chromap/merged_replicate/picard_metrics/pdf/SPT5_T0.mRp.clN.sorted.CollectMultipleMetrics.insert_size_histogram.pdf",
                "chromap/merged_replicate/picard_metrics/pdf/SPT5_T0.mRp.clN.sorted.CollectMultipleMetrics.quality_by_cycle.pdf",
                "chromap/merged_replicate/picard_metrics/pdf/SPT5_T0.mRp.clN.sorted.CollectMultipleMetrics.quality_distribution.pdf",
                "chromap/merged_replicate/picard_metrics/pdf/SPT5_T0.mRp.clN.sorted.CollectMultipleMetrics.read_length_histogram.pdf",
                "chromap/merged_replicate/picard_metrics/pdf/SPT5_T15.mRp.clN.sorted.CollectMultipleMetrics.base_distribution_by_cycle.pdf",
                "chromap/merged_replicate/picard_metrics/pdf/SPT5_T15.mRp.clN.sorted.CollectMultipleMetrics.insert_size_histogram.pdf",
                "chromap/merged_replicate/picard_metrics/pdf/SPT5_T15.mRp.clN.sorted.CollectMultipleMetrics.quality_by_cycle.pdf",
                "chromap/merged_replicate/picard_metrics/pdf/SPT5_T15.mRp.clN.sorted.CollectMultipleMetrics.quality_distribution.pdf",
                "chromap/merged_replicate/picard_metrics/pdf/SPT5_T15.mRp.clN.sorted.CollectMultipleMetrics.read_length_histogram.pdf",
                "chromap/merged_replicate/samtools_stats",
                "chromap/merged_replicate/samtools_stats/SPT5_INPUT.mRp.clN.sorted.bam.flagstat",
                "chromap/merged_replicate/samtools_stats/SPT5_INPUT.mRp.clN.sorted.bam.idxstats",
                "chromap/merged_replicate/samtools_stats/SPT5_INPUT.mRp.clN.sorted.bam.stats",
                "chromap/merged_replicate/samtools_stats/SPT5_T0.mRp.clN.sorted.bam.flagstat",
                "chromap/merged_replicate/samtools_stats/SPT5_T0.mRp.clN.sorted.bam.idxstats",
                "chromap/merged_replicate/samtools_stats/SPT5_T0.mRp.clN.sorted.bam.stats",
                "chromap/merged_replicate/samtools_stats/SPT5_T15.mRp.clN.sorted.bam.flagstat",
                "chromap/merged_replicate/samtools_stats/SPT5_T15.mRp.clN.sorted.bam.idxstats",
                "chromap/merged_replicate/samtools_stats/SPT5_T15.mRp.clN.sorted.bam.stats",
                "fastqc",
                "fastqc/SPT5_INPUT_REP1_T1_1_fastqc.html",
                "fastqc/SPT5_INPUT_REP1_T1_2_fastqc.html",
                "fastqc/SPT5_INPUT_REP2_T1_1_fastqc.html",
                "fastqc/SPT5_INPUT_REP2_T1_2_fastqc.html",
                "fastqc/SPT5_T0_REP1_T1_1_fastqc.html",
                "fastqc/SPT5_T0_REP1_T1_2_fastqc.html",
                "fastqc/SPT5_T0_REP2_T1_1_fastqc.html",
                "fastqc/SPT5_T0_REP2_T1_2_fastqc.html",
                "fastqc/SPT5_T15_REP1_T1_1_fastqc.html",
                "fastqc/SPT5_T15_REP1_T1_2_fastqc.html",
                "fastqc/SPT5_T15_REP2_T1_1_fastqc.html",
                "fastqc/SPT5_T15_REP2_T1_2_fastqc.html",
                "fastqc/zips",
                "fastqc/zips/SPT5_INPUT_REP1_T1_1_fastqc.zip",
                "fastqc/zips/SPT5_INPUT_REP1_T1_2_fastqc.zip",
                "fastqc/zips/SPT5_INPUT_REP2_T1_1_fastqc.zip",
                "fastqc/zips/SPT5_INPUT_REP2_T1_2_fastqc.zip",
                "fastqc/zips/SPT5_T0_REP1_T1_1_fastqc.zip",
                "fastqc/zips/SPT5_T0_REP1_T1_2_fastqc.zip",
                "fastqc/zips/SPT5_T0_REP2_T1_1_fastqc.zip",
                "fastqc/zips/SPT5_T0_REP2_T1_2_fastqc.zip",
                "fastqc/zips/SPT5_T15_REP1_T1_1_fastqc.zip",
                "fastqc/zips/SPT5_T15_REP1_T1_2_fastqc.zip",
                "fastqc/zips/SPT5_T15_REP2_T1_1_fastqc.zip",
                "fastqc/zips/SPT5_T15_REP2_T1_2_fastqc.zip",
                "genome",
                "genome/genome.fa",
                "genome/genome.fa.fai",
                "genome/genome.fa.sizes",
                "genome/index",
                "genome/index/chromap",
                "genome/index/chromap/genome.index",
                "igv",
                "igv/broad_peak",
                "igv/broad_peak/igv_files.txt",
                "igv/broad_peak/igv_session.xml",
                "multiqc",
                "multiqc/broad_peak",
                "multiqc/broad_peak/multiqc_data",
                "multiqc/broad_peak/multiqc_data/cutadapt_filtered_reads_plot.yaml",
                "multiqc/broad_peak/multiqc_data/cutadapt_trimmed_sequences_plot_3_Counts.yaml",
                "multiqc/broad_peak/multiqc_data/cutadapt_trimmed_sequences_plot_3_Obs_Exp.yaml",
                "multiqc/broad_peak/multiqc_data/deeptools_fingerprint_plot.yaml",
                "multiqc/broad_peak/multiqc_data/deeptools_plot_fingerprint_counts_mlib_deeptools.yaml",
                "multiqc/broad_peak/multiqc_data/deeptools_plot_fingerprint_counts_mrep_deeptools.yaml",
                "multiqc/broad_peak/multiqc_data/deeptools_plot_profile_mlib_deeptools.yaml",
                "multiqc/broad_peak/multiqc_data/deeptools_plot_profile_mrep_deeptools.yaml",
                "multiqc/broad_peak/multiqc_data/fastqc-1-status-check-heatmap.yaml",
                "multiqc/broad_peak/multiqc_data/fastqc-1_adapter_content_plot.yaml",
                "multiqc/broad_peak/multiqc_data/fastqc-1_per_base_n_content_plot.yaml",
                "multiqc/broad_peak/multiqc_data/fastqc-1_per_base_sequence_quality_plot.yaml",
                "multiqc/broad_peak/multiqc_data/fastqc-1_per_sequence_gc_content_plot_Counts.yaml",
                "multiqc/broad_peak/multiqc_data/fastqc-1_per_sequence_gc_content_plot_Percentages.yaml",
                "multiqc/broad_peak/multiqc_data/fastqc-1_per_sequence_quality_scores_plot.yaml",
                "multiqc/broad_peak/multiqc_data/fastqc-1_sequence_counts_plot.yaml",
                "multiqc/broad_peak/multiqc_data/fastqc-1_sequence_duplication_levels_plot.yaml",
                "multiqc/broad_peak/multiqc_data/fastqc-1_top_overrepresented_sequences_table.yaml",
                "multiqc/broad_peak/multiqc_data/fastqc-status-check-heatmap.yaml",
                "multiqc/broad_peak/multiqc_data/fastqc_adapter_content_plot.yaml",
                "multiqc/broad_peak/multiqc_data/fastqc_per_base_n_content_plot.yaml",
                "multiqc/broad_peak/multiqc_data/fastqc_per_base_sequence_quality_plot.yaml",
                "multiqc/broad_peak/multiqc_data/fastqc_per_sequence_gc_content_plot_Counts.yaml",
                "multiqc/broad_peak/multiqc_data/fastqc_per_sequence_gc_content_plot_Percentages.yaml",
                "multiqc/broad_peak/multiqc_data/fastqc_per_sequence_quality_scores_plot.yaml",
                "multiqc/broad_peak/multiqc_data/fastqc_sequence_counts_plot.yaml",
                "multiqc/broad_peak/multiqc_data/fastqc_sequence_duplication_levels_plot.yaml",
                "multiqc/broad_peak/multiqc_data/fastqc_sequence_length_distribution_plot.yaml",
                "multiqc/broad_peak/multiqc_data/fastqc_top_overrepresented_sequences_table.yaml",
                "multiqc/broad_peak/multiqc_data/featureCounts_assignment_plot.yaml",
                "multiqc/broad_peak/multiqc_data/mrep_picard_alignment_readlength_plot.yaml",
                "multiqc/broad_peak/multiqc_data/mrep_picard_alignment_summary_Aligned_Bases.yaml",
                "multiqc/broad_peak/multiqc_data/mrep_picard_alignment_summary_Aligned_Reads.yaml",
                "multiqc/broad_peak/multiqc_data/mrep_picard_deduplication.yaml",
                "multiqc/broad_peak/multiqc_data/mrep_picard_histogram_mrep_picard.yaml",
                "multiqc/broad_peak/multiqc_data/mrep_picard_histogram_mrep_picard_1.yaml",
                "multiqc/broad_peak/multiqc_data/mrep_picard_histogram_mrep_picard_2.yaml",
                "multiqc/broad_peak/multiqc_data/mrep_picard_insert_size_Counts.yaml",
                "multiqc/broad_peak/multiqc_data/mrep_picard_insert_size_Percentages.yaml",
                "multiqc/broad_peak/multiqc_data/mrep_picard_quality_by_cycle.yaml",
                "multiqc/broad_peak/multiqc_data/mrep_picard_quality_score_distribution.yaml",
                "multiqc/broad_peak/multiqc_data/multiqc.log",
                "multiqc/broad_peak/multiqc_data/multiqc_citations.yaml",
                "multiqc/broad_peak/multiqc_data/multiqc_cutadapt.yaml",
                "multiqc/broad_peak/multiqc_data/multiqc_data.json",
                "multiqc/broad_peak/multiqc_data/multiqc_fastqc.yaml",
                "multiqc/broad_peak/multiqc_data/multiqc_fastqc_1.yaml",
                "multiqc/broad_peak/multiqc_data/multiqc_featurecounts.yaml",
                "multiqc/broad_peak/multiqc_data/multiqc_mlib_deseq2_clustering_1.yaml",
                "multiqc/broad_peak/multiqc_data/multiqc_mlib_deseq2_pca_1.yaml",
                "multiqc/broad_peak/multiqc_data/multiqc_mlib_frip_score.yaml",
                "multiqc/broad_peak/multiqc_data/multiqc_mlib_nsc_coefficient.yaml",
                "multiqc/broad_peak/multiqc_data/multiqc_mlib_peak_annotation.yaml",
                "multiqc/broad_peak/multiqc_data/multiqc_mlib_peak_count.yaml",
                "multiqc/broad_peak/multiqc_data/multiqc_mlib_rsc_coefficient.yaml",
                "multiqc/broad_peak/multiqc_data/multiqc_mlib_strand_shift_correlation.yaml",
                "multiqc/broad_peak/multiqc_data/multiqc_mrep_deseq2_clustering_1.yaml",
                "multiqc/broad_peak/multiqc_data/multiqc_mrep_deseq2_pca_1.yaml",
                "multiqc/broad_peak/multiqc_data/multiqc_mrep_frip_score.yaml",
                "multiqc/broad_peak/multiqc_data/multiqc_mrep_nsc_coefficient.yaml",
                "multiqc/broad_peak/multiqc_data/multiqc_mrep_peak_annotation.yaml",
                "multiqc/broad_peak/multiqc_data/multiqc_mrep_peak_count.yaml",
                "multiqc/broad_peak/multiqc_data/multiqc_mrep_picard_AlignmentSummaryMetrics_mrep_picard.yaml",
                "multiqc/broad_peak/multiqc_data/multiqc_mrep_picard_dups_mrep_picard.yaml",
                "multiqc/broad_peak/multiqc_data/multiqc_mrep_picard_insertSize_mrep_picard.yaml",
                "multiqc/broad_peak/multiqc_data/multiqc_mrep_picard_quality_by_cycle_mrep_picard.yaml",
                "multiqc/broad_peak/multiqc_data/multiqc_mrep_picard_quality_score_distribution_mrep_picard.yaml",
                "multiqc/broad_peak/multiqc_data/multiqc_mrep_rsc_coefficient.yaml",
                "multiqc/broad_peak/multiqc_data/multiqc_mrep_strand_shift_correlation.yaml",
                "multiqc/broad_peak/multiqc_data/multiqc_phantompeakqualtools.yaml",
                "multiqc/broad_peak/multiqc_data/multiqc_picard-1_AlignmentSummaryMetrics.yaml",
                "multiqc/broad_peak/multiqc_data/multiqc_picard-1_insertSize.yaml",
                "multiqc/broad_peak/multiqc_data/multiqc_picard-1_quality_by_cycle.yaml",
                "multiqc/broad_peak/multiqc_data/multiqc_picard-1_quality_score_distribution.yaml",
                "multiqc/broad_peak/multiqc_data/multiqc_picard_baseContent.yaml",
                "multiqc/broad_peak/multiqc_data/multiqc_picard_baseContent_mrep_picard.yaml",
                "multiqc/broad_peak/multiqc_data/multiqc_picard_dups.yaml",
                "multiqc/broad_peak/multiqc_data/multiqc_samtools_flagstat.yaml",
                "multiqc/broad_peak/multiqc_data/multiqc_samtools_flagstat_1.yaml",
                "multiqc/broad_peak/multiqc_data/multiqc_samtools_flagstat_2.yaml",
                "multiqc/broad_peak/multiqc_data/multiqc_samtools_flagstat_3.yaml",
                "multiqc/broad_peak/multiqc_data/multiqc_samtools_idxstats.yaml",
                "multiqc/broad_peak/multiqc_data/multiqc_samtools_idxstats_1.yaml",
                "multiqc/broad_peak/multiqc_data/multiqc_samtools_idxstats_2.yaml",
                "multiqc/broad_peak/multiqc_data/multiqc_samtools_idxstats_3.yaml",
                "multiqc/broad_peak/multiqc_data/multiqc_samtools_stats.yaml",
                "multiqc/broad_peak/multiqc_data/multiqc_samtools_stats_1.yaml",
                "multiqc/broad_peak/multiqc_data/multiqc_samtools_stats_2.yaml",
                "multiqc/broad_peak/multiqc_data/multiqc_samtools_stats_3.yaml",
                "multiqc/broad_peak/multiqc_data/multiqc_software_versions.yaml",
                "multiqc/broad_peak/multiqc_data/multiqc_sources.yaml",
                "multiqc/broad_peak/multiqc_data/picard-1_alignment_readlength_plot.yaml",
                "multiqc/broad_peak/multiqc_data/picard-1_alignment_summary_Aligned_Bases.yaml",
                "multiqc/broad_peak/multiqc_data/picard-1_alignment_summary_Aligned_Reads.yaml",
                "multiqc/broad_peak/multiqc_data/picard-1_histogram.yaml",
                "multiqc/broad_peak/multiqc_data/picard-1_histogram_1.yaml",
                "multiqc/broad_peak/multiqc_data/picard-1_histogram_2.yaml",
                "multiqc/broad_peak/multiqc_data/picard-1_insert_size_Counts.yaml",
                "multiqc/broad_peak/multiqc_data/picard-1_insert_size_Percentages.yaml",
                "multiqc/broad_peak/multiqc_data/picard-1_quality_by_cycle.yaml",
                "multiqc/broad_peak/multiqc_data/picard-1_quality_score_distribution.yaml",
                "multiqc/broad_peak/multiqc_data/picard_base_distribution_by_cycle__Adenine-1.yaml",
                "multiqc/broad_peak/multiqc_data/picard_base_distribution_by_cycle__Adenine.yaml",
                "multiqc/broad_peak/multiqc_data/picard_base_distribution_by_cycle__Cytosine-1.yaml",
                "multiqc/broad_peak/multiqc_data/picard_base_distribution_by_cycle__Cytosine.yaml",
                "multiqc/broad_peak/multiqc_data/picard_base_distribution_by_cycle__Guanine-1.yaml",
                "multiqc/broad_peak/multiqc_data/picard_base_distribution_by_cycle__Guanine.yaml",
                "multiqc/broad_peak/multiqc_data/picard_base_distribution_by_cycle__Thymine-1.yaml",
                "multiqc/broad_peak/multiqc_data/picard_base_distribution_by_cycle__Thymine.yaml",
                "multiqc/broad_peak/multiqc_data/picard_base_distribution_by_cycle__Undetermined-1.yaml",
                "multiqc/broad_peak/multiqc_data/picard_base_distribution_by_cycle__Undetermined.yaml",
                "multiqc/broad_peak/multiqc_data/picard_deduplication.yaml",
                "multiqc/broad_peak/multiqc_data/picard_histogram.yaml",
                "multiqc/broad_peak/multiqc_data/picard_histogram_1.yaml",
                "multiqc/broad_peak/multiqc_data/picard_histogram_2.yaml",
                "multiqc/broad_peak/multiqc_data/read_distribution_profile.yaml",
                "multiqc/broad_peak/multiqc_data/samtools-flagstat-dp_Percentage_of_total-1.yaml",
                "multiqc/broad_peak/multiqc_data/samtools-flagstat-dp_Percentage_of_total-2.yaml",
                "multiqc/broad_peak/multiqc_data/samtools-flagstat-dp_Percentage_of_total-3.yaml",
                "multiqc/broad_peak/multiqc_data/samtools-flagstat-dp_Percentage_of_total.yaml",
                "multiqc/broad_peak/multiqc_data/samtools-flagstat-dp_Read_counts-1.yaml",
                "multiqc/broad_peak/multiqc_data/samtools-flagstat-dp_Read_counts-2.yaml",
                "multiqc/broad_peak/multiqc_data/samtools-flagstat-dp_Read_counts-3.yaml",
                "multiqc/broad_peak/multiqc_data/samtools-flagstat-dp_Read_counts.yaml",
                "multiqc/broad_peak/multiqc_data/samtools-idxstats-mapped-reads-plot_Normalised_Counts-1.yaml",
                "multiqc/broad_peak/multiqc_data/samtools-idxstats-mapped-reads-plot_Normalised_Counts-2.yaml",
                "multiqc/broad_peak/multiqc_data/samtools-idxstats-mapped-reads-plot_Normalised_Counts-3.yaml",
                "multiqc/broad_peak/multiqc_data/samtools-idxstats-mapped-reads-plot_Normalised_Counts.yaml",
                "multiqc/broad_peak/multiqc_data/samtools-idxstats-mapped-reads-plot_Observed_over_Expected_Counts-1.yaml",
                "multiqc/broad_peak/multiqc_data/samtools-idxstats-mapped-reads-plot_Observed_over_Expected_Counts-2.yaml",
                "multiqc/broad_peak/multiqc_data/samtools-idxstats-mapped-reads-plot_Observed_over_Expected_Counts-3.yaml",
                "multiqc/broad_peak/multiqc_data/samtools-idxstats-mapped-reads-plot_Observed_over_Expected_Counts.yaml",
                "multiqc/broad_peak/multiqc_data/samtools-idxstats-mapped-reads-plot_Raw_Counts-1.yaml",
                "multiqc/broad_peak/multiqc_data/samtools-idxstats-mapped-reads-plot_Raw_Counts-2.yaml",
                "multiqc/broad_peak/multiqc_data/samtools-idxstats-mapped-reads-plot_Raw_Counts-3.yaml",
                "multiqc/broad_peak/multiqc_data/samtools-idxstats-mapped-reads-plot_Raw_Counts.yaml",
                "multiqc/broad_peak/multiqc_data/samtools-stats-dp.yaml",
                "multiqc/broad_peak/multiqc_data/samtools_alignment_plot.yaml",
                "multiqc/broad_peak/multiqc_plots",
                "multiqc/broad_peak/multiqc_plots/pdf",
                "multiqc/broad_peak/multiqc_plots/png",
                "multiqc/broad_peak/multiqc_plots/svg",
                "multiqc/broad_peak/multiqc_report.html",
                "pipeline_info",
                "pipeline_info/nf_core_chipseq_software_mqc_versions.yml",
                "pipeline_info/samplesheet.valid.csv",
                "trimgalore",
                "trimgalore/fastqc",
                "trimgalore/fastqc/SPT5_INPUT_REP1_T1_1_val_1_fastqc.html",
                "trimgalore/fastqc/SPT5_INPUT_REP1_T1_2_val_2_fastqc.html",
                "trimgalore/fastqc/SPT5_INPUT_REP2_T1_1_val_1_fastqc.html",
                "trimgalore/fastqc/SPT5_INPUT_REP2_T1_2_val_2_fastqc.html",
                "trimgalore/fastqc/SPT5_T0_REP1_T1_1_val_1_fastqc.html",
                "trimgalore/fastqc/SPT5_T0_REP1_T1_2_val_2_fastqc.html",
                "trimgalore/fastqc/SPT5_T0_REP2_T1_1_val_1_fastqc.html",
                "trimgalore/fastqc/SPT5_T0_REP2_T1_2_val_2_fastqc.html",
                "trimgalore/fastqc/SPT5_T15_REP1_T1_1_val_1_fastqc.html",
                "trimgalore/fastqc/SPT5_T15_REP1_T1_2_val_2_fastqc.html",
                "trimgalore/fastqc/SPT5_T15_REP2_T1_1_val_1_fastqc.html",
                "trimgalore/fastqc/SPT5_T15_REP2_T1_2_val_2_fastqc.html",
                "trimgalore/fastqc/zips",
                "trimgalore/fastqc/zips/SPT5_INPUT_REP1_T1_1_val_1_fastqc.zip",
                "trimgalore/fastqc/zips/SPT5_INPUT_REP1_T1_2_val_2_fastqc.zip",
                "trimgalore/fastqc/zips/SPT5_INPUT_REP2_T1_1_val_1_fastqc.zip",
                "trimgalore/fastqc/zips/SPT5_INPUT_REP2_T1_2_val_2_fastqc.zip",
                "trimgalore/fastqc/zips/SPT5_T0_REP1_T1_1_val_1_fastqc.zip",
                "trimgalore/fastqc/zips/SPT5_T0_REP1_T1_2_val_2_fastqc.zip",
                "trimgalore/fastqc/zips/SPT5_T0_REP2_T1_1_val_1_fastqc.zip",
                "trimgalore/fastqc/zips/SPT5_T0_REP2_T1_2_val_2_fastqc.zip",
                "trimgalore/fastqc/zips/SPT5_T15_REP1_T1_1_val_1_fastqc.zip",
                "trimgalore/fastqc/zips/SPT5_T15_REP1_T1_2_val_2_fastqc.zip",
                "trimgalore/fastqc/zips/SPT5_T15_REP2_T1_1_val_1_fastqc.zip",
                "trimgalore/fastqc/zips/SPT5_T15_REP2_T1_2_val_2_fastqc.zip",
                "trimgalore/logs",
                "trimgalore/logs/SPT5_INPUT_REP1_T1_1.fastq.gz_trimming_report.txt",
                "trimgalore/logs/SPT5_INPUT_REP1_T1_2.fastq.gz_trimming_report.txt",
                "trimgalore/logs/SPT5_INPUT_REP2_T1_1.fastq.gz_trimming_report.txt",
                "trimgalore/logs/SPT5_INPUT_REP2_T1_2.fastq.gz_trimming_report.txt",
                "trimgalore/logs/SPT5_T0_REP1_T1_1.fastq.gz_trimming_report.txt",
                "trimgalore/logs/SPT5_T0_REP1_T1_2.fastq.gz_trimming_report.txt",
                "trimgalore/logs/SPT5_T0_REP2_T1_1.fastq.gz_trimming_report.txt",
                "trimgalore/logs/SPT5_T0_REP2_T1_2.fastq.gz_trimming_report.txt",
                "trimgalore/logs/SPT5_T15_REP1_T1_1.fastq.gz_trimming_report.txt",
                "trimgalore/logs/SPT5_T15_REP1_T1_2.fastq.gz_trimming_report.txt",
                "trimgalore/logs/SPT5_T15_REP2_T1_1.fastq.gz_trimming_report.txt",
                "trimgalore/logs/SPT5_T15_REP2_T1_2.fastq.gz_trimming_report.txt"
            ],
            [
                "SPT5_INPUT_REP1.mLB.clN.bedGraph:md5,e18a171dc9e71782335f2ca933da0773",
                "SPT5_INPUT_REP2.mLB.clN.bedGraph:md5,3155c2b26db574cfccbb0388dea6617a",
                "SPT5_T0_REP1.mLB.clN.bedGraph:md5,ede095f77136b5b49310b028dc1f3174",
                "SPT5_T0_REP2.mLB.clN.bedGraph:md5,15b423419d7d837db69c11f911e11b27",
                "SPT5_T15_REP1.mLB.clN.bedGraph:md5,df839f1a73260decf2510fbbe038fc04",
                "SPT5_T15_REP2.mLB.clN.bedGraph:md5,286e56304db30e41a14e0f806b03e9b4",
                "SPT5_T0_REP1_peaks.broadPeak:md5,cdb63f77da49a06fa941a616a1d55bc8",
                "SPT5_T0_REP1_peaks.gappedPeak:md5,9f8bb554a7265da0b2fad9437e4d142e",
                "SPT5_T0_REP1_peaks.xls:md5,98ddc7de15179f2089c4ca7edfd04f54",
                "SPT5_T0_REP2_peaks.broadPeak:md5,495a4742eaee970e33fa750104407ef6",
                "SPT5_T0_REP2_peaks.gappedPeak:md5,a0d63650cb48abaa6c2130b605407cf1",
                "SPT5_T0_REP2_peaks.xls:md5,b9750306eb436ccfb0d81157a5fd9e52",
                "SPT5_T15_REP1_peaks.broadPeak:md5,46981efb339fa2c42e810847e8497dc5",
                "SPT5_T15_REP1_peaks.gappedPeak:md5,82cff9b8bd303804eebdc8657bb56cb4",
                "SPT5_T15_REP1_peaks.xls:md5,dae6ba573660315bf1fb4e74bdbdd6e2",
                "SPT5_T15_REP2_peaks.broadPeak:md5,23260c2aaf03c42b23c20beedd087b56",
                "SPT5_T15_REP2_peaks.gappedPeak:md5,6d483c8b6d417cff6bfd791786086e70",
                "SPT5_T15_REP2_peaks.xls:md5,84e1f24959be7587278d7dfd9f5de054",
                "SPT5.consensus_peaks.antibody.txt:md5,8d7549b0cb2e42ffd5c23879e7f54ce9",
                "SPT5.consensus_peaks.bed:md5,8ea70a15a378024c30a9568600555034",
                "SPT5.consensus_peaks.boolean.intersect.txt:md5,c4f46e92304ed3c1b52d7bdeebe8c698",
                "SPT5.consensus_peaks.boolean.txt:md5,eace8fbb8eba87f86f5c69e930eac904",
                "SPT5.consensus_peaks.saf:md5,23a594a758915928b43edc7739a44177",
                "R_sessionInfo.log:md5,df9deda8c4ca987cfee3e0ac444e5017",
                "SPT5_T0_REP1.txt:md5,dfa7d7245a161c32c2e447683b1d25a6",
                "SPT5_T0_REP2.txt:md5,73fd9f1c8828047c660fe7e4f9c807c3",
                "SPT5_T15_REP1.txt:md5,f1a2bfdef65bc7a77d48679e8ab56f32",
                "SPT5_T15_REP2.txt:md5,2074dcb8bba01e46bcc9a3cd6f70a40d",
                "SPT5_T0_REP1.FRiP_mqc.tsv:md5,9267022efae6ae0d6a3afbd4129729e8",
                "SPT5_T0_REP1.peak_count_mqc.tsv:md5,b16f22868fffa0fdfb8b269359cb8e0a",
                "SPT5_T0_REP2.FRiP_mqc.tsv:md5,c3daa97f3087051fd15457bba69b512c",
                "SPT5_T0_REP2.peak_count_mqc.tsv:md5,f836032399b537186d8b26f3653900d6",
                "SPT5_T15_REP1.FRiP_mqc.tsv:md5,477489bb3a24d577e54e059210bafae3",
                "SPT5_T15_REP1.peak_count_mqc.tsv:md5,64260c0ec551d41e0c9044e9b8ec714c",
                "SPT5_T15_REP2.FRiP_mqc.tsv:md5,4f99fdc62285ae160f21e42aab4dbd64",
                "SPT5_T15_REP2.peak_count_mqc.tsv:md5,282fe34826aa5258dadd0f4ad7fecec4",
                "SPT5_INPUT_REP1.mLb.clN.sorted.bam.flagstat:md5,e7e595088e284c9bc29cd7198bd54d2c",
                "SPT5_INPUT_REP1.mLb.clN.sorted.bam.idxstats:md5,0096b9a233e8dda267a26d82e4a38438",
                "SPT5_INPUT_REP1.mLb.clN.sorted.bam.stats:md5,c06240b832185dc3dd6e6978e77112e6",
                "SPT5_INPUT_REP2.mLb.clN.sorted.bam.flagstat:md5,4aef254b0aa86eb12f008cf6935b55de",
                "SPT5_INPUT_REP2.mLb.clN.sorted.bam.idxstats:md5,6d1f4c880ec716e49553b1da0842fb23",
                "SPT5_INPUT_REP2.mLb.clN.sorted.bam.stats:md5,0fb7438c2648c761e0ba572f24ef0082",
                "SPT5_T0_REP1.mLb.clN.sorted.bam.flagstat:md5,19dfded40fbc15d167a504f1c826a126",
                "SPT5_T0_REP1.mLb.clN.sorted.bam.idxstats:md5,28753ada79dbb64b6c20e366b397c72f",
                "SPT5_T0_REP1.mLb.clN.sorted.bam.stats:md5,1245d1483e4e1f768f4812ade15da0cf",
                "SPT5_T0_REP2.mLb.clN.sorted.bam.flagstat:md5,5c8c568f09b893efbc7094660edc2ea7",
                "SPT5_T0_REP2.mLb.clN.sorted.bam.idxstats:md5,c5be4b76660e272ab4566e5a655e9d7e",
                "SPT5_T0_REP2.mLb.clN.sorted.bam.stats:md5,8e33efdaffb639732d6c5efebb5ff533",
                "SPT5_T15_REP1.mLb.clN.sorted.bam.flagstat:md5,adc741fdefc2424d4fc00232047ad3ed",
                "SPT5_T15_REP1.mLb.clN.sorted.bam.idxstats:md5,eab2f5d5e3cdf1122dee24656ec6ab01",
                "SPT5_T15_REP1.mLb.clN.sorted.bam.stats:md5,4333e4831bee76da4b787d03d325d882",
                "SPT5_T15_REP2.mLb.clN.sorted.bam.flagstat:md5,c00504e2664b69e0ca3cd351e7f511e8",
                "SPT5_T15_REP2.mLb.clN.sorted.bam.idxstats:md5,2f44885f36790e09682f145a54c4b794",
                "SPT5_T15_REP2.mLb.clN.sorted.bam.stats:md5,795626bfd91ef1a7846550e28b7c8f2f",
                "SPT5_INPUT.mRp.clN.bedGraph:md5,b640ef35cac60f998547e2fee9c083d6",
                "SPT5_T0.mRp.clN.bedGraph:md5,a7ada02ae2574e72941062bd1d3052a6",
                "SPT5_T15.mRp.clN.bedGraph:md5,f6930dd8116ae4d4acc03581425e6271",
                "SPT5_T0.mRp.clN_peaks.broadPeak:md5,1b544fd42f8599db97c82aea9c3ae39b",
                "SPT5_T0.mRp.clN_peaks.gappedPeak:md5,d7bedd2b81c5f52d5a022df5f30bce85",
                "SPT5_T0.mRp.clN_peaks.xls:md5,765b5b915f49f5db9fa1cb970f7562fd",
                "SPT5_T15.mRp.clN_peaks.broadPeak:md5,5bfbd0591dd2e730f8c748857b1d76a1",
                "SPT5_T15.mRp.clN_peaks.gappedPeak:md5,cd5a1d510df3adb25b34ea7ca0198788",
                "SPT5_T15.mRp.clN_peaks.xls:md5,e453db07f986a2ecd2d38c35b2707db3",
                "SPT5.mRp.clN.antibody.txt:md5,c69d87188194f59e4b44d9719049857a",
                "SPT5.mRp.clN.bed:md5,145eadc210c369178d9df21a71afa883",
                "SPT5.mRp.clN.boolean.intersect.txt:md5,d2d73938c6c5230434996a7127e275db",
                "SPT5.mRp.clN.boolean.txt:md5,a1cf2fc009aa8672b66cd47d4f2ed3b3",
                "SPT5.mRp.clN.saf:md5,cbad0822b38f7caa265171503b6e2b9a",
                "R_sessionInfo.log:md5,df9deda8c4ca987cfee3e0ac444e5017",
                "SPT5_T0_REP1.txt:md5,9d3d33c1e084fbb62d99d46d2f30643f",
                "SPT5_T0_REP2.txt:md5,a4a984908aaa59efd971e6ab63c1aa36",
                "SPT5_T15_REP1.txt:md5,0b8725cfbfa8cc381256dab79dd40037",
                "SPT5_T15_REP2.txt:md5,e76780aa2bf9863babf834d26cdf6a19",
                "SPT5_T0.mRp.clN.FRiP_mqc.tsv:md5,a367ac38e3bbfc43b3004766d876125b",
                "SPT5_T0.mRp.clN.peak_count_mqc.tsv:md5,ef46d133c662041d60d1ef10b0cf257d",
                "SPT5_T15.mRp.clN.FRiP_mqc.tsv:md5,192968138c4393b8c242cdeb41a6c6d9",
                "SPT5_T15.mRp.clN.peak_count_mqc.tsv:md5,3c576f644515ed60470a35a69529d36c",
                "SPT5_INPUT.mRp.clN.sorted.bam.flagstat:md5,925cad2a38dc85a348ccda85540f3e6a",
                "SPT5_INPUT.mRp.clN.sorted.bam.idxstats:md5,40a72e49bc730088273f6c0cc97a5c59",
                "SPT5_INPUT.mRp.clN.sorted.bam.stats:md5,7d35824086ca84cccd252754142ce519",
                "SPT5_T0.mRp.clN.sorted.bam.flagstat:md5,0c9b95f4988d7acc629550906aca3efe",
                "SPT5_T0.mRp.clN.sorted.bam.idxstats:md5,a308724b35f383e4d13c3d876a346361",
                "SPT5_T0.mRp.clN.sorted.bam.stats:md5,2223cb5655e6916f4503c8f168487872",
                "SPT5_T15.mRp.clN.sorted.bam.flagstat:md5,cfc3ee317c7e076ef1f6bfb015214120",
                "SPT5_T15.mRp.clN.sorted.bam.idxstats:md5,6bdfc0c2ceaa742fc00aada6cbd67a41",
                "SPT5_T15.mRp.clN.sorted.bam.stats:md5,ca57407d3b512cb833bf1284e76f19cb",
                "genome.fa:md5,4bad9f4b18056156a81f7f952abbe125",
                "genome.fa.fai:md5,6f4c0ce5258e6948135ad006e1f9ee1b",
                "genome.fa.sizes:md5,e122f8021a5ef14104c32785cb9b7adc",
                "genome.index:md5,377432ea6242989cae4dabb60859f6bd",
                "cutadapt_filtered_reads_plot.yaml:md5,976fdb8049d847c977195863418e3655",
                "cutadapt_trimmed_sequences_plot_3_Counts.yaml:md5,14b35027cce2eba80181265e04f6f489",
                "cutadapt_trimmed_sequences_plot_3_Obs_Exp.yaml:md5,98410382bb4083d3215a24f0f27b21dd",
                "fastqc-1-status-check-heatmap.yaml:md5,6c6e1591b5ff248c85446f9728a3dad4",
                "fastqc-1_adapter_content_plot.yaml:md5,866de1b3a82437de44efad1e7e5cdfd6",
                "fastqc-1_per_base_n_content_plot.yaml:md5,d6764dbc1915525bc18c74a27d1fa194",
                "fastqc-1_per_base_sequence_quality_plot.yaml:md5,0dd7d8a364d42063440dc847e23eeda9",
                "fastqc-1_per_sequence_gc_content_plot_Counts.yaml:md5,2cb304ef2551b4ce47126228769a152b",
                "fastqc-1_per_sequence_gc_content_plot_Percentages.yaml:md5,9f835a07bebf743957983ed013a7eb3c",
                "fastqc-1_per_sequence_quality_scores_plot.yaml:md5,e7e1e6edaae3140586aecc3b77c6e533",
                "fastqc-1_sequence_counts_plot.yaml:md5,be269e081458d658dc29ac65bcb85d11",
                "fastqc-1_sequence_duplication_levels_plot.yaml:md5,a4681c6268200e1e27462b014c74783c",
                "fastqc-1_top_overrepresented_sequences_table.yaml:md5,5f39d1ff3acbe715fa55c6b16e8ad662",
                "fastqc-status-check-heatmap.yaml:md5,1e473e0f9140b718607d8c72cf3c0b45",
                "fastqc_adapter_content_plot.yaml:md5,591991daf3e3c49873f4a51a3710b072",
                "fastqc_per_base_n_content_plot.yaml:md5,c16a4af177b9ad9694a9535023906927",
                "fastqc_per_base_sequence_quality_plot.yaml:md5,20fc07ce2bc8e369d5fdd18afc6e60e9",
                "fastqc_per_sequence_gc_content_plot_Counts.yaml:md5,ab233171fb8fd4e717886b01868ebcf2",
                "fastqc_per_sequence_gc_content_plot_Percentages.yaml:md5,db29d683777cc0742585d1c48e712bd3",
                "fastqc_per_sequence_quality_scores_plot.yaml:md5,351b55974af5ee21294ebf5deb850d7c",
                "fastqc_sequence_counts_plot.yaml:md5,5522b2b42f0b3753dd359aad1565d7c2",
                "fastqc_sequence_duplication_levels_plot.yaml:md5,e883323380f2880c81ea36dc91ad8678",
                "fastqc_sequence_length_distribution_plot.yaml:md5,f1d36d9bed4b85e0ae349b514ab788fc",
                "fastqc_top_overrepresented_sequences_table.yaml:md5,443e161371f73cebf63c14f7a9f3580d",
                "featureCounts_assignment_plot.yaml:md5,59ab3e806eb3368dc38752997f1070bf",
                "mrep_picard_alignment_readlength_plot.yaml:md5,265b4321fdbba81299747239d63a2ff1",
                "mrep_picard_alignment_summary_Aligned_Bases.yaml:md5,2cb263841d462c564ad32aebe58964d3",
                "mrep_picard_alignment_summary_Aligned_Reads.yaml:md5,a7dae4204eea7f8f709d6927e2b6d975",
                "mrep_picard_deduplication.yaml:md5,889e6bfb0695917c95af4c732b05905b",
                "mrep_picard_histogram_mrep_picard.yaml:md5,8a80554c91d9fca8acb82f023de02f11",
                "mrep_picard_histogram_mrep_picard_1.yaml:md5,6a88a61956e8f8fde4b8436a5bb4140d",
                "mrep_picard_histogram_mrep_picard_2.yaml:md5,c3e7b77e68883f9fa62ab429b25961a8",
                "mrep_picard_insert_size_Counts.yaml:md5,1ce09c336dd2fd70c4d5d858a2a7bcc2",
                "mrep_picard_insert_size_Percentages.yaml:md5,ffe30acbf3762e8a1698050bc88429ed",
                "mrep_picard_quality_by_cycle.yaml:md5,034fab152d1998d60bdb388a2554475b",
                "mrep_picard_quality_score_distribution.yaml:md5,fc5751e0ce1b90efca8ed5f0e8a4124c",
                "multiqc_citations.yaml:md5,fca5dc7cb20162434c714d26b11161f3",
                "multiqc_cutadapt.yaml:md5,25f32008ccf0041ac74bb82d744d6eda",
                "multiqc_fastqc.yaml:md5,30fe6d1a5e5c04695dda81294b828ec9",
                "multiqc_fastqc_1.yaml:md5,2acfc036cfb76d7ed7edebe69234267d",
                "multiqc_featurecounts.yaml:md5,810bcaa3a288314bbac4aaac40849250",
                "multiqc_mlib_frip_score.yaml:md5,750ac3a7276e113423e2aa62c55b3a9c",
                "multiqc_mlib_nsc_coefficient.yaml:md5,03475a6631170b334d04705afea4576c",
                "multiqc_mlib_peak_annotation.yaml:md5,4879c78fdd66d6b9518e6462670bab31",
                "multiqc_mlib_peak_count.yaml:md5,18009097a9da6426b84e23b184bdc46c",
                "multiqc_mlib_rsc_coefficient.yaml:md5,2d96c8135be53a4a5e425776d2e99702",
                "multiqc_mlib_strand_shift_correlation.yaml:md5,14fa8c729c885eea869abeb465ddc31c",
                "multiqc_mrep_frip_score.yaml:md5,f9cb19229bcadfb2338ec0f10cc87a11",
                "multiqc_mrep_nsc_coefficient.yaml:md5,b858945970b6c5d66550a469f547e382",
                "multiqc_mrep_peak_annotation.yaml:md5,38b7b499746777e45ae7945768040091",
                "multiqc_mrep_peak_count.yaml:md5,c40fc4e70f44ed7d02d7870e869fe7d6",
                "multiqc_mrep_picard_AlignmentSummaryMetrics_mrep_picard.yaml:md5,029c65a585069fd877d1a39ba1a83d38",
                "multiqc_mrep_picard_dups_mrep_picard.yaml:md5,3823ac344d0423bd81831b4ad0a04e92",
                "multiqc_mrep_picard_insertSize_mrep_picard.yaml:md5,f32cae06ec3e68d9c7abedbe7291f047",
                "multiqc_mrep_picard_quality_by_cycle_mrep_picard.yaml:md5,6a88a61956e8f8fde4b8436a5bb4140d",
                "multiqc_mrep_picard_quality_score_distribution_mrep_picard.yaml:md5,c3e7b77e68883f9fa62ab429b25961a8",
                "multiqc_mrep_rsc_coefficient.yaml:md5,607ef0fd371e15944007ca872644fc94",
                "multiqc_mrep_strand_shift_correlation.yaml:md5,705140182905a10aff46d9abab069311",
                "multiqc_phantompeakqualtools.yaml:md5,ceb1b88c59e4c2eb996bbc6cc28d4745",
                "multiqc_picard-1_AlignmentSummaryMetrics.yaml:md5,33824d5f5fe73b1c26a872d321708c0a",
                "multiqc_picard-1_insertSize.yaml:md5,957775d435d56f52379e24d6b04a2c8e",
                "multiqc_picard-1_quality_by_cycle.yaml:md5,11d2fd45c7db4759c8f0743ef1dd9df7",
                "multiqc_picard-1_quality_score_distribution.yaml:md5,b14809d683b8b39fad1fe990de1c989e",
                "multiqc_picard_baseContent.yaml:md5,544c5cbdfe01bab45549cec414967114",
                "multiqc_picard_baseContent_mrep_picard.yaml:md5,57bbf57aec56bfa5031a11199c7f37bf",
                "multiqc_picard_dups.yaml:md5,87a02182a377c4d4b4160aa71330c29e",
                "multiqc_samtools_flagstat.yaml:md5,0c6b02ed035229e92036013c88ebce4f",
                "multiqc_samtools_flagstat_1.yaml:md5,8b31a5e88418459fa84853ad3f771f77",
                "multiqc_samtools_flagstat_2.yaml:md5,fb211e05b13842a922d259a610379065",
                "multiqc_samtools_flagstat_3.yaml:md5,85436e4fc0b4cd4e8754d9be46b24402",
                "multiqc_samtools_idxstats.yaml:md5,6a409806f4246c0397b29b0142fd8894",
                "multiqc_samtools_idxstats_1.yaml:md5,9e825d815fe4642da3a086292dec7792",
                "multiqc_samtools_idxstats_2.yaml:md5,7568aab6c7d1b403cff8f07ef503b9cd",
                "multiqc_samtools_idxstats_3.yaml:md5,79cd985001fc871b2a62b3c91d0084f6",
                "multiqc_samtools_stats.yaml:md5,9d9b24aceea1c649a84fa5bcb35fa6c6",
                "multiqc_samtools_stats_1.yaml:md5,0e4875a9c9c2bfd78588a3ce04ef5caf",
                "multiqc_samtools_stats_2.yaml:md5,383b58724b6e90ca35f568ebf6ee8919",
                "multiqc_samtools_stats_3.yaml:md5,6de000ee4577286fd625a6510d8a623d",
                "picard-1_alignment_readlength_plot.yaml:md5,1f645e3a75839bf834fa250fb0e46d91",
                "picard-1_alignment_summary_Aligned_Bases.yaml:md5,392fec9f38be3feea5b930209544b972",
                "picard-1_alignment_summary_Aligned_Reads.yaml:md5,0c165b0cfff600a509e976c106263b2f",
                "picard-1_histogram.yaml:md5,8a80554c91d9fca8acb82f023de02f11",
                "picard-1_histogram_1.yaml:md5,11d2fd45c7db4759c8f0743ef1dd9df7",
                "picard-1_histogram_2.yaml:md5,b14809d683b8b39fad1fe990de1c989e",
                "picard-1_insert_size_Counts.yaml:md5,e1f0357f70401d205d452582b84a56d8",
                "picard-1_insert_size_Percentages.yaml:md5,ad986dace70bab10123558b1ad6ca619",
                "picard-1_quality_by_cycle.yaml:md5,9e7eb35b07281a2aa470445d649346cb",
                "picard-1_quality_score_distribution.yaml:md5,84815b05788dcb45af6b2287a563eef7",
                "picard_base_distribution_by_cycle__Adenine-1.yaml:md5,9e76b9651eeb2c31e2ee56b73ac615e2",
                "picard_base_distribution_by_cycle__Adenine.yaml:md5,cebb58e48fc182ff663525262d34ff47",
                "picard_base_distribution_by_cycle__Cytosine-1.yaml:md5,bf7562fc5985b3ea16593cbd51e861c4",
                "picard_base_distribution_by_cycle__Cytosine.yaml:md5,546ac75e67fc4be0edca45b4f12fe264",
                "picard_base_distribution_by_cycle__Guanine-1.yaml:md5,157d06889359aae83a8aa9511d804998",
                "picard_base_distribution_by_cycle__Guanine.yaml:md5,76b61f99de3499b422b4310ae567a5c5",
                "picard_base_distribution_by_cycle__Thymine-1.yaml:md5,307dda913978dde405f7ab8370afb711",
                "picard_base_distribution_by_cycle__Thymine.yaml:md5,a4620ac796d26437235bcb4edc3f638d",
                "picard_base_distribution_by_cycle__Undetermined-1.yaml:md5,1709981fd22c75ad8badc61a309c34bd",
                "picard_base_distribution_by_cycle__Undetermined.yaml:md5,6984ec68df34f03fec07d6e8d4fec1b2",
                "picard_deduplication.yaml:md5,1af3b920ddf0b94d2c617d2ef74e58f1",
                "picard_histogram.yaml:md5,8a80554c91d9fca8acb82f023de02f11",
                "picard_histogram_1.yaml:md5,8a80554c91d9fca8acb82f023de02f11",
                "picard_histogram_2.yaml:md5,8a80554c91d9fca8acb82f023de02f11",
                "samtools-flagstat-dp_Percentage_of_total-1.yaml:md5,c4c251d723c0eb8f771394be7c05b936",
                "samtools-flagstat-dp_Percentage_of_total-2.yaml:md5,1b1eec5d19ddf1b345b133f2fda62036",
                "samtools-flagstat-dp_Percentage_of_total-3.yaml:md5,3d0f4dd6a63eb913ff12c83650624344",
                "samtools-flagstat-dp_Percentage_of_total.yaml:md5,da48ca14276999ee304433554ec71838",
                "samtools-flagstat-dp_Read_counts-1.yaml:md5,cc68af7fd21bcf37b541c694d581f0e8",
                "samtools-flagstat-dp_Read_counts-2.yaml:md5,f9d6bc85d9d764e4ad0b263ffd44b78f",
                "samtools-flagstat-dp_Read_counts-3.yaml:md5,4fd2fc80c290a11fd02b642c8634cc1e",
                "samtools-flagstat-dp_Read_counts.yaml:md5,ace0d7287774382756c835fc5b1eedfc",
                "samtools-idxstats-mapped-reads-plot_Normalised_Counts-1.yaml:md5,2be56aade977cc181057e04a844549bc",
                "samtools-idxstats-mapped-reads-plot_Normalised_Counts-2.yaml:md5,4a81590c28ff69908533f1531f21d9e2",
                "samtools-idxstats-mapped-reads-plot_Normalised_Counts-3.yaml:md5,d71fe60d39d7cf9b0c7863dff30dcae3",
                "samtools-idxstats-mapped-reads-plot_Normalised_Counts.yaml:md5,0df5d134d0f597db2ff42153373569a4",
                "samtools-idxstats-mapped-reads-plot_Observed_over_Expected_Counts-1.yaml:md5,92a125f968d6c8d527db4a1dfc3ef2b6",
                "samtools-idxstats-mapped-reads-plot_Observed_over_Expected_Counts-2.yaml:md5,73158eb30b7790f63c1bd090cd1c9d70",
                "samtools-idxstats-mapped-reads-plot_Observed_over_Expected_Counts-3.yaml:md5,b12dd2579b172f87f3905e373a1cd62c",
                "samtools-idxstats-mapped-reads-plot_Observed_over_Expected_Counts.yaml:md5,d359fb0516c6106fb1a07e6d40d6f260",
                "samtools-idxstats-mapped-reads-plot_Raw_Counts-1.yaml:md5,69d094f1c604439690bb0e345fecb580",
                "samtools-idxstats-mapped-reads-plot_Raw_Counts-2.yaml:md5,e568afd5cc3a8df573ba648f5b2e42ab",
                "samtools-idxstats-mapped-reads-plot_Raw_Counts-3.yaml:md5,cd12419037c073ef89926514c776ce4c",
                "samtools-idxstats-mapped-reads-plot_Raw_Counts.yaml:md5,a9b9091af444359e66dfc749c8c23453",
                "samtools-stats-dp.yaml:md5,61853467119f1dd3fb29aa15799e7321",
                "samtools_alignment_plot.yaml:md5,51879b817cd40a56d126a75e3ec60a0d",
                "samplesheet.valid.csv:md5,276425084544b3baf533e2f17207a384"
            ]
        ],
        "meta": {
            "nf-test": "0.9.3",
            "nextflow": "25.04.0"
        },
        "timestamp": "2026-09-01T23:58:27.844860939"
    },
    "chromap with stub": {
        "content": [
            20
        ],
        "meta": {
            "nf-test": "0.9.3",
            "nextflow": "25.10.0"
        },
        "timestamp": "2026-08-28T23:32:32.770888437"
    }
}