{
    "-profile test": {
        "content": [
            274,
            {
                "ANNOTATE_BOOLEAN_PEAKS": {
                    "sed": 4.7
                },
                "BAMTOOLS_FILTER": {
                    "bamtools": "2.5.2",
                    "samtools": "1.15.1"
                },
                "BAM_REMOVE_ORPHANS": {
                    "samtools": "1.15.1"
                },
                "BEDTOOLS_GENOMECOV": {
                    "bedtools": "2.31.1"
                },
                "BWA_INDEX": {
                    "bwa": "0.7.18-r1243-dirty"
                },
                "BWA_MEM": {
                    "bwa": "0.7.18-r1243-dirty",
                    "samtools": 1.2
                },
                "CUSTOM_GETCHROMSIZES": {
                    "getchromsizes": 1.2
                },
                "DESEQ2_QC": {
                    "bioconductor-deseq2": "1.28.0",
                    "r-base": "4.0.3"
                },
                "FASTQC": {
                    "fastqc": "0.12.1"
                },
                "FRIP_SCORE": {
                    "bedtools": "2.30.0",
                    "samtools": "1.15.1"
                },
                "GENOME_BLACKLIST_REGIONS": {
                    "bedtools": "2.30.0"
                },
                "GTF2BED": {
                    "perl": "5.26.2"
                },
                "HOMER_ANNOTATEPEAKS": {
                    "homer": 4.11
                },
                "IGV": {
                    "python": "3.8.3"
                },
                "MACS3_CALLPEAK": {
                    "macs3": "3.0.1"
                },
                "MACS3_CONSENSUS": {
                    "python": "3.10.0",
                    "r-base": "4.1.1"
                },
                "MERGED_LIBRARY_DEEPTOOLS_COMPUTEMATRIX": {
                    "deeptools": "3.5.5"
                },
                "MERGED_LIBRARY_DEEPTOOLS_PLOTFINGERPRINT": {
                    "deeptools": "3.5.5"
                },
                "MERGED_LIBRARY_DEEPTOOLS_PLOTHEATMAP": {
                    "deeptools": "3.5.5"
                },
                "MERGED_LIBRARY_DEEPTOOLS_PLOTPROFILE": {
                    "deeptools": "3.5.5"
                },
                "MERGED_LIBRARY_PHANTOMPEAKQUALTOOLS": {
                    "phantompeakqualtools": "1.2.2"
                },
                "MERGED_LIBRARY_PICARD_COLLECTMULTIPLEMETRICS": {
                    "picard": "3.2.0-1-g3948afb6b"
                },
                "MERGED_REPLICATE_DEEPTOOLS_COMPUTEMATRIX": {
                    "deeptools": "3.5.5"
                },
                "MERGED_REPLICATE_DEEPTOOLS_PLOTFINGERPRINT": {
                    "deeptools": "3.5.5"
                },
                "MERGED_REPLICATE_DEEPTOOLS_PLOTHEATMAP": {
                    "deeptools": "3.5.5"
                },
                "MERGED_REPLICATE_DEEPTOOLS_PLOTPROFILE": {
                    "deeptools": "3.5.5"
                },
                "MERGED_REPLICATE_PHANTOMPEAKQUALTOOLS": {
                    "phantompeakqualtools": "1.2.2"
                },
                "MERGED_REPLICATE_PICARD_COLLECTMULTIPLEMETRICS": {
                    "picard": "3.2.0-1-g3948afb6b"
                },
                "MULTIQC_CUSTOM_PEAKS": {
                    "sed": 4.7
                },
                "PICARD_MARKDUPLICATES": {
                    "picard": "3.2.0-1-g3948afb6b"
                },
                "PICARD_MERGESAMFILES_LIBRARY": {
                    "picard": "3.4.0"
                },
                "PICARD_MERGESAMFILES_REPLICATE": {
                    "picard": "3.4.0"
                },
                "PLOT_HOMER_ANNOTATEPEAKS": {
                    "r-base": "4.0.3"
                },
                "PLOT_MACS3_QC": {
                    "r-base": "4.0.3"
                },
                "SAMPLESHEET_CHECK": {
                    "python": "3.8.3"
                },
                "SAMTOOLS_FLAGSTAT": {
                    "samtools": "1.22.1"
                },
                "SAMTOOLS_IDXSTATS": {
                    "samtools": 1.2
                },
                "SAMTOOLS_INDEX": {
                    "samtools": 1.2
                },
                "SAMTOOLS_SORT": {
                    "samtools": 1.2
                },
                "SAMTOOLS_STATS": {
                    "samtools": 1.2
                },
                "SUBREAD_FEATURECOUNTS": {
                    "subread": "2.0.1"
                },
                "TRIMGALORE": {
                    "cutadapt": 3.4,
                    "trimgalore": "0.6.7"
                },
                "UCSC_BEDGRAPHTOBIGWIG": {
                    "ucsc": 445
                },
                "Workflow": {
                    "nf-core/chipseq": "v2.2.0dev"
                }
            },
            [
                "bwa",
                "bwa/merged_library",
                "bwa/merged_library/SPT5_INPUT_REP1.mLb.clN.sorted.bam",
                "bwa/merged_library/SPT5_INPUT_REP1.mLb.clN.sorted.bam.bai",
                "bwa/merged_library/SPT5_INPUT_REP2.mLb.clN.sorted.bam",
                "bwa/merged_library/SPT5_INPUT_REP2.mLb.clN.sorted.bam.bai",
                "bwa/merged_library/SPT5_T0_REP1.mLb.clN.sorted.bam",
                "bwa/merged_library/SPT5_T0_REP1.mLb.clN.sorted.bam.bai",
                "bwa/merged_library/SPT5_T0_REP2.mLb.clN.sorted.bam",
                "bwa/merged_library/SPT5_T0_REP2.mLb.clN.sorted.bam.bai",
                "bwa/merged_library/SPT5_T15_REP1.mLb.clN.sorted.bam",
                "bwa/merged_library/SPT5_T15_REP1.mLb.clN.sorted.bam.bai",
                "bwa/merged_library/SPT5_T15_REP2.mLb.clN.sorted.bam",
                "bwa/merged_library/SPT5_T15_REP2.mLb.clN.sorted.bam.bai",
                "bwa/merged_library/bigwig",
                "bwa/merged_library/bigwig/SPT5_INPUT_REP1.mLB.clN.bedGraph",
                "bwa/merged_library/bigwig/SPT5_INPUT_REP1.mLb.clN.bigWig",
                "bwa/merged_library/bigwig/SPT5_INPUT_REP2.mLB.clN.bedGraph",
                "bwa/merged_library/bigwig/SPT5_INPUT_REP2.mLb.clN.bigWig",
                "bwa/merged_library/bigwig/SPT5_T0_REP1.mLB.clN.bedGraph",
                "bwa/merged_library/bigwig/SPT5_T0_REP1.mLb.clN.bigWig",
                "bwa/merged_library/bigwig/SPT5_T0_REP2.mLB.clN.bedGraph",
                "bwa/merged_library/bigwig/SPT5_T0_REP2.mLb.clN.bigWig",
                "bwa/merged_library/bigwig/SPT5_T15_REP1.mLB.clN.bedGraph",
                "bwa/merged_library/bigwig/SPT5_T15_REP1.mLb.clN.bigWig",
                "bwa/merged_library/bigwig/SPT5_T15_REP2.mLB.clN.bedGraph",
                "bwa/merged_library/bigwig/SPT5_T15_REP2.mLb.clN.bigWig",
                "bwa/merged_library/deepTools",
                "bwa/merged_library/deepTools/plotFingerprint",
                "bwa/merged_library/deepTools/plotFingerprint/SPT5_T0_REP1.mLb.clN.plotFingerprint.pdf",
                "bwa/merged_library/deepTools/plotFingerprint/SPT5_T0_REP1.mLb.clN.plotFingerprint.qcmetrics.txt",
                "bwa/merged_library/deepTools/plotFingerprint/SPT5_T0_REP1.mLb.clN.plotFingerprint.raw.txt",
                "bwa/merged_library/deepTools/plotFingerprint/SPT5_T0_REP2.mLb.clN.plotFingerprint.pdf",
                "bwa/merged_library/deepTools/plotFingerprint/SPT5_T0_REP2.mLb.clN.plotFingerprint.qcmetrics.txt",
                "bwa/merged_library/deepTools/plotFingerprint/SPT5_T0_REP2.mLb.clN.plotFingerprint.raw.txt",
                "bwa/merged_library/deepTools/plotFingerprint/SPT5_T15_REP1.mLb.clN.plotFingerprint.pdf",
                "bwa/merged_library/deepTools/plotFingerprint/SPT5_T15_REP1.mLb.clN.plotFingerprint.qcmetrics.txt",
                "bwa/merged_library/deepTools/plotFingerprint/SPT5_T15_REP1.mLb.clN.plotFingerprint.raw.txt",
                "bwa/merged_library/deepTools/plotFingerprint/SPT5_T15_REP2.mLb.clN.plotFingerprint.pdf",
                "bwa/merged_library/deepTools/plotFingerprint/SPT5_T15_REP2.mLb.clN.plotFingerprint.qcmetrics.txt",
                "bwa/merged_library/deepTools/plotFingerprint/SPT5_T15_REP2.mLb.clN.plotFingerprint.raw.txt",
                "bwa/merged_library/deepTools/plotProfile",
                "bwa/merged_library/deepTools/plotProfile/SPT5_INPUT_REP1.mLb.clN.computeMatrix.mat.gz",
                "bwa/merged_library/deepTools/plotProfile/SPT5_INPUT_REP1.mLb.clN.computeMatrix.vals.mat.tab",
                "bwa/merged_library/deepTools/plotProfile/SPT5_INPUT_REP1.mLb.clN.plotHeatmap.mat.tab",
                "bwa/merged_library/deepTools/plotProfile/SPT5_INPUT_REP1.mLb.clN.plotHeatmap.pdf",
                "bwa/merged_library/deepTools/plotProfile/SPT5_INPUT_REP1.mLb.clN.plotProfile.pdf",
                "bwa/merged_library/deepTools/plotProfile/SPT5_INPUT_REP1.mLb.clN.plotProfile.tab",
                "bwa/merged_library/deepTools/plotProfile/SPT5_INPUT_REP2.mLb.clN.computeMatrix.mat.gz",
                "bwa/merged_library/deepTools/plotProfile/SPT5_INPUT_REP2.mLb.clN.computeMatrix.vals.mat.tab",
                "bwa/merged_library/deepTools/plotProfile/SPT5_INPUT_REP2.mLb.clN.plotHeatmap.mat.tab",
                "bwa/merged_library/deepTools/plotProfile/SPT5_INPUT_REP2.mLb.clN.plotHeatmap.pdf",
                "bwa/merged_library/deepTools/plotProfile/SPT5_INPUT_REP2.mLb.clN.plotProfile.pdf",
                "bwa/merged_library/deepTools/plotProfile/SPT5_INPUT_REP2.mLb.clN.plotProfile.tab",
                "bwa/merged_library/deepTools/plotProfile/SPT5_T0_REP1.mLb.clN.computeMatrix.mat.gz",
                "bwa/merged_library/deepTools/plotProfile/SPT5_T0_REP1.mLb.clN.computeMatrix.vals.mat.tab",
                "bwa/merged_library/deepTools/plotProfile/SPT5_T0_REP1.mLb.clN.plotHeatmap.mat.tab",
                "bwa/merged_library/deepTools/plotProfile/SPT5_T0_REP1.mLb.clN.plotHeatmap.pdf",
                "bwa/merged_library/deepTools/plotProfile/SPT5_T0_REP1.mLb.clN.plotProfile.pdf",
                "bwa/merged_library/deepTools/plotProfile/SPT5_T0_REP1.mLb.clN.plotProfile.tab",
                "bwa/merged_library/deepTools/plotProfile/SPT5_T0_REP2.mLb.clN.computeMatrix.mat.gz",
                "bwa/merged_library/deepTools/plotProfile/SPT5_T0_REP2.mLb.clN.computeMatrix.vals.mat.tab",
                "bwa/merged_library/deepTools/plotProfile/SPT5_T0_REP2.mLb.clN.plotHeatmap.mat.tab",
                "bwa/merged_library/deepTools/plotProfile/SPT5_T0_REP2.mLb.clN.plotHeatmap.pdf",
                "bwa/merged_library/deepTools/plotProfile/SPT5_T0_REP2.mLb.clN.plotProfile.pdf",
                "bwa/merged_library/deepTools/plotProfile/SPT5_T0_REP2.mLb.clN.plotProfile.tab",
                "bwa/merged_library/deepTools/plotProfile/SPT5_T15_REP1.mLb.clN.computeMatrix.mat.gz",
                "bwa/merged_library/deepTools/plotProfile/SPT5_T15_REP1.mLb.clN.computeMatrix.vals.mat.tab",
                "bwa/merged_library/deepTools/plotProfile/SPT5_T15_REP1.mLb.clN.plotHeatmap.mat.tab",
                "bwa/merged_library/deepTools/plotProfile/SPT5_T15_REP1.mLb.clN.plotHeatmap.pdf",
                "bwa/merged_library/deepTools/plotProfile/SPT5_T15_REP1.mLb.clN.plotProfile.pdf",
                "bwa/merged_library/deepTools/plotProfile/SPT5_T15_REP1.mLb.clN.plotProfile.tab",
                "bwa/merged_library/deepTools/plotProfile/SPT5_T15_REP2.mLb.clN.computeMatrix.mat.gz",
                "bwa/merged_library/deepTools/plotProfile/SPT5_T15_REP2.mLb.clN.computeMatrix.vals.mat.tab",
                "bwa/merged_library/deepTools/plotProfile/SPT5_T15_REP2.mLb.clN.plotHeatmap.mat.tab",
                "bwa/merged_library/deepTools/plotProfile/SPT5_T15_REP2.mLb.clN.plotHeatmap.pdf",
                "bwa/merged_library/deepTools/plotProfile/SPT5_T15_REP2.mLb.clN.plotProfile.pdf",
                "bwa/merged_library/deepTools/plotProfile/SPT5_T15_REP2.mLb.clN.plotProfile.tab",
                "bwa/merged_library/macs3",
                "bwa/merged_library/macs3/broad_peak",
                "bwa/merged_library/macs3/broad_peak/SPT5_T0_REP1_peaks.annotatePeaks.txt",
                "bwa/merged_library/macs3/broad_peak/SPT5_T0_REP1_peaks.broadPeak",
                "bwa/merged_library/macs3/broad_peak/SPT5_T0_REP1_peaks.gappedPeak",
                "bwa/merged_library/macs3/broad_peak/SPT5_T0_REP1_peaks.xls",
                "bwa/merged_library/macs3/broad_peak/SPT5_T0_REP2_peaks.annotatePeaks.txt",
                "bwa/merged_library/macs3/broad_peak/SPT5_T0_REP2_peaks.broadPeak",
                "bwa/merged_library/macs3/broad_peak/SPT5_T0_REP2_peaks.gappedPeak",
                "bwa/merged_library/macs3/broad_peak/SPT5_T0_REP2_peaks.xls",
                "bwa/merged_library/macs3/broad_peak/SPT5_T15_REP1_peaks.annotatePeaks.txt",
                "bwa/merged_library/macs3/broad_peak/SPT5_T15_REP1_peaks.broadPeak",
                "bwa/merged_library/macs3/broad_peak/SPT5_T15_REP1_peaks.gappedPeak",
                "bwa/merged_library/macs3/broad_peak/SPT5_T15_REP1_peaks.xls",
                "bwa/merged_library/macs3/broad_peak/SPT5_T15_REP2_peaks.annotatePeaks.txt",
                "bwa/merged_library/macs3/broad_peak/SPT5_T15_REP2_peaks.broadPeak",
                "bwa/merged_library/macs3/broad_peak/SPT5_T15_REP2_peaks.gappedPeak",
                "bwa/merged_library/macs3/broad_peak/SPT5_T15_REP2_peaks.xls",
                "bwa/merged_library/macs3/broad_peak/consensus",
                "bwa/merged_library/macs3/broad_peak/consensus/SPT5",
                "bwa/merged_library/macs3/broad_peak/consensus/SPT5/SPT5.consensus_peaks.annotatePeaks.txt",
                "bwa/merged_library/macs3/broad_peak/consensus/SPT5/SPT5.consensus_peaks.antibody.txt",
                "bwa/merged_library/macs3/broad_peak/consensus/SPT5/SPT5.consensus_peaks.bed",
                "bwa/merged_library/macs3/broad_peak/consensus/SPT5/SPT5.consensus_peaks.boolean.annotatePeaks.txt",
                "bwa/merged_library/macs3/broad_peak/consensus/SPT5/SPT5.consensus_peaks.boolean.intersect.plot.pdf",
                "bwa/merged_library/macs3/broad_peak/consensus/SPT5/SPT5.consensus_peaks.boolean.intersect.txt",
                "bwa/merged_library/macs3/broad_peak/consensus/SPT5/SPT5.consensus_peaks.boolean.txt",
                "bwa/merged_library/macs3/broad_peak/consensus/SPT5/SPT5.consensus_peaks.featureCounts.txt",
                "bwa/merged_library/macs3/broad_peak/consensus/SPT5/SPT5.consensus_peaks.featureCounts.txt.summary",
                "bwa/merged_library/macs3/broad_peak/consensus/SPT5/SPT5.consensus_peaks.saf",
                "bwa/merged_library/macs3/broad_peak/consensus/SPT5/deseq2",
                "bwa/merged_library/macs3/broad_peak/consensus/SPT5/deseq2/R_sessionInfo.log",
                "bwa/merged_library/macs3/broad_peak/consensus/SPT5/deseq2/SPT5.consensus_peaks.dds.RData",
                "bwa/merged_library/macs3/broad_peak/consensus/SPT5/deseq2/SPT5.consensus_peaks.pca.vals.txt",
                "bwa/merged_library/macs3/broad_peak/consensus/SPT5/deseq2/SPT5.consensus_peaks.pca.vals_mqc.tsv",
                "bwa/merged_library/macs3/broad_peak/consensus/SPT5/deseq2/SPT5.consensus_peaks.plots.pdf",
                "bwa/merged_library/macs3/broad_peak/consensus/SPT5/deseq2/SPT5.consensus_peaks.rds",
                "bwa/merged_library/macs3/broad_peak/consensus/SPT5/deseq2/SPT5.consensus_peaks.sample.dists.txt",
                "bwa/merged_library/macs3/broad_peak/consensus/SPT5/deseq2/SPT5.consensus_peaks.sample.dists_mqc.tsv",
                "bwa/merged_library/macs3/broad_peak/consensus/SPT5/deseq2/size_factors",
                "bwa/merged_library/macs3/broad_peak/consensus/SPT5/deseq2/size_factors/SPT5.consensus_peaks.size_factors.RData",
                "bwa/merged_library/macs3/broad_peak/consensus/SPT5/deseq2/size_factors/SPT5_T0_REP1.txt",
                "bwa/merged_library/macs3/broad_peak/consensus/SPT5/deseq2/size_factors/SPT5_T0_REP2.txt",
                "bwa/merged_library/macs3/broad_peak/consensus/SPT5/deseq2/size_factors/SPT5_T15_REP1.txt",
                "bwa/merged_library/macs3/broad_peak/consensus/SPT5/deseq2/size_factors/SPT5_T15_REP2.txt",
                "bwa/merged_library/macs3/broad_peak/qc",
                "bwa/merged_library/macs3/broad_peak/qc/SPT5_T0_REP1.FRiP_mqc.tsv",
                "bwa/merged_library/macs3/broad_peak/qc/SPT5_T0_REP1.peak_count_mqc.tsv",
                "bwa/merged_library/macs3/broad_peak/qc/SPT5_T0_REP2.FRiP_mqc.tsv",
                "bwa/merged_library/macs3/broad_peak/qc/SPT5_T0_REP2.peak_count_mqc.tsv",
                "bwa/merged_library/macs3/broad_peak/qc/SPT5_T15_REP1.FRiP_mqc.tsv",
                "bwa/merged_library/macs3/broad_peak/qc/SPT5_T15_REP1.peak_count_mqc.tsv",
                "bwa/merged_library/macs3/broad_peak/qc/SPT5_T15_REP2.FRiP_mqc.tsv",
                "bwa/merged_library/macs3/broad_peak/qc/SPT5_T15_REP2.peak_count_mqc.tsv",
                "bwa/merged_library/macs3/broad_peak/qc/macs3_annotatePeaks.plots.pdf",
                "bwa/merged_library/macs3/broad_peak/qc/macs3_annotatePeaks.summary.txt",
                "bwa/merged_library/macs3/broad_peak/qc/macs3_annotatePeaks.summary_mqc.tsv",
                "bwa/merged_library/macs3/broad_peak/qc/macs3_peak.plots.pdf",
                "bwa/merged_library/macs3/broad_peak/qc/macs3_peak.summary.txt",
                "bwa/merged_library/phantompeakqualtools",
                "bwa/merged_library/phantompeakqualtools/SPT5_INPUT_REP1.spp.out",
                "bwa/merged_library/phantompeakqualtools/SPT5_INPUT_REP1.spp.pdf",
                "bwa/merged_library/phantompeakqualtools/SPT5_INPUT_REP1.spp_correlation_mqc.tsv",
                "bwa/merged_library/phantompeakqualtools/SPT5_INPUT_REP1.spp_nsc_mqc.tsv",
                "bwa/merged_library/phantompeakqualtools/SPT5_INPUT_REP1.spp_rsc_mqc.tsv",
                "bwa/merged_library/phantompeakqualtools/SPT5_INPUT_REP2.spp.out",
                "bwa/merged_library/phantompeakqualtools/SPT5_INPUT_REP2.spp.pdf",
                "bwa/merged_library/phantompeakqualtools/SPT5_INPUT_REP2.spp_correlation_mqc.tsv",
                "bwa/merged_library/phantompeakqualtools/SPT5_INPUT_REP2.spp_nsc_mqc.tsv",
                "bwa/merged_library/phantompeakqualtools/SPT5_INPUT_REP2.spp_rsc_mqc.tsv",
                "bwa/merged_library/phantompeakqualtools/SPT5_T0_REP1.spp.out",
                "bwa/merged_library/phantompeakqualtools/SPT5_T0_REP1.spp.pdf",
                "bwa/merged_library/phantompeakqualtools/SPT5_T0_REP1.spp_correlation_mqc.tsv",
                "bwa/merged_library/phantompeakqualtools/SPT5_T0_REP1.spp_nsc_mqc.tsv",
                "bwa/merged_library/phantompeakqualtools/SPT5_T0_REP1.spp_rsc_mqc.tsv",
                "bwa/merged_library/phantompeakqualtools/SPT5_T0_REP2.spp.out",
                "bwa/merged_library/phantompeakqualtools/SPT5_T0_REP2.spp.pdf",
                "bwa/merged_library/phantompeakqualtools/SPT5_T0_REP2.spp_correlation_mqc.tsv",
                "bwa/merged_library/phantompeakqualtools/SPT5_T0_REP2.spp_nsc_mqc.tsv",
                "bwa/merged_library/phantompeakqualtools/SPT5_T0_REP2.spp_rsc_mqc.tsv",
                "bwa/merged_library/phantompeakqualtools/SPT5_T15_REP1.spp.out",
                "bwa/merged_library/phantompeakqualtools/SPT5_T15_REP1.spp.pdf",
                "bwa/merged_library/phantompeakqualtools/SPT5_T15_REP1.spp_correlation_mqc.tsv",
                "bwa/merged_library/phantompeakqualtools/SPT5_T15_REP1.spp_nsc_mqc.tsv",
                "bwa/merged_library/phantompeakqualtools/SPT5_T15_REP1.spp_rsc_mqc.tsv",
                "bwa/merged_library/phantompeakqualtools/SPT5_T15_REP2.spp.out",
                "bwa/merged_library/phantompeakqualtools/SPT5_T15_REP2.spp.pdf",
                "bwa/merged_library/phantompeakqualtools/SPT5_T15_REP2.spp_correlation_mqc.tsv",
                "bwa/merged_library/phantompeakqualtools/SPT5_T15_REP2.spp_nsc_mqc.tsv",
                "bwa/merged_library/phantompeakqualtools/SPT5_T15_REP2.spp_rsc_mqc.tsv",
                "bwa/merged_library/picard_metrics",
                "bwa/merged_library/picard_metrics/SPT5_INPUT_REP1.mLb.clN.sorted.CollectMultipleMetrics.alignment_summary_metrics",
                "bwa/merged_library/picard_metrics/SPT5_INPUT_REP1.mLb.clN.sorted.CollectMultipleMetrics.base_distribution_by_cycle_metrics",
                "bwa/merged_library/picard_metrics/SPT5_INPUT_REP1.mLb.clN.sorted.CollectMultipleMetrics.insert_size_metrics",
                "bwa/merged_library/picard_metrics/SPT5_INPUT_REP1.mLb.clN.sorted.CollectMultipleMetrics.quality_by_cycle_metrics",
                "bwa/merged_library/picard_metrics/SPT5_INPUT_REP1.mLb.clN.sorted.CollectMultipleMetrics.quality_distribution_metrics",
                "bwa/merged_library/picard_metrics/SPT5_INPUT_REP1.mLb.mkD.sorted.MarkDuplicates.metrics.txt",
                "bwa/merged_library/picard_metrics/SPT5_INPUT_REP2.mLb.clN.sorted.CollectMultipleMetrics.alignment_summary_metrics",
                "bwa/merged_library/picard_metrics/SPT5_INPUT_REP2.mLb.clN.sorted.CollectMultipleMetrics.base_distribution_by_cycle_metrics",
                "bwa/merged_library/picard_metrics/SPT5_INPUT_REP2.mLb.clN.sorted.CollectMultipleMetrics.insert_size_metrics",
                "bwa/merged_library/picard_metrics/SPT5_INPUT_REP2.mLb.clN.sorted.CollectMultipleMetrics.quality_by_cycle_metrics",
                "bwa/merged_library/picard_metrics/SPT5_INPUT_REP2.mLb.clN.sorted.CollectMultipleMetrics.quality_distribution_metrics",
                "bwa/merged_library/picard_metrics/SPT5_INPUT_REP2.mLb.mkD.sorted.MarkDuplicates.metrics.txt",
                "bwa/merged_library/picard_metrics/SPT5_T0_REP1.mLb.clN.sorted.CollectMultipleMetrics.alignment_summary_metrics",
                "bwa/merged_library/picard_metrics/SPT5_T0_REP1.mLb.clN.sorted.CollectMultipleMetrics.base_distribution_by_cycle_metrics",
                "bwa/merged_library/picard_metrics/SPT5_T0_REP1.mLb.clN.sorted.CollectMultipleMetrics.insert_size_metrics",
                "bwa/merged_library/picard_metrics/SPT5_T0_REP1.mLb.clN.sorted.CollectMultipleMetrics.quality_by_cycle_metrics",
                "bwa/merged_library/picard_metrics/SPT5_T0_REP1.mLb.clN.sorted.CollectMultipleMetrics.quality_distribution_metrics",
                "bwa/merged_library/picard_metrics/SPT5_T0_REP1.mLb.mkD.sorted.MarkDuplicates.metrics.txt",
                "bwa/merged_library/picard_metrics/SPT5_T0_REP2.mLb.clN.sorted.CollectMultipleMetrics.alignment_summary_metrics",
                "bwa/merged_library/picard_metrics/SPT5_T0_REP2.mLb.clN.sorted.CollectMultipleMetrics.base_distribution_by_cycle_metrics",
                "bwa/merged_library/picard_metrics/SPT5_T0_REP2.mLb.clN.sorted.CollectMultipleMetrics.insert_size_metrics",
                "bwa/merged_library/picard_metrics/SPT5_T0_REP2.mLb.clN.sorted.CollectMultipleMetrics.quality_by_cycle_metrics",
                "bwa/merged_library/picard_metrics/SPT5_T0_REP2.mLb.clN.sorted.CollectMultipleMetrics.quality_distribution_metrics",
                "bwa/merged_library/picard_metrics/SPT5_T0_REP2.mLb.mkD.sorted.MarkDuplicates.metrics.txt",
                "bwa/merged_library/picard_metrics/SPT5_T15_REP1.mLb.clN.sorted.CollectMultipleMetrics.alignment_summary_metrics",
                "bwa/merged_library/picard_metrics/SPT5_T15_REP1.mLb.clN.sorted.CollectMultipleMetrics.base_distribution_by_cycle_metrics",
                "bwa/merged_library/picard_metrics/SPT5_T15_REP1.mLb.clN.sorted.CollectMultipleMetrics.insert_size_metrics",
                "bwa/merged_library/picard_metrics/SPT5_T15_REP1.mLb.clN.sorted.CollectMultipleMetrics.quality_by_cycle_metrics",
                "bwa/merged_library/picard_metrics/SPT5_T15_REP1.mLb.clN.sorted.CollectMultipleMetrics.quality_distribution_metrics",
                "bwa/merged_library/picard_metrics/SPT5_T15_REP1.mLb.mkD.sorted.MarkDuplicates.metrics.txt",
                "bwa/merged_library/picard_metrics/SPT5_T15_REP2.mLb.clN.sorted.CollectMultipleMetrics.alignment_summary_metrics",
                "bwa/merged_library/picard_metrics/SPT5_T15_REP2.mLb.clN.sorted.CollectMultipleMetrics.base_distribution_by_cycle_metrics",
                "bwa/merged_library/picard_metrics/SPT5_T15_REP2.mLb.clN.sorted.CollectMultipleMetrics.insert_size_metrics",
                "bwa/merged_library/picard_metrics/SPT5_T15_REP2.mLb.clN.sorted.CollectMultipleMetrics.quality_by_cycle_metrics",
                "bwa/merged_library/picard_metrics/SPT5_T15_REP2.mLb.clN.sorted.CollectMultipleMetrics.quality_distribution_metrics",
                "bwa/merged_library/picard_metrics/SPT5_T15_REP2.mLb.mkD.sorted.MarkDuplicates.metrics.txt",
                "bwa/merged_library/picard_metrics/pdf",
                "bwa/merged_library/picard_metrics/pdf/SPT5_INPUT_REP1.mLb.clN.sorted.CollectMultipleMetrics.base_distribution_by_cycle.pdf",
                "bwa/merged_library/picard_metrics/pdf/SPT5_INPUT_REP1.mLb.clN.sorted.CollectMultipleMetrics.insert_size_histogram.pdf",
                "bwa/merged_library/picard_metrics/pdf/SPT5_INPUT_REP1.mLb.clN.sorted.CollectMultipleMetrics.quality_by_cycle.pdf",
                "bwa/merged_library/picard_metrics/pdf/SPT5_INPUT_REP1.mLb.clN.sorted.CollectMultipleMetrics.quality_distribution.pdf",
                "bwa/merged_library/picard_metrics/pdf/SPT5_INPUT_REP1.mLb.clN.sorted.CollectMultipleMetrics.read_length_histogram.pdf",
                "bwa/merged_library/picard_metrics/pdf/SPT5_INPUT_REP2.mLb.clN.sorted.CollectMultipleMetrics.base_distribution_by_cycle.pdf",
                "bwa/merged_library/picard_metrics/pdf/SPT5_INPUT_REP2.mLb.clN.sorted.CollectMultipleMetrics.insert_size_histogram.pdf",
                "bwa/merged_library/picard_metrics/pdf/SPT5_INPUT_REP2.mLb.clN.sorted.CollectMultipleMetrics.quality_by_cycle.pdf",
                "bwa/merged_library/picard_metrics/pdf/SPT5_INPUT_REP2.mLb.clN.sorted.CollectMultipleMetrics.quality_distribution.pdf",
                "bwa/merged_library/picard_metrics/pdf/SPT5_INPUT_REP2.mLb.clN.sorted.CollectMultipleMetrics.read_length_histogram.pdf",
                "bwa/merged_library/picard_metrics/pdf/SPT5_T0_REP1.mLb.clN.sorted.CollectMultipleMetrics.base_distribution_by_cycle.pdf",
                "bwa/merged_library/picard_metrics/pdf/SPT5_T0_REP1.mLb.clN.sorted.CollectMultipleMetrics.insert_size_histogram.pdf",
                "bwa/merged_library/picard_metrics/pdf/SPT5_T0_REP1.mLb.clN.sorted.CollectMultipleMetrics.quality_by_cycle.pdf",
                "bwa/merged_library/picard_metrics/pdf/SPT5_T0_REP1.mLb.clN.sorted.CollectMultipleMetrics.quality_distribution.pdf",
                "bwa/merged_library/picard_metrics/pdf/SPT5_T0_REP1.mLb.clN.sorted.CollectMultipleMetrics.read_length_histogram.pdf",
                "bwa/merged_library/picard_metrics/pdf/SPT5_T0_REP2.mLb.clN.sorted.CollectMultipleMetrics.base_distribution_by_cycle.pdf",
                "bwa/merged_library/picard_metrics/pdf/SPT5_T0_REP2.mLb.clN.sorted.CollectMultipleMetrics.insert_size_histogram.pdf",
                "bwa/merged_library/picard_metrics/pdf/SPT5_T0_REP2.mLb.clN.sorted.CollectMultipleMetrics.quality_by_cycle.pdf",
                "bwa/merged_library/picard_metrics/pdf/SPT5_T0_REP2.mLb.clN.sorted.CollectMultipleMetrics.quality_distribution.pdf",
                "bwa/merged_library/picard_metrics/pdf/SPT5_T0_REP2.mLb.clN.sorted.CollectMultipleMetrics.read_length_histogram.pdf",
                "bwa/merged_library/picard_metrics/pdf/SPT5_T15_REP1.mLb.clN.sorted.CollectMultipleMetrics.base_distribution_by_cycle.pdf",
                "bwa/merged_library/picard_metrics/pdf/SPT5_T15_REP1.mLb.clN.sorted.CollectMultipleMetrics.insert_size_histogram.pdf",
                "bwa/merged_library/picard_metrics/pdf/SPT5_T15_REP1.mLb.clN.sorted.CollectMultipleMetrics.quality_by_cycle.pdf",
                "bwa/merged_library/picard_metrics/pdf/SPT5_T15_REP1.mLb.clN.sorted.CollectMultipleMetrics.quality_distribution.pdf",
                "bwa/merged_library/picard_metrics/pdf/SPT5_T15_REP1.mLb.clN.sorted.CollectMultipleMetrics.read_length_histogram.pdf",
                "bwa/merged_library/picard_metrics/pdf/SPT5_T15_REP2.mLb.clN.sorted.CollectMultipleMetrics.base_distribution_by_cycle.pdf",
                "bwa/merged_library/picard_metrics/pdf/SPT5_T15_REP2.mLb.clN.sorted.CollectMultipleMetrics.insert_size_histogram.pdf",
                "bwa/merged_library/picard_metrics/pdf/SPT5_T15_REP2.mLb.clN.sorted.CollectMultipleMetrics.quality_by_cycle.pdf",
                "bwa/merged_library/picard_metrics/pdf/SPT5_T15_REP2.mLb.clN.sorted.CollectMultipleMetrics.quality_distribution.pdf",
                "bwa/merged_library/picard_metrics/pdf/SPT5_T15_REP2.mLb.clN.sorted.CollectMultipleMetrics.read_length_histogram.pdf",
                "bwa/merged_library/samtools_stats",
                "bwa/merged_library/samtools_stats/SPT5_INPUT_REP1.mLb.clN.sorted.bam.flagstat",
                "bwa/merged_library/samtools_stats/SPT5_INPUT_REP1.mLb.clN.sorted.bam.idxstats",
                "bwa/merged_library/samtools_stats/SPT5_INPUT_REP1.mLb.clN.sorted.bam.stats",
                "bwa/merged_library/samtools_stats/SPT5_INPUT_REP2.mLb.clN.sorted.bam.flagstat",
                "bwa/merged_library/samtools_stats/SPT5_INPUT_REP2.mLb.clN.sorted.bam.idxstats",
                "bwa/merged_library/samtools_stats/SPT5_INPUT_REP2.mLb.clN.sorted.bam.stats",
                "bwa/merged_library/samtools_stats/SPT5_T0_REP1.mLb.clN.sorted.bam.flagstat",
                "bwa/merged_library/samtools_stats/SPT5_T0_REP1.mLb.clN.sorted.bam.idxstats",
                "bwa/merged_library/samtools_stats/SPT5_T0_REP1.mLb.clN.sorted.bam.stats",
                "bwa/merged_library/samtools_stats/SPT5_T0_REP2.mLb.clN.sorted.bam.flagstat",
                "bwa/merged_library/samtools_stats/SPT5_T0_REP2.mLb.clN.sorted.bam.idxstats",
                "bwa/merged_library/samtools_stats/SPT5_T0_REP2.mLb.clN.sorted.bam.stats",
                "bwa/merged_library/samtools_stats/SPT5_T15_REP1.mLb.clN.sorted.bam.flagstat",
                "bwa/merged_library/samtools_stats/SPT5_T15_REP1.mLb.clN.sorted.bam.idxstats",
                "bwa/merged_library/samtools_stats/SPT5_T15_REP1.mLb.clN.sorted.bam.stats",
                "bwa/merged_library/samtools_stats/SPT5_T15_REP2.mLb.clN.sorted.bam.flagstat",
                "bwa/merged_library/samtools_stats/SPT5_T15_REP2.mLb.clN.sorted.bam.idxstats",
                "bwa/merged_library/samtools_stats/SPT5_T15_REP2.mLb.clN.sorted.bam.stats",
                "bwa/merged_replicate",
                "bwa/merged_replicate/SPT5_INPUT.mRp.clN.sorted.bam",
                "bwa/merged_replicate/SPT5_INPUT.mRp.clN.sorted.bam.bai",
                "bwa/merged_replicate/SPT5_T0.mRp.clN.sorted.bam",
                "bwa/merged_replicate/SPT5_T0.mRp.clN.sorted.bam.bai",
                "bwa/merged_replicate/SPT5_T15.mRp.clN.sorted.bam",
                "bwa/merged_replicate/SPT5_T15.mRp.clN.sorted.bam.bai",
                "bwa/merged_replicate/bigwig",
                "bwa/merged_replicate/bigwig/SPT5_INPUT.mRp.clN.bedGraph",
                "bwa/merged_replicate/bigwig/SPT5_INPUT.mRp.clN.bigWig",
                "bwa/merged_replicate/bigwig/SPT5_T0.mRp.clN.bedGraph",
                "bwa/merged_replicate/bigwig/SPT5_T0.mRp.clN.bigWig",
                "bwa/merged_replicate/bigwig/SPT5_T15.mRp.clN.bedGraph",
                "bwa/merged_replicate/bigwig/SPT5_T15.mRp.clN.bigWig",
                "bwa/merged_replicate/deepTools",
                "bwa/merged_replicate/deepTools/plotFingerprint",
                "bwa/merged_replicate/deepTools/plotFingerprint/SPT5_T0.mRp.clN.plotFingerprint.pdf",
                "bwa/merged_replicate/deepTools/plotFingerprint/SPT5_T0.mRp.clN.plotFingerprint.qcmetrics.txt",
                "bwa/merged_replicate/deepTools/plotFingerprint/SPT5_T0.mRp.clN.plotFingerprint.raw.txt",
                "bwa/merged_replicate/deepTools/plotFingerprint/SPT5_T15.mRp.clN.plotFingerprint.pdf",
                "bwa/merged_replicate/deepTools/plotFingerprint/SPT5_T15.mRp.clN.plotFingerprint.qcmetrics.txt",
                "bwa/merged_replicate/deepTools/plotFingerprint/SPT5_T15.mRp.clN.plotFingerprint.raw.txt",
                "bwa/merged_replicate/deepTools/plotProfile",
                "bwa/merged_replicate/deepTools/plotProfile/SPT5_INPUT.mRp.clN.computeMatrix.mat.gz",
                "bwa/merged_replicate/deepTools/plotProfile/SPT5_INPUT.mRp.clN.computeMatrix.vals.mat.tab",
                "bwa/merged_replicate/deepTools/plotProfile/SPT5_INPUT.mRp.clN.plotHeatmap.mat.tab",
                "bwa/merged_replicate/deepTools/plotProfile/SPT5_INPUT.mRp.clN.plotHeatmap.pdf",
                "bwa/merged_replicate/deepTools/plotProfile/SPT5_INPUT.mRp.clN.plotProfile.pdf",
                "bwa/merged_replicate/deepTools/plotProfile/SPT5_INPUT.mRp.clN.plotProfile.tab",
                "bwa/merged_replicate/deepTools/plotProfile/SPT5_T0.mRp.clN.computeMatrix.mat.gz",
                "bwa/merged_replicate/deepTools/plotProfile/SPT5_T0.mRp.clN.computeMatrix.vals.mat.tab",
                "bwa/merged_replicate/deepTools/plotProfile/SPT5_T0.mRp.clN.plotHeatmap.mat.tab",
                "bwa/merged_replicate/deepTools/plotProfile/SPT5_T0.mRp.clN.plotHeatmap.pdf",
                "bwa/merged_replicate/deepTools/plotProfile/SPT5_T0.mRp.clN.plotProfile.pdf",
                "bwa/merged_replicate/deepTools/plotProfile/SPT5_T0.mRp.clN.plotProfile.tab",
                "bwa/merged_replicate/deepTools/plotProfile/SPT5_T15.mRp.clN.computeMatrix.mat.gz",
                "bwa/merged_replicate/deepTools/plotProfile/SPT5_T15.mRp.clN.computeMatrix.vals.mat.tab",
                "bwa/merged_replicate/deepTools/plotProfile/SPT5_T15.mRp.clN.plotHeatmap.mat.tab",
                "bwa/merged_replicate/deepTools/plotProfile/SPT5_T15.mRp.clN.plotHeatmap.pdf",
                "bwa/merged_replicate/deepTools/plotProfile/SPT5_T15.mRp.clN.plotProfile.pdf",
                "bwa/merged_replicate/deepTools/plotProfile/SPT5_T15.mRp.clN.plotProfile.tab",
                "bwa/merged_replicate/macs3",
                "bwa/merged_replicate/macs3/broad_peak",
                "bwa/merged_replicate/macs3/broad_peak/SPT5_T0.mRp.clN_peaks.annotatePeaks.txt",
                "bwa/merged_replicate/macs3/broad_peak/SPT5_T0.mRp.clN_peaks.broadPeak",
                "bwa/merged_replicate/macs3/broad_peak/SPT5_T0.mRp.clN_peaks.gappedPeak",
                "bwa/merged_replicate/macs3/broad_peak/SPT5_T0.mRp.clN_peaks.xls",
                "bwa/merged_replicate/macs3/broad_peak/SPT5_T15.mRp.clN_peaks.annotatePeaks.txt",
                "bwa/merged_replicate/macs3/broad_peak/SPT5_T15.mRp.clN_peaks.broadPeak",
                "bwa/merged_replicate/macs3/broad_peak/SPT5_T15.mRp.clN_peaks.gappedPeak",
                "bwa/merged_replicate/macs3/broad_peak/SPT5_T15.mRp.clN_peaks.xls",
                "bwa/merged_replicate/macs3/broad_peak/consensus",
                "bwa/merged_replicate/macs3/broad_peak/consensus/SPT5",
                "bwa/merged_replicate/macs3/broad_peak/consensus/SPT5/SPT5.mRp.clN.annotatePeaks.txt",
                "bwa/merged_replicate/macs3/broad_peak/consensus/SPT5/SPT5.mRp.clN.antibody.txt",
                "bwa/merged_replicate/macs3/broad_peak/consensus/SPT5/SPT5.mRp.clN.bed",
                "bwa/merged_replicate/macs3/broad_peak/consensus/SPT5/SPT5.mRp.clN.boolean.annotatePeaks.txt",
                "bwa/merged_replicate/macs3/broad_peak/consensus/SPT5/SPT5.mRp.clN.boolean.intersect.plot.pdf",
                "bwa/merged_replicate/macs3/broad_peak/consensus/SPT5/SPT5.mRp.clN.boolean.intersect.txt",
                "bwa/merged_replicate/macs3/broad_peak/consensus/SPT5/SPT5.mRp.clN.boolean.txt",
                "bwa/merged_replicate/macs3/broad_peak/consensus/SPT5/SPT5.mRp.clN.featureCounts.txt",
                "bwa/merged_replicate/macs3/broad_peak/consensus/SPT5/SPT5.mRp.clN.featureCounts.txt.summary",
                "bwa/merged_replicate/macs3/broad_peak/consensus/SPT5/SPT5.mRp.clN.saf",
                "bwa/merged_replicate/macs3/broad_peak/consensus/SPT5/deseq2",
                "bwa/merged_replicate/macs3/broad_peak/consensus/SPT5/deseq2/R_sessionInfo.log",
                "bwa/merged_replicate/macs3/broad_peak/consensus/SPT5/deseq2/SPT5.mRp.clN.dds.RData",
                "bwa/merged_replicate/macs3/broad_peak/consensus/SPT5/deseq2/SPT5.mRp.clN.pca.vals.txt",
                "bwa/merged_replicate/macs3/broad_peak/consensus/SPT5/deseq2/SPT5.mRp.clN.pca.vals_mqc.tsv",
                "bwa/merged_replicate/macs3/broad_peak/consensus/SPT5/deseq2/SPT5.mRp.clN.plots.pdf",
                "bwa/merged_replicate/macs3/broad_peak/consensus/SPT5/deseq2/SPT5.mRp.clN.rds",
                "bwa/merged_replicate/macs3/broad_peak/consensus/SPT5/deseq2/SPT5.mRp.clN.sample.dists.txt",
                "bwa/merged_replicate/macs3/broad_peak/consensus/SPT5/deseq2/SPT5.mRp.clN.sample.dists_mqc.tsv",
                "bwa/merged_replicate/macs3/broad_peak/consensus/SPT5/deseq2/size_factors",
                "bwa/merged_replicate/macs3/broad_peak/consensus/SPT5/deseq2/size_factors/SPT5.mRp.clN.size_factors.RData",
                "bwa/merged_replicate/macs3/broad_peak/consensus/SPT5/deseq2/size_factors/SPT5_T0_REP1.txt",
                "bwa/merged_replicate/macs3/broad_peak/consensus/SPT5/deseq2/size_factors/SPT5_T0_REP2.txt",
                "bwa/merged_replicate/macs3/broad_peak/consensus/SPT5/deseq2/size_factors/SPT5_T15_REP1.txt",
                "bwa/merged_replicate/macs3/broad_peak/consensus/SPT5/deseq2/size_factors/SPT5_T15_REP2.txt",
                "bwa/merged_replicate/macs3/broad_peak/qc",
                "bwa/merged_replicate/macs3/broad_peak/qc/SPT5_T0.mRp.clN.FRiP_mqc.tsv",
                "bwa/merged_replicate/macs3/broad_peak/qc/SPT5_T0.mRp.clN.peak_count_mqc.tsv",
                "bwa/merged_replicate/macs3/broad_peak/qc/SPT5_T15.mRp.clN.FRiP_mqc.tsv",
                "bwa/merged_replicate/macs3/broad_peak/qc/SPT5_T15.mRp.clN.peak_count_mqc.tsv",
                "bwa/merged_replicate/macs3/broad_peak/qc/macs3_annotatePeaks.mRp.clN.plots.pdf",
                "bwa/merged_replicate/macs3/broad_peak/qc/macs3_annotatePeaks.mRp.clN.summary.txt",
                "bwa/merged_replicate/macs3/broad_peak/qc/macs3_annotatePeaks.mRp.clN.summary_mqc.tsv",
                "bwa/merged_replicate/macs3/broad_peak/qc/macs3_peak.mRp.clN.plots.pdf",
                "bwa/merged_replicate/macs3/broad_peak/qc/macs3_peak.mRp.clN.summary.txt",
                "bwa/merged_replicate/phantompeakqualtools",
                "bwa/merged_replicate/phantompeakqualtools/SPT5_INPUT.mRp.clN.spp.out",
                "bwa/merged_replicate/phantompeakqualtools/SPT5_INPUT.mRp.clN.spp.pdf",
                "bwa/merged_replicate/phantompeakqualtools/SPT5_INPUT.mRp.clN.spp_correlation_mqc.tsv",
                "bwa/merged_replicate/phantompeakqualtools/SPT5_INPUT.mRp.clN.spp_nsc_mqc.tsv",
                "bwa/merged_replicate/phantompeakqualtools/SPT5_INPUT.mRp.clN.spp_rsc_mqc.tsv",
                "bwa/merged_replicate/phantompeakqualtools/SPT5_T0.mRp.clN.spp.out",
                "bwa/merged_replicate/phantompeakqualtools/SPT5_T0.mRp.clN.spp.pdf",
                "bwa/merged_replicate/phantompeakqualtools/SPT5_T0.mRp.clN.spp_correlation_mqc.tsv",
                "bwa/merged_replicate/phantompeakqualtools/SPT5_T0.mRp.clN.spp_nsc_mqc.tsv",
                "bwa/merged_replicate/phantompeakqualtools/SPT5_T0.mRp.clN.spp_rsc_mqc.tsv",
                "bwa/merged_replicate/phantompeakqualtools/SPT5_T15.mRp.clN.spp.out",
                "bwa/merged_replicate/phantompeakqualtools/SPT5_T15.mRp.clN.spp.pdf",
                "bwa/merged_replicate/phantompeakqualtools/SPT5_T15.mRp.clN.spp_correlation_mqc.tsv",
                "bwa/merged_replicate/phantompeakqualtools/SPT5_T15.mRp.clN.spp_nsc_mqc.tsv",
                "bwa/merged_replicate/phantompeakqualtools/SPT5_T15.mRp.clN.spp_rsc_mqc.tsv",
                "bwa/merged_replicate/picard_metrics",
                "bwa/merged_replicate/picard_metrics/SPT5_INPUT.mRp.clN.sorted.CollectMultipleMetrics.alignment_summary_metrics",
                "bwa/merged_replicate/picard_metrics/SPT5_INPUT.mRp.clN.sorted.CollectMultipleMetrics.base_distribution_by_cycle_metrics",
                "bwa/merged_replicate/picard_metrics/SPT5_INPUT.mRp.clN.sorted.CollectMultipleMetrics.insert_size_metrics",
                "bwa/merged_replicate/picard_metrics/SPT5_INPUT.mRp.clN.sorted.CollectMultipleMetrics.quality_by_cycle_metrics",
                "bwa/merged_replicate/picard_metrics/SPT5_INPUT.mRp.clN.sorted.CollectMultipleMetrics.quality_distribution_metrics",
                "bwa/merged_replicate/picard_metrics/SPT5_INPUT.mRp.clN.sorted.MarkDuplicates.metrics.txt",
                "bwa/merged_replicate/picard_metrics/SPT5_T0.mRp.clN.sorted.CollectMultipleMetrics.alignment_summary_metrics",
                "bwa/merged_replicate/picard_metrics/SPT5_T0.mRp.clN.sorted.CollectMultipleMetrics.base_distribution_by_cycle_metrics",
                "bwa/merged_replicate/picard_metrics/SPT5_T0.mRp.clN.sorted.CollectMultipleMetrics.insert_size_metrics",
                "bwa/merged_replicate/picard_metrics/SPT5_T0.mRp.clN.sorted.CollectMultipleMetrics.quality_by_cycle_metrics",
                "bwa/merged_replicate/picard_metrics/SPT5_T0.mRp.clN.sorted.CollectMultipleMetrics.quality_distribution_metrics",
                "bwa/merged_replicate/picard_metrics/SPT5_T0.mRp.clN.sorted.MarkDuplicates.metrics.txt",
                "bwa/merged_replicate/picard_metrics/SPT5_T15.mRp.clN.sorted.CollectMultipleMetrics.alignment_summary_metrics",
                "bwa/merged_replicate/picard_metrics/SPT5_T15.mRp.clN.sorted.CollectMultipleMetrics.base_distribution_by_cycle_metrics",
                "bwa/merged_replicate/picard_metrics/SPT5_T15.mRp.clN.sorted.CollectMultipleMetrics.insert_size_metrics",
                "bwa/merged_replicate/picard_metrics/SPT5_T15.mRp.clN.sorted.CollectMultipleMetrics.quality_by_cycle_metrics",
                "bwa/merged_replicate/picard_metrics/SPT5_T15.mRp.clN.sorted.CollectMultipleMetrics.quality_distribution_metrics",
                "bwa/merged_replicate/picard_metrics/SPT5_T15.mRp.clN.sorted.MarkDuplicates.metrics.txt",
                "bwa/merged_replicate/picard_metrics/pdf",
                "bwa/merged_replicate/picard_metrics/pdf/SPT5_INPUT.mRp.clN.sorted.CollectMultipleMetrics.base_distribution_by_cycle.pdf",
                "bwa/merged_replicate/picard_metrics/pdf/SPT5_INPUT.mRp.clN.sorted.CollectMultipleMetrics.insert_size_histogram.pdf",
                "bwa/merged_replicate/picard_metrics/pdf/SPT5_INPUT.mRp.clN.sorted.CollectMultipleMetrics.quality_by_cycle.pdf",
                "bwa/merged_replicate/picard_metrics/pdf/SPT5_INPUT.mRp.clN.sorted.CollectMultipleMetrics.quality_distribution.pdf",
                "bwa/merged_replicate/picard_metrics/pdf/SPT5_INPUT.mRp.clN.sorted.CollectMultipleMetrics.read_length_histogram.pdf",
                "bwa/merged_replicate/picard_metrics/pdf/SPT5_T0.mRp.clN.sorted.CollectMultipleMetrics.base_distribution_by_cycle.pdf",
                "bwa/merged_replicate/picard_metrics/pdf/SPT5_T0.mRp.clN.sorted.CollectMultipleMetrics.insert_size_histogram.pdf",
                "bwa/merged_replicate/picard_metrics/pdf/SPT5_T0.mRp.clN.sorted.CollectMultipleMetrics.quality_by_cycle.pdf",
                "bwa/merged_replicate/picard_metrics/pdf/SPT5_T0.mRp.clN.sorted.CollectMultipleMetrics.quality_distribution.pdf",
                "bwa/merged_replicate/picard_metrics/pdf/SPT5_T0.mRp.clN.sorted.CollectMultipleMetrics.read_length_histogram.pdf",
                "bwa/merged_replicate/picard_metrics/pdf/SPT5_T15.mRp.clN.sorted.CollectMultipleMetrics.base_distribution_by_cycle.pdf",
                "bwa/merged_replicate/picard_metrics/pdf/SPT5_T15.mRp.clN.sorted.CollectMultipleMetrics.insert_size_histogram.pdf",
                "bwa/merged_replicate/picard_metrics/pdf/SPT5_T15.mRp.clN.sorted.CollectMultipleMetrics.quality_by_cycle.pdf",
                "bwa/merged_replicate/picard_metrics/pdf/SPT5_T15.mRp.clN.sorted.CollectMultipleMetrics.quality_distribution.pdf",
                "bwa/merged_replicate/picard_metrics/pdf/SPT5_T15.mRp.clN.sorted.CollectMultipleMetrics.read_length_histogram.pdf",
                "bwa/merged_replicate/samtools_stats",
                "bwa/merged_replicate/samtools_stats/SPT5_INPUT.mRp.clN.sorted.bam.flagstat",
                "bwa/merged_replicate/samtools_stats/SPT5_INPUT.mRp.clN.sorted.bam.idxstats",
                "bwa/merged_replicate/samtools_stats/SPT5_INPUT.mRp.clN.sorted.bam.stats",
                "bwa/merged_replicate/samtools_stats/SPT5_T0.mRp.clN.sorted.bam.flagstat",
                "bwa/merged_replicate/samtools_stats/SPT5_T0.mRp.clN.sorted.bam.idxstats",
                "bwa/merged_replicate/samtools_stats/SPT5_T0.mRp.clN.sorted.bam.stats",
                "bwa/merged_replicate/samtools_stats/SPT5_T15.mRp.clN.sorted.bam.flagstat",
                "bwa/merged_replicate/samtools_stats/SPT5_T15.mRp.clN.sorted.bam.idxstats",
                "bwa/merged_replicate/samtools_stats/SPT5_T15.mRp.clN.sorted.bam.stats",
                "fastqc",
                "fastqc/SPT5_INPUT_REP1_T1_1_fastqc.html",
                "fastqc/SPT5_INPUT_REP1_T1_2_fastqc.html",
                "fastqc/SPT5_INPUT_REP2_T1_1_fastqc.html",
                "fastqc/SPT5_INPUT_REP2_T1_2_fastqc.html",
                "fastqc/SPT5_T0_REP1_T1_1_fastqc.html",
                "fastqc/SPT5_T0_REP1_T1_2_fastqc.html",
                "fastqc/SPT5_T0_REP2_T1_1_fastqc.html",
                "fastqc/SPT5_T0_REP2_T1_2_fastqc.html",
                "fastqc/SPT5_T15_REP1_T1_1_fastqc.html",
                "fastqc/SPT5_T15_REP1_T1_2_fastqc.html",
                "fastqc/SPT5_T15_REP2_T1_1_fastqc.html",
                "fastqc/SPT5_T15_REP2_T1_2_fastqc.html",
                "fastqc/zips",
                "fastqc/zips/SPT5_INPUT_REP1_T1_1_fastqc.zip",
                "fastqc/zips/SPT5_INPUT_REP1_T1_2_fastqc.zip",
                "fastqc/zips/SPT5_INPUT_REP2_T1_1_fastqc.zip",
                "fastqc/zips/SPT5_INPUT_REP2_T1_2_fastqc.zip",
                "fastqc/zips/SPT5_T0_REP1_T1_1_fastqc.zip",
                "fastqc/zips/SPT5_T0_REP1_T1_2_fastqc.zip",
                "fastqc/zips/SPT5_T0_REP2_T1_1_fastqc.zip",
                "fastqc/zips/SPT5_T0_REP2_T1_2_fastqc.zip",
                "fastqc/zips/SPT5_T15_REP1_T1_1_fastqc.zip",
                "fastqc/zips/SPT5_T15_REP1_T1_2_fastqc.zip",
                "fastqc/zips/SPT5_T15_REP2_T1_1_fastqc.zip",
                "fastqc/zips/SPT5_T15_REP2_T1_2_fastqc.zip",
                "genome",
                "genome/genome.fa",
                "genome/genome.fa.fai",
                "genome/genome.fa.sizes",
                "igv",
                "igv/broad_peak",
                "igv/broad_peak/igv_files.txt",
                "igv/broad_peak/igv_session.xml",
                "multiqc",
                "multiqc/broad_peak",
                "multiqc/broad_peak/multiqc_data",
                "multiqc/broad_peak/multiqc_data/cutadapt_filtered_reads_plot.yaml",
                "multiqc/broad_peak/multiqc_data/cutadapt_trimmed_sequences_plot_3_Counts.yaml",
                "multiqc/broad_peak/multiqc_data/cutadapt_trimmed_sequences_plot_3_Obs_Exp.yaml",
                "multiqc/broad_peak/multiqc_data/deeptools_fingerprint_plot.yaml",
                "multiqc/broad_peak/multiqc_data/deeptools_plot_fingerprint_counts_mlib_deeptools.yaml",
                "multiqc/broad_peak/multiqc_data/deeptools_plot_fingerprint_counts_mrep_deeptools.yaml",
                "multiqc/broad_peak/multiqc_data/deeptools_plot_profile_mlib_deeptools.yaml",
                "multiqc/broad_peak/multiqc_data/deeptools_plot_profile_mrep_deeptools.yaml",
                "multiqc/broad_peak/multiqc_data/fastqc-1-status-check-heatmap.yaml",
                "multiqc/broad_peak/multiqc_data/fastqc-1_adapter_content_plot.yaml",
                "multiqc/broad_peak/multiqc_data/fastqc-1_per_base_n_content_plot.yaml",
                "multiqc/broad_peak/multiqc_data/fastqc-1_per_base_sequence_quality_plot.yaml",
                "multiqc/broad_peak/multiqc_data/fastqc-1_per_sequence_gc_content_plot_Counts.yaml",
                "multiqc/broad_peak/multiqc_data/fastqc-1_per_sequence_gc_content_plot_Percentages.yaml",
                "multiqc/broad_peak/multiqc_data/fastqc-1_per_sequence_quality_scores_plot.yaml",
                "multiqc/broad_peak/multiqc_data/fastqc-1_sequence_counts_plot.yaml",
                "multiqc/broad_peak/multiqc_data/fastqc-1_sequence_duplication_levels_plot.yaml",
                "multiqc/broad_peak/multiqc_data/fastqc-1_top_overrepresented_sequences_table.yaml",
                "multiqc/broad_peak/multiqc_data/fastqc-status-check-heatmap.yaml",
                "multiqc/broad_peak/multiqc_data/fastqc_adapter_content_plot.yaml",
                "multiqc/broad_peak/multiqc_data/fastqc_per_base_n_content_plot.yaml",
                "multiqc/broad_peak/multiqc_data/fastqc_per_base_sequence_quality_plot.yaml",
                "multiqc/broad_peak/multiqc_data/fastqc_per_sequence_gc_content_plot_Counts.yaml",
                "multiqc/broad_peak/multiqc_data/fastqc_per_sequence_gc_content_plot_Percentages.yaml",
                "multiqc/broad_peak/multiqc_data/fastqc_per_sequence_quality_scores_plot.yaml",
                "multiqc/broad_peak/multiqc_data/fastqc_sequence_counts_plot.yaml",
                "multiqc/broad_peak/multiqc_data/fastqc_sequence_duplication_levels_plot.yaml",
                "multiqc/broad_peak/multiqc_data/fastqc_sequence_length_distribution_plot.yaml",
                "multiqc/broad_peak/multiqc_data/fastqc_top_overrepresented_sequences_table.yaml",
                "multiqc/broad_peak/multiqc_data/featureCounts_assignment_plot.yaml",
                "multiqc/broad_peak/multiqc_data/mrep_picard_alignment_readlength_plot.yaml",
                "multiqc/broad_peak/multiqc_data/mrep_picard_alignment_summary_Aligned_Bases.yaml",
                "multiqc/broad_peak/multiqc_data/mrep_picard_alignment_summary_Aligned_Reads.yaml",
                "multiqc/broad_peak/multiqc_data/mrep_picard_deduplication.yaml",
                "multiqc/broad_peak/multiqc_data/mrep_picard_histogram_mrep_picard.yaml",
                "multiqc/broad_peak/multiqc_data/mrep_picard_histogram_mrep_picard_1.yaml",
                "multiqc/broad_peak/multiqc_data/mrep_picard_histogram_mrep_picard_2.yaml",
                "multiqc/broad_peak/multiqc_data/mrep_picard_insert_size_Counts.yaml",
                "multiqc/broad_peak/multiqc_data/mrep_picard_insert_size_Percentages.yaml",
                "multiqc/broad_peak/multiqc_data/mrep_picard_quality_by_cycle.yaml",
                "multiqc/broad_peak/multiqc_data/mrep_picard_quality_score_distribution.yaml",
                "multiqc/broad_peak/multiqc_data/multiqc.log",
                "multiqc/broad_peak/multiqc_data/multiqc_citations.yaml",
                "multiqc/broad_peak/multiqc_data/multiqc_cutadapt.yaml",
                "multiqc/broad_peak/multiqc_data/multiqc_data.json",
                "multiqc/broad_peak/multiqc_data/multiqc_fastqc.yaml",
                "multiqc/broad_peak/multiqc_data/multiqc_fastqc_1.yaml",
                "multiqc/broad_peak/multiqc_data/multiqc_featurecounts.yaml",
                "multiqc/broad_peak/multiqc_data/multiqc_mrep_picard_AlignmentSummaryMetrics_mrep_picard.yaml",
                "multiqc/broad_peak/multiqc_data/multiqc_mrep_picard_dups_mrep_picard.yaml",
                "multiqc/broad_peak/multiqc_data/multiqc_mrep_picard_insertSize_mrep_picard.yaml",
                "multiqc/broad_peak/multiqc_data/multiqc_mrep_picard_quality_by_cycle_mrep_picard.yaml",
                "multiqc/broad_peak/multiqc_data/multiqc_mrep_picard_quality_score_distribution_mrep_picard.yaml",
                "multiqc/broad_peak/multiqc_data/multiqc_phantompeakqualtools.yaml",
                "multiqc/broad_peak/multiqc_data/multiqc_picard-1_AlignmentSummaryMetrics.yaml",
                "multiqc/broad_peak/multiqc_data/multiqc_picard-1_insertSize.yaml",
                "multiqc/broad_peak/multiqc_data/multiqc_picard-1_quality_by_cycle.yaml",
                "multiqc/broad_peak/multiqc_data/multiqc_picard-1_quality_score_distribution.yaml",
                "multiqc/broad_peak/multiqc_data/multiqc_picard_baseContent.yaml",
                "multiqc/broad_peak/multiqc_data/multiqc_picard_baseContent_mrep_picard.yaml",
                "multiqc/broad_peak/multiqc_data/multiqc_picard_dups.yaml",
                "multiqc/broad_peak/multiqc_data/multiqc_samtools_flagstat.yaml",
                "multiqc/broad_peak/multiqc_data/multiqc_samtools_flagstat_1.yaml",
                "multiqc/broad_peak/multiqc_data/multiqc_samtools_flagstat_2.yaml",
                "multiqc/broad_peak/multiqc_data/multiqc_samtools_flagstat_3.yaml",
                "multiqc/broad_peak/multiqc_data/multiqc_samtools_idxstats.yaml",
                "multiqc/broad_peak/multiqc_data/multiqc_samtools_idxstats_1.yaml",
                "multiqc/broad_peak/multiqc_data/multiqc_samtools_idxstats_2.yaml",
                "multiqc/broad_peak/multiqc_data/multiqc_samtools_idxstats_3.yaml",
                "multiqc/broad_peak/multiqc_data/multiqc_samtools_stats.yaml",
                "multiqc/broad_peak/multiqc_data/multiqc_samtools_stats_1.yaml",
                "multiqc/broad_peak/multiqc_data/multiqc_samtools_stats_2.yaml",
                "multiqc/broad_peak/multiqc_data/multiqc_samtools_stats_3.yaml",
                "multiqc/broad_peak/multiqc_data/multiqc_software_versions.yaml",
                "multiqc/broad_peak/multiqc_data/multiqc_sources.yaml",
                "multiqc/broad_peak/multiqc_data/picard-1_alignment_readlength_plot.yaml",
                "multiqc/broad_peak/multiqc_data/picard-1_alignment_summary_Aligned_Bases.yaml",
                "multiqc/broad_peak/multiqc_data/picard-1_alignment_summary_Aligned_Reads.yaml",
                "multiqc/broad_peak/multiqc_data/picard-1_histogram.yaml",
                "multiqc/broad_peak/multiqc_data/picard-1_histogram_1.yaml",
                "multiqc/broad_peak/multiqc_data/picard-1_histogram_2.yaml",
                "multiqc/broad_peak/multiqc_data/picard-1_insert_size_Counts.yaml",
                "multiqc/broad_peak/multiqc_data/picard-1_insert_size_Percentages.yaml",
                "multiqc/broad_peak/multiqc_data/picard-1_quality_by_cycle.yaml",
                "multiqc/broad_peak/multiqc_data/picard-1_quality_score_distribution.yaml",
                "multiqc/broad_peak/multiqc_data/picard_base_distribution_by_cycle__Adenine-1.yaml",
                "multiqc/broad_peak/multiqc_data/picard_base_distribution_by_cycle__Adenine.yaml",
                "multiqc/broad_peak/multiqc_data/picard_base_distribution_by_cycle__Cytosine-1.yaml",
                "multiqc/broad_peak/multiqc_data/picard_base_distribution_by_cycle__Cytosine.yaml",
                "multiqc/broad_peak/multiqc_data/picard_base_distribution_by_cycle__Guanine-1.yaml",
                "multiqc/broad_peak/multiqc_data/picard_base_distribution_by_cycle__Guanine.yaml",
                "multiqc/broad_peak/multiqc_data/picard_base_distribution_by_cycle__Thymine-1.yaml",
                "multiqc/broad_peak/multiqc_data/picard_base_distribution_by_cycle__Thymine.yaml",
                "multiqc/broad_peak/multiqc_data/picard_base_distribution_by_cycle__Undetermined-1.yaml",
                "multiqc/broad_peak/multiqc_data/picard_base_distribution_by_cycle__Undetermined.yaml",
                "multiqc/broad_peak/multiqc_data/picard_deduplication.yaml",
                "multiqc/broad_peak/multiqc_data/picard_histogram.yaml",
                "multiqc/broad_peak/multiqc_data/picard_histogram_1.yaml",
                "multiqc/broad_peak/multiqc_data/picard_histogram_2.yaml",
                "multiqc/broad_peak/multiqc_data/read_distribution_profile.yaml",
                "multiqc/broad_peak/multiqc_data/samtools-flagstat-dp_Percentage_of_total-1.yaml",
                "multiqc/broad_peak/multiqc_data/samtools-flagstat-dp_Percentage_of_total-2.yaml",
                "multiqc/broad_peak/multiqc_data/samtools-flagstat-dp_Percentage_of_total-3.yaml",
                "multiqc/broad_peak/multiqc_data/samtools-flagstat-dp_Percentage_of_total.yaml",
                "multiqc/broad_peak/multiqc_data/samtools-flagstat-dp_Read_counts-1.yaml",
                "multiqc/broad_peak/multiqc_data/samtools-flagstat-dp_Read_counts-2.yaml",
                "multiqc/broad_peak/multiqc_data/samtools-flagstat-dp_Read_counts-3.yaml",
                "multiqc/broad_peak/multiqc_data/samtools-flagstat-dp_Read_counts.yaml",
                "multiqc/broad_peak/multiqc_data/samtools-idxstats-mapped-reads-plot_Normalised_Counts-1.yaml",
                "multiqc/broad_peak/multiqc_data/samtools-idxstats-mapped-reads-plot_Normalised_Counts-2.yaml",
                "multiqc/broad_peak/multiqc_data/samtools-idxstats-mapped-reads-plot_Normalised_Counts-3.yaml",
                "multiqc/broad_peak/multiqc_data/samtools-idxstats-mapped-reads-plot_Normalised_Counts.yaml",
                "multiqc/broad_peak/multiqc_data/samtools-idxstats-mapped-reads-plot_Observed_over_Expected_Counts-1.yaml",
                "multiqc/broad_peak/multiqc_data/samtools-idxstats-mapped-reads-plot_Observed_over_Expected_Counts-2.yaml",
                "multiqc/broad_peak/multiqc_data/samtools-idxstats-mapped-reads-plot_Observed_over_Expected_Counts-3.yaml",
                "multiqc/broad_peak/multiqc_data/samtools-idxstats-mapped-reads-plot_Observed_over_Expected_Counts.yaml",
                "multiqc/broad_peak/multiqc_data/samtools-idxstats-mapped-reads-plot_Raw_Counts-1.yaml",
                "multiqc/broad_peak/multiqc_data/samtools-idxstats-mapped-reads-plot_Raw_Counts-2.yaml",
                "multiqc/broad_peak/multiqc_data/samtools-idxstats-mapped-reads-plot_Raw_Counts-3.yaml",
                "multiqc/broad_peak/multiqc_data/samtools-idxstats-mapped-reads-plot_Raw_Counts.yaml",
                "multiqc/broad_peak/multiqc_data/samtools-stats-dp.yaml",
                "multiqc/broad_peak/multiqc_data/samtools_alignment_plot.yaml",
                "multiqc/broad_peak/multiqc_plots",
                "multiqc/broad_peak/multiqc_plots/pdf",
                "multiqc/broad_peak/multiqc_plots/png",
                "multiqc/broad_peak/multiqc_plots/svg",
                "multiqc/broad_peak/multiqc_report.html",
                "pipeline_info",
                "pipeline_info/nf_core_chipseq_software_mqc_versions.yml",
                "pipeline_info/samplesheet.valid.csv",
                "trimgalore",
                "trimgalore/fastqc",
                "trimgalore/fastqc/SPT5_INPUT_REP1_T1_1_val_1_fastqc.html",
                "trimgalore/fastqc/SPT5_INPUT_REP1_T1_2_val_2_fastqc.html",
                "trimgalore/fastqc/SPT5_INPUT_REP2_T1_1_val_1_fastqc.html",
                "trimgalore/fastqc/SPT5_INPUT_REP2_T1_2_val_2_fastqc.html",
                "trimgalore/fastqc/SPT5_T0_REP1_T1_1_val_1_fastqc.html",
                "trimgalore/fastqc/SPT5_T0_REP1_T1_2_val_2_fastqc.html",
                "trimgalore/fastqc/SPT5_T0_REP2_T1_1_val_1_fastqc.html",
                "trimgalore/fastqc/SPT5_T0_REP2_T1_2_val_2_fastqc.html",
                "trimgalore/fastqc/SPT5_T15_REP1_T1_1_val_1_fastqc.html",
                "trimgalore/fastqc/SPT5_T15_REP1_T1_2_val_2_fastqc.html",
                "trimgalore/fastqc/SPT5_T15_REP2_T1_1_val_1_fastqc.html",
                "trimgalore/fastqc/SPT5_T15_REP2_T1_2_val_2_fastqc.html",
                "trimgalore/fastqc/zips",
                "trimgalore/fastqc/zips/SPT5_INPUT_REP1_T1_1_val_1_fastqc.zip",
                "trimgalore/fastqc/zips/SPT5_INPUT_REP1_T1_2_val_2_fastqc.zip",
                "trimgalore/fastqc/zips/SPT5_INPUT_REP2_T1_1_val_1_fastqc.zip",
                "trimgalore/fastqc/zips/SPT5_INPUT_REP2_T1_2_val_2_fastqc.zip",
                "trimgalore/fastqc/zips/SPT5_T0_REP1_T1_1_val_1_fastqc.zip",
                "trimgalore/fastqc/zips/SPT5_T0_REP1_T1_2_val_2_fastqc.zip",
                "trimgalore/fastqc/zips/SPT5_T0_REP2_T1_1_val_1_fastqc.zip",
                "trimgalore/fastqc/zips/SPT5_T0_REP2_T1_2_val_2_fastqc.zip",
                "trimgalore/fastqc/zips/SPT5_T15_REP1_T1_1_val_1_fastqc.zip",
                "trimgalore/fastqc/zips/SPT5_T15_REP1_T1_2_val_2_fastqc.zip",
                "trimgalore/fastqc/zips/SPT5_T15_REP2_T1_1_val_1_fastqc.zip",
                "trimgalore/fastqc/zips/SPT5_T15_REP2_T1_2_val_2_fastqc.zip",
                "trimgalore/logs",
                "trimgalore/logs/SPT5_INPUT_REP1_T1_1.fastq.gz_trimming_report.txt",
                "trimgalore/logs/SPT5_INPUT_REP1_T1_2.fastq.gz_trimming_report.txt",
                "trimgalore/logs/SPT5_INPUT_REP2_T1_1.fastq.gz_trimming_report.txt",
                "trimgalore/logs/SPT5_INPUT_REP2_T1_2.fastq.gz_trimming_report.txt",
                "trimgalore/logs/SPT5_T0_REP1_T1_1.fastq.gz_trimming_report.txt",
                "trimgalore/logs/SPT5_T0_REP1_T1_2.fastq.gz_trimming_report.txt",
                "trimgalore/logs/SPT5_T0_REP2_T1_1.fastq.gz_trimming_report.txt",
                "trimgalore/logs/SPT5_T0_REP2_T1_2.fastq.gz_trimming_report.txt",
                "trimgalore/logs/SPT5_T15_REP1_T1_1.fastq.gz_trimming_report.txt",
                "trimgalore/logs/SPT5_T15_REP1_T1_2.fastq.gz_trimming_report.txt",
                "trimgalore/logs/SPT5_T15_REP2_T1_1.fastq.gz_trimming_report.txt",
                "trimgalore/logs/SPT5_T15_REP2_T1_2.fastq.gz_trimming_report.txt"
            ],
            [
                "SPT5_INPUT_REP1.mLB.clN.bedGraph:md5,0a93a9e9e1c5c89f62050e0a2c12ca31",
                "SPT5_INPUT_REP2.mLB.clN.bedGraph:md5,729d6cd9bd4e7a1e8ffc2f1cadc6483e",
                "SPT5_T0_REP1.mLB.clN.bedGraph:md5,7d6d55a647a218f65b2b1653ba4b930d",
                "SPT5_T0_REP2.mLB.clN.bedGraph:md5,b6d1bb76e3dcb321d010762ca8046fa6",
                "SPT5_T15_REP1.mLB.clN.bedGraph:md5,2e0f7340ba33729e7a46f75965168481",
                "SPT5_T15_REP2.mLB.clN.bedGraph:md5,a013dd85f9fdbd134b51058260bf7941",
                "SPT5_T0_REP1_peaks.broadPeak:md5,0574cd91ce590e3be41c9057c6d4ea25",
                "SPT5_T0_REP1_peaks.gappedPeak:md5,2bdcae70056c6e548b6f50cf1d07ce99",
                "SPT5_T0_REP1_peaks.xls:md5,a699ecfb41e888e89d427979a97243f8",
                "SPT5_T0_REP2_peaks.broadPeak:md5,890430bbefd9dd9f4f575f7065ea8dec",
                "SPT5_T0_REP2_peaks.gappedPeak:md5,52a63b465e877b4ad92664b6e7aeb373",
                "SPT5_T0_REP2_peaks.xls:md5,751fc83d323657de6500ebca9ff68df4",
                "SPT5_T15_REP1_peaks.broadPeak:md5,1032063d2c5f446d37f4b5b0ceb7d23c",
                "SPT5_T15_REP1_peaks.gappedPeak:md5,e0fd0794a4109690f9c6c53838d8759d",
                "SPT5_T15_REP1_peaks.xls:md5,67baf0d7aecb6a56f52e39de86f0bd39",
                "SPT5_T15_REP2_peaks.broadPeak:md5,f4c23f9980599a7284946d405edbd42d",
                "SPT5_T15_REP2_peaks.gappedPeak:md5,d0dc7e8cb5b398b8193ff9a459dae045",
                "SPT5_T15_REP2_peaks.xls:md5,9a6678f14c4efdcb299e6ba6149c22ed",
                "SPT5.consensus_peaks.antibody.txt:md5,8d7549b0cb2e42ffd5c23879e7f54ce9",
                "SPT5.consensus_peaks.bed:md5,aab979f03ad217943d5ca0e9d76ebcae",
                "SPT5.consensus_peaks.boolean.intersect.txt:md5,226d673c3f7aa84f7b5e09424837a44f",
                "SPT5.consensus_peaks.boolean.txt:md5,0d244d8d163cb500d4a63d5d65efeb1d",
                "SPT5.consensus_peaks.saf:md5,c9d5066e8762c26a60826588ebfb5cb3",
                "R_sessionInfo.log:md5,db7fe6dbb6fda028b710b2e2be8c32ba",
                "SPT5_T0_REP1.txt:md5,03739eadb08c6b4844244bbd723b494d",
                "SPT5_T0_REP2.txt:md5,4759e68dd7990b84832b51e748193c53",
                "SPT5_T15_REP1.txt:md5,3343882841ef91a5dc97d1e9570a0049",
                "SPT5_T15_REP2.txt:md5,eeabed0e3d11e89b3b71e4ecc2c60059",
                "SPT5_T0_REP1.FRiP_mqc.tsv:md5,960375235003a715f078f7a3452755b9",
                "SPT5_T0_REP1.peak_count_mqc.tsv:md5,2fab86d1b299fea85433bab308826e0f",
                "SPT5_T0_REP2.FRiP_mqc.tsv:md5,60eb3da5c0d0ff3f2c12743a2c53f733",
                "SPT5_T0_REP2.peak_count_mqc.tsv:md5,67973b6f2ff0705f4e4d555ce480c165",
                "SPT5_T15_REP1.FRiP_mqc.tsv:md5,c5f27cc6cf2e85e2caa4e64b92fcaf01",
                "SPT5_T15_REP1.peak_count_mqc.tsv:md5,103060697b2d03c6f156f977bc696a5b",
                "SPT5_T15_REP2.FRiP_mqc.tsv:md5,688448cf3d6db97e18a1501cf1a9d123",
                "SPT5_T15_REP2.peak_count_mqc.tsv:md5,afe8d43e4bd595d37dd59d907cc3a826",
                "SPT5_INPUT_REP1.mLb.clN.sorted.bam.flagstat:md5,f697eae4421b77f0c98467563e12a7aa",
                "SPT5_INPUT_REP1.mLb.clN.sorted.bam.idxstats:md5,5aa769ef078f2da2c3891d77bf1398a1",
                "SPT5_INPUT_REP1.mLb.clN.sorted.bam.stats:md5,d7eb8aaca827fbed771d827c2fe7aac0",
                "SPT5_INPUT_REP2.mLb.clN.sorted.bam.flagstat:md5,4011eb87948fd763dbeb9c239a040d35",
                "SPT5_INPUT_REP2.mLb.clN.sorted.bam.idxstats:md5,d4c3b764672c816b04e4e9c3280f3084",
                "SPT5_INPUT_REP2.mLb.clN.sorted.bam.stats:md5,62eb727feb10989367bbdd69c122d748",
                "SPT5_T0_REP1.mLb.clN.sorted.bam.flagstat:md5,4963bec61844874ee582de6ffb1de3db",
                "SPT5_T0_REP1.mLb.clN.sorted.bam.idxstats:md5,ed9564b379671bf1a8ca192277da210e",
                "SPT5_T0_REP1.mLb.clN.sorted.bam.stats:md5,f8f94fa43c681c5a190700ce9c397b89",
                "SPT5_T0_REP2.mLb.clN.sorted.bam.flagstat:md5,893e8291999322c789d85aefb8b0cfa7",
                "SPT5_T0_REP2.mLb.clN.sorted.bam.idxstats:md5,c5f613c58e4ed7717b7350cbd27bd6dc",
                "SPT5_T0_REP2.mLb.clN.sorted.bam.stats:md5,3ba6d3a4ed35ff91a372c01761046e8d",
                "SPT5_T15_REP1.mLb.clN.sorted.bam.flagstat:md5,1a585d233af6d14ae233391ddf0e5ce1",
                "SPT5_T15_REP1.mLb.clN.sorted.bam.idxstats:md5,9be87f81da2b2f21d3750aaf31eee8b7",
                "SPT5_T15_REP1.mLb.clN.sorted.bam.stats:md5,e33c23d9a868832a89432916f8352e02",
                "SPT5_T15_REP2.mLb.clN.sorted.bam.flagstat:md5,0f28a70d15ed2500bd27e857a0027a4c",
                "SPT5_T15_REP2.mLb.clN.sorted.bam.idxstats:md5,53730b0be4c786651b2c59cc0c1de186",
                "SPT5_T15_REP2.mLb.clN.sorted.bam.stats:md5,9c3bb96870dc138eb9fb51c1a4695ce2",
                "SPT5_INPUT.mRp.clN.bedGraph:md5,70e4303710ad1c9648a58a5c0ed4104b",
                "SPT5_T0.mRp.clN.bedGraph:md5,1135a10bfe332807e2a7bc03a64f14ea",
                "SPT5_T15.mRp.clN.bedGraph:md5,93b4ed3104a892e8324838b9225790ca",
                "SPT5_T0.mRp.clN_peaks.broadPeak:md5,377b1493429630af42681393f7cbd73b",
                "SPT5_T0.mRp.clN_peaks.gappedPeak:md5,236eb0dad730a8046599076ee245fa80",
                "SPT5_T0.mRp.clN_peaks.xls:md5,35d7a036dc4ad6e273a2d6d5832258c2",
                "SPT5_T15.mRp.clN_peaks.broadPeak:md5,4e11cc3ff9e8ac83d56c6774110de52c",
                "SPT5_T15.mRp.clN_peaks.gappedPeak:md5,84304275980457a662e7508b4b708a3e",
                "SPT5_T15.mRp.clN_peaks.xls:md5,f8948cf13580246fcde06c4a794d313d",
                "SPT5.mRp.clN.antibody.txt:md5,c69d87188194f59e4b44d9719049857a",
                "SPT5.mRp.clN.bed:md5,3f7dc5fb063623d12e202363ba980081",
                "SPT5.mRp.clN.boolean.intersect.txt:md5,549267b528f5170299a5cd4d17c52636",
                "SPT5.mRp.clN.boolean.txt:md5,13675e6686eed936ad3fd3d90c9b49d0",
                "SPT5.mRp.clN.saf:md5,d08d74e6524a627174f2a9538a08555b",
                "R_sessionInfo.log:md5,db7fe6dbb6fda028b710b2e2be8c32ba",
                "SPT5_T0_REP1.txt:md5,d83c3223266cb92221ebbb51b8fb3b1f",
                "SPT5_T0_REP2.txt:md5,fad5f0321755683bfa151489fd432a1e",
                "SPT5_T15_REP1.txt:md5,dad947d26f6be2aab949ab1fca0d4216",
                "SPT5_T15_REP2.txt:md5,d708bf8ab11b8eeb7aea9d1c66f7780a",
                "SPT5_T0.mRp.clN.FRiP_mqc.tsv:md5,1e95e88327186975b5df20f3c14ca9ef",
                "SPT5_T0.mRp.clN.peak_count_mqc.tsv:md5,d27bda6db2f7b0b2fd6eeca18f70a491",
                "SPT5_T15.mRp.clN.FRiP_mqc.tsv:md5,0708d9ee4494f8dd466118ce83692628",
                "SPT5_T15.mRp.clN.peak_count_mqc.tsv:md5,56ad46b534c7e4be8653b5967a7f4a58",
                "SPT5_INPUT.mRp.clN.sorted.bam.flagstat:md5,0c6e56944b10dbc1ab0095269fcc5e88",
                "SPT5_INPUT.mRp.clN.sorted.bam.idxstats:md5,a54db0b73e2e00ddfccfc788aa0a4f10",
                "SPT5_INPUT.mRp.clN.sorted.bam.stats:md5,6badf5c089a4217550f39facd71d9a83",
                "SPT5_T0.mRp.clN.sorted.bam.flagstat:md5,74367183995d49dee5bd13f9053df95a",
                "SPT5_T0.mRp.clN.sorted.bam.idxstats:md5,a49199861cb57712a9d6c13444c3664d",
                "SPT5_T0.mRp.clN.sorted.bam.stats:md5,0ab20f53ddeac71cc3016131c80045cb",
                "SPT5_T15.mRp.clN.sorted.bam.flagstat:md5,a853e48930d0885853e6222997bcd6b8",
                "SPT5_T15.mRp.clN.sorted.bam.idxstats:md5,893d65b9a97a164319fe7ad7df70f1b2",
                "SPT5_T15.mRp.clN.sorted.bam.stats:md5,5df94014bc25708b6ebac994c79f76f7",
                "genome.fa:md5,4bad9f4b18056156a81f7f952abbe125",
                "genome.fa.fai:md5,6f4c0ce5258e6948135ad006e1f9ee1b",
                "genome.fa.sizes:md5,e122f8021a5ef14104c32785cb9b7adc",
                "cutadapt_filtered_reads_plot.yaml:md5,976fdb8049d847c977195863418e3655",
                "cutadapt_trimmed_sequences_plot_3_Counts.yaml:md5,e6733f4ff773a27d0ab81564913b4b54",
                "cutadapt_trimmed_sequences_plot_3_Obs_Exp.yaml:md5,9ffcfe37c02af14b8eddd4746066e56a",
                "fastqc-1-status-check-heatmap.yaml:md5,6c6e1591b5ff248c85446f9728a3dad4",
                "fastqc-1_adapter_content_plot.yaml:md5,d78273a7e4ff36434bb91246fef01523",
                "fastqc-1_per_base_n_content_plot.yaml:md5,3625446964b669ccff279aba54510462",
                "fastqc-1_per_base_sequence_quality_plot.yaml:md5,1fb4d35d6b94fc4f41d5be1304844b95",
                "fastqc-1_per_sequence_gc_content_plot_Counts.yaml:md5,101f11f9cebcc626755f32322b27ebd3",
                "fastqc-1_per_sequence_gc_content_plot_Percentages.yaml:md5,0055f4bbded45434618259f47fe5fe85",
                "fastqc-1_per_sequence_quality_scores_plot.yaml:md5,eed2628303916e49143ccf37300fb5de",
                "fastqc-1_sequence_counts_plot.yaml:md5,6ca3a8cf8d258777e29b8e8731157d90",
                "fastqc-1_sequence_duplication_levels_plot.yaml:md5,3e3622b7dd80be1db92ac06df8e3d056",
                "fastqc-1_top_overrepresented_sequences_table.yaml:md5,a333a02f5313876cf1713d7b0168d5f3",
                "fastqc-status-check-heatmap.yaml:md5,1e473e0f9140b718607d8c72cf3c0b45",
                "fastqc_adapter_content_plot.yaml:md5,591991daf3e3c49873f4a51a3710b072",
                "fastqc_per_base_n_content_plot.yaml:md5,c16a4af177b9ad9694a9535023906927",
                "fastqc_per_base_sequence_quality_plot.yaml:md5,20fc07ce2bc8e369d5fdd18afc6e60e9",
                "fastqc_per_sequence_gc_content_plot_Counts.yaml:md5,ab233171fb8fd4e717886b01868ebcf2",
                "fastqc_per_sequence_gc_content_plot_Percentages.yaml:md5,db29d683777cc0742585d1c48e712bd3",
                "fastqc_per_sequence_quality_scores_plot.yaml:md5,351b55974af5ee21294ebf5deb850d7c",
                "fastqc_sequence_counts_plot.yaml:md5,5522b2b42f0b3753dd359aad1565d7c2",
                "fastqc_sequence_duplication_levels_plot.yaml:md5,e883323380f2880c81ea36dc91ad8678",
                "fastqc_sequence_length_distribution_plot.yaml:md5,d57678f16381986766d56b631c838106",
                "fastqc_top_overrepresented_sequences_table.yaml:md5,443e161371f73cebf63c14f7a9f3580d",
                "featureCounts_assignment_plot.yaml:md5,b05f42064b1478acb39577fa8791aeee",
                "mrep_picard_alignment_readlength_plot.yaml:md5,2cea7745a48b7dc9f471a2b7a730be4d",
                "mrep_picard_alignment_summary_Aligned_Bases.yaml:md5,94c752a34535db0ee29cac5f9d199f0f",
                "mrep_picard_alignment_summary_Aligned_Reads.yaml:md5,901a195ed1a2343467e328905a908311",
                "mrep_picard_deduplication.yaml:md5,c5a76f2cfbbb6da66c8f9693d34cc250",
                "mrep_picard_histogram_mrep_picard.yaml:md5,8a80554c91d9fca8acb82f023de02f11",
                "mrep_picard_histogram_mrep_picard_1.yaml:md5,3db39929d3dc85c16f37413fb12ec2dc",
                "mrep_picard_histogram_mrep_picard_2.yaml:md5,a21a55ec42d502313248a3d3d946f1cc",
                "mrep_picard_insert_size_Counts.yaml:md5,18e754fa987e73593db11c4fb97fdc1c",
                "mrep_picard_insert_size_Percentages.yaml:md5,b1096924707c3429680be5b01c311e00",
                "mrep_picard_quality_by_cycle.yaml:md5,72836f52fc49ca6200d23e1eb944eab6",
                "mrep_picard_quality_score_distribution.yaml:md5,8e063904622d5206b7a7b7fe91827e15",
                "multiqc_citations.yaml:md5,fca5dc7cb20162434c714d26b11161f3",
                "multiqc_cutadapt.yaml:md5,d2e663f5d8770caa6056e2bd425d7159",
                "multiqc_fastqc.yaml:md5,30fe6d1a5e5c04695dda81294b828ec9",
                "multiqc_fastqc_1.yaml:md5,cd4a85c27c3cf85f1d0612afce793186",
                "multiqc_featurecounts.yaml:md5,614569df47d881ebb2ed987db2f06aaa",
                "multiqc_mrep_picard_AlignmentSummaryMetrics_mrep_picard.yaml:md5,da2f71e7cd3aafbca8764cb5846d3cc6",
                "multiqc_mrep_picard_dups_mrep_picard.yaml:md5,fd222c60a7681dd6710b5b207a81dda2",
                "multiqc_mrep_picard_insertSize_mrep_picard.yaml:md5,58dc6b3cbf51b1d617e9b988649e2f0a",
                "multiqc_mrep_picard_quality_by_cycle_mrep_picard.yaml:md5,3db39929d3dc85c16f37413fb12ec2dc",
                "multiqc_mrep_picard_quality_score_distribution_mrep_picard.yaml:md5,a21a55ec42d502313248a3d3d946f1cc",
                "multiqc_phantompeakqualtools.yaml:md5,92136dcf3092394d0a5de799566fa87b",
                "multiqc_picard-1_AlignmentSummaryMetrics.yaml:md5,3127f1885c9d22281d5e853478833a70",
                "multiqc_picard-1_insertSize.yaml:md5,43486e24b88a3712442e891968bd2ce0",
                "multiqc_picard-1_quality_by_cycle.yaml:md5,e3132d7e118d112e819c781db8b68f23",
                "multiqc_picard-1_quality_score_distribution.yaml:md5,ae43cc721ebb096df6dc36c2b077c288",
                "multiqc_picard_baseContent.yaml:md5,01c7596a92f3884c4972c987745c96ec",
                "multiqc_picard_baseContent_mrep_picard.yaml:md5,ba69228f8e60025f7e08cac672d03034",
                "multiqc_picard_dups.yaml:md5,9bf99a105d35807fc4645086d72998e0",
                "multiqc_samtools_flagstat.yaml:md5,f1f82442834faeea1e3393b91faa3f38",
                "multiqc_samtools_flagstat_1.yaml:md5,7ae591bb360acba0858ccc9177245a44",
                "multiqc_samtools_flagstat_2.yaml:md5,89c5fd1d7975ad6bfe9dbbeefcaa2a4b",
                "multiqc_samtools_flagstat_3.yaml:md5,14d9d9cef9f7accbf300a15a1562b75a",
                "multiqc_samtools_idxstats.yaml:md5,48c253ff301403f97b6973603784b25a",
                "multiqc_samtools_idxstats_1.yaml:md5,684841cb92622bdd9aebfcc6e08aa03f",
                "multiqc_samtools_idxstats_2.yaml:md5,f81be62ac233142a9923a8d724c99802",
                "multiqc_samtools_idxstats_3.yaml:md5,0415e63d1c9bfcc9f64d02a6f23b3951",
                "multiqc_samtools_stats.yaml:md5,c41897e38f71bd1d4949d2ba1fc6b334",
                "multiqc_samtools_stats_1.yaml:md5,2881948249c716c1d522edc0107abae7",
                "multiqc_samtools_stats_2.yaml:md5,d43fdbfb7d1760f49c6dc7818bdb6243",
                "multiqc_samtools_stats_3.yaml:md5,316121012bfa765fe7a82774c68928d7",
                "picard-1_alignment_readlength_plot.yaml:md5,3edd8c54cbfad9c32847a94ba80008e3",
                "picard-1_alignment_summary_Aligned_Bases.yaml:md5,9477ebe92f7bf9a1b667aff6f9efe845",
                "picard-1_alignment_summary_Aligned_Reads.yaml:md5,9d19a860ec8c799d7b229b47c76d383c",
                "picard-1_histogram.yaml:md5,8a80554c91d9fca8acb82f023de02f11",
                "picard-1_histogram_1.yaml:md5,e3132d7e118d112e819c781db8b68f23",
                "picard-1_histogram_2.yaml:md5,ae43cc721ebb096df6dc36c2b077c288",
                "picard-1_insert_size_Counts.yaml:md5,653f4829a5e9a98bbb21b2fba99ad672",
                "picard-1_insert_size_Percentages.yaml:md5,364de79ac1c04ba383d66b7a1d71541d",
                "picard-1_quality_by_cycle.yaml:md5,04479bcef32a5ea65ce55f6772373c60",
                "picard-1_quality_score_distribution.yaml:md5,6bdb95104cc7ea521d2db72896da9272",
                "picard_base_distribution_by_cycle__Adenine-1.yaml:md5,bdb94483e75a16ea4049988ebcb24aaa",
                "picard_base_distribution_by_cycle__Adenine.yaml:md5,1452490858309fc8dd9f308045790a8b",
                "picard_base_distribution_by_cycle__Cytosine-1.yaml:md5,7d47536656f74bfe69341f8abe8774a9",
                "picard_base_distribution_by_cycle__Cytosine.yaml:md5,a88f7594290117503637336e33629751",
                "picard_base_distribution_by_cycle__Guanine-1.yaml:md5,7b24b90b37981a5c1ddf5bb53085426e",
                "picard_base_distribution_by_cycle__Guanine.yaml:md5,b0f4ecff965c1da1eda2dfa80b0723f7",
                "picard_base_distribution_by_cycle__Thymine-1.yaml:md5,c2f9c111747d04199ea96513c3a27288",
                "picard_base_distribution_by_cycle__Thymine.yaml:md5,bff14a87ef525cce731dbe42bf463ea8",
                "picard_base_distribution_by_cycle__Undetermined-1.yaml:md5,a21ee05fb5b2a7a17e394b382b483e6b",
                "picard_base_distribution_by_cycle__Undetermined.yaml:md5,7772113ed25a6d2951a4e6100c30932b",
                "picard_deduplication.yaml:md5,c5d69579294e7592e5e28277e01c278e",
                "picard_histogram.yaml:md5,8a80554c91d9fca8acb82f023de02f11",
                "picard_histogram_1.yaml:md5,8a80554c91d9fca8acb82f023de02f11",
                "picard_histogram_2.yaml:md5,8a80554c91d9fca8acb82f023de02f11",
                "samtools-flagstat-dp_Percentage_of_total-1.yaml:md5,09bb5ef391631b8845e3f3fe212f8048",
                "samtools-flagstat-dp_Percentage_of_total-2.yaml:md5,96d661539b95863c30e181e5b64e46ca",
                "samtools-flagstat-dp_Percentage_of_total-3.yaml:md5,97e5e84ffeb2177165b72fb608df9302",
                "samtools-flagstat-dp_Percentage_of_total.yaml:md5,cc9d1b338f526d4bab4bfa867c5dcd21",
                "samtools-flagstat-dp_Read_counts-1.yaml:md5,ca690a967e8e0f699d27f38e864e2fce",
                "samtools-flagstat-dp_Read_counts-2.yaml:md5,46debe080c753b6ba45501ea268e5d95",
                "samtools-flagstat-dp_Read_counts-3.yaml:md5,8a223bf59151a5c5fbda9a6553e54718",
                "samtools-flagstat-dp_Read_counts.yaml:md5,2a3cbb23287d2123c29cfa1a3454a72a",
                "samtools-idxstats-mapped-reads-plot_Normalised_Counts-1.yaml:md5,ac2602eede7202f9c0348760eb0b8bb6",
                "samtools-idxstats-mapped-reads-plot_Normalised_Counts-2.yaml:md5,b1fe44cbd1cda8d4727a232c8c8bd513",
                "samtools-idxstats-mapped-reads-plot_Normalised_Counts-3.yaml:md5,013304751bbd53f8cb486153549e23cd",
                "samtools-idxstats-mapped-reads-plot_Normalised_Counts.yaml:md5,ac1c7fc1c35a6719c962993d9bf5471e",
                "samtools-idxstats-mapped-reads-plot_Observed_over_Expected_Counts-1.yaml:md5,80c5b4f9cc0400799be48ef05aa6c410",
                "samtools-idxstats-mapped-reads-plot_Observed_over_Expected_Counts-2.yaml:md5,62d984dcdceba150863dd1e72c93f245",
                "samtools-idxstats-mapped-reads-plot_Observed_over_Expected_Counts-3.yaml:md5,2d9bdf25773a93f4f3b60f0ef780ad60",
                "samtools-idxstats-mapped-reads-plot_Observed_over_Expected_Counts.yaml:md5,989f82110113d8855a3f0cfa996cbdc6",
                "samtools-idxstats-mapped-reads-plot_Raw_Counts-1.yaml:md5,94ddd17f7b9d15e547be9294e872e193",
                "samtools-idxstats-mapped-reads-plot_Raw_Counts-2.yaml:md5,b8204d3b4480d3e9eec09d1289e52637",
                "samtools-idxstats-mapped-reads-plot_Raw_Counts-3.yaml:md5,611ed0a23c16d7eb2c71358b7de41a2c",
                "samtools-idxstats-mapped-reads-plot_Raw_Counts.yaml:md5,c944d25812a73c4ce9de9834943e6732",
                "samtools-stats-dp.yaml:md5,62aa745a8e2a5ef5af0693052752d772",
                "samtools_alignment_plot.yaml:md5,471e90ace2551aeb23cb5bc09f1a40ec",
                "samplesheet.valid.csv:md5,276425084544b3baf533e2f17207a384"
            ]
        ],
        "meta": {
            "nf-test": "0.9.3",
            "nextflow": "25.10.0"
        },
        "timestamp": "2026-08-28T23:47:54.710013554"
    }
}